<html>
<body>
<pre>
<h1>µVision Build Log</h1>
<h2>Project:</h2>
D:\WorkFile\1-JDY-Test\soft\WorkSoft\JDY-TESTER\Project\JDY-TESETER\RVMDK\JDY-TESETER.uvproj
Project File Date:  10/04/2023

<h2>Output:</h2>
Rebuild target 'BAT5K-HOST'
assembling startup_stm32f10x_cl.s...
compiling core_cm3.c...
compiling system_stm32f10x.c...
compiling stm32f10x_it.c...
compiling stm32f10x_iwdg.c...
compiling stm32f10x_pwr.c...
compiling stm32f10x_rcc.c...
compiling stm32f10x_rtc.c...
compiling stm32f10x_spi.c...
compiling stm32f10x_usart.c...
compiling stm32f10x_wwdg.c...
compiling misc.c...
compiling stm32f10x_bkp.c...
compiling stm32f10x_can.c...
compiling stm32f10x_gpio.c...
compiling stm32f10x_i2c.c...
compiling stm32f10x_tim.c...
compiling stm32f10x_adc.c...
compiling stm32f10x_dbgmcu.c...
compiling stm32f10x_sdio.c...
compiling stm32f10x_fsmc.c...
compiling stm32f10x_dma.c...
compiling stm32f10x_crc.c...
compiling stm32f10x_dac.c...
compiling stm32f10x_exti.c...
compiling stm32f10x_flash.c...
compiling bsp.c...
compiling Init.c...
compiling Message.c...
compiling SysCtrl.c...
..\..\BSP\SysCtrl.c(82): warning:  #550-D: variable "TmpFlag" was set but never used
..\..\BSP\SysCtrl.c(164): warning: C4017W: batgroup may be used before being set
compiling MbsSlave.c...
..\..\BSP\MbsSlave.c(248): warning:  #550-D: variable "msg" was set but never used
..\..\BSP\MbsSlave.c(251): warning:  #177-D: variable "TempDate" was declared but never referenced
..\..\BSP\MbsSlave.c(63): warning:  #177-D: function "ModbusErrRespond" was declared but never referenced
compiling appstart.c...
..\app\appstart.c(127): warning:  #177-D: variable "cpu_sr" was declared but never referenced
compiling appLCD.c...
..\app\appLCD.c(62): warning: C4017W: temp may be used before being set
..\app\appLCD.c(93): warning: C4017W: temp may be used before being set
compiling AppJdyTest.c...
..\app\AppJdyTest.c(33): warning:  #177-D: variable "msg" was declared but never referenced
compiling AppUpdate.c...
..\app\AppUpdate.c(28): warning:  #940-D: missing return statement at end of non-void function "CheckRcvData"
..\app\AppUpdate.c(33): warning:  #550-D: variable "ret" was set but never used
..\app\AppUpdate.c(71): warning:  #177-D: variable "msg" was declared but never referenced
compiling LcdComm.c...
..\app\LcdComm.c(701): warning:  #550-D: variable "msg" was set but never used
..\app\LcdComm.c(704): warning:  #177-D: variable "recom" was declared but never referenced
..\app\LcdComm.c(705): warning:  #177-D: variable "address" was declared but never referenced
..\app\LcdComm.c(705): warning:  #177-D: variable "bkpaddress" was declared but never referenced
..\app\LcdComm.c(706): warning:  #177-D: variable "batgroup" was declared but never referenced
..\app\LcdComm.c(707): warning:  #177-D: variable "ttm" was declared but never referenced
..\app\LcdComm.c(710): warning:  #177-D: variable "cpu_sr" was declared but never referenced
..\app\LcdComm.c(805): warning:  #550-D: variable "returnvalue" was set but never used
..\app\LcdComm.c(806): warning:  #550-D: variable "FloatReturnValue" was set but never used
..\app\LcdComm.c(807): warning:  #177-D: variable "i" was declared but never referenced
..\app\LcdComm.c(808): warning:  #177-D: variable "TempNO" was declared but never referenced
..\app\LcdComm.c(809): warning:  #177-D: variable "batgroup" was declared but never referenced
..\app\LcdComm.c(361): warning:  #177-D: function "LcdFillTransData" was declared but never referenced
..\app\LcdComm.c(389): warning:  #177-D: function "LcdFillTransData32" was declared but never referenced
..\app\LcdComm.c(703): warning: C4017W: DEVCOM may be used before being set
..\app\LcdComm.c(551): warning: C4017W: RcvLen may be used before being set
..\app\LcdComm.c(593): warning: C4017W: PageID may be used before being set
..\app\LcdComm.c(590): warning: C4017W: RcvLen may be used before being set
assembling cpu_a.asm...
compiling cpu_c.c...
compiling lib_str.c...
..\..\uC-LIB\lib_str.c(1027): warning: C4017W: pstr_srch_ix may be used before being set
..\..\uC-LIB\lib_str.c(1026): warning: C4017W: srch_cmp may be used before being set
compiling lib_mem.c...
assembling lib_mem_a.asm...
compiling os_time.c...
compiling os_tmr.c...
compiling os_core.c...
compiling os_flag.c...
compiling os_mbox.c...
compiling os_mem.c...
compiling os_mutex.c...
compiling os_q.c...
compiling os_sem.c...
compiling os_task.c...
compiling os_dbg.c...
assembling os_cpu_a.asm...
compiling os_cpu_c.c...
compiling queue.c...
compiling ADC.c...
compiling crc.c...
compiling gpio.c...
..\..\STDriver\gpio\gpio.c(125): warning:  #188-D: enumerated type mixed with another type
..\..\STDriver\gpio\gpio.c(130): warning:  #188-D: enumerated type mixed with another type
..\..\STDriver\gpio\gpio.c(175): warning:  #188-D: enumerated type mixed with another type
compiling i2c.c...
..\..\STDriver\i2c\i2c.c(353): warning:  #550-D: variable "rdaddr" was set but never used
..\..\STDriver\i2c\i2c.c(591): warning:  #177-D: variable "buff" was declared but never referenced
..\..\STDriver\i2c\i2c.c(615): warning:  #177-D: variable "buff" was declared but never referenced
..\..\STDriver\i2c\i2c.c(284): warning: C4017W: rdaddr may be used before being set
..\..\STDriver\i2c\i2c.c(284): warning: C4017W: wraddr may be used before being set
..\..\STDriver\i2c\i2c.c(353): warning: C4017W: wraddr may be used before being set
..\..\STDriver\i2c\i2c.c(460): warning: C4017W: ret may be used before being set
..\..\STDriver\i2c\i2c.c(514): warning: C4017W: rdaddr may be used before being set
..\..\STDriver\i2c\i2c.c(514): warning: C4017W: wraddr may be used before being set
compiling rtc.c...
compiling uart.c...
linking...
Program Size: Code=33832 RO-data=1516 RW-data=932 ZI-data=41668  
FromELF: creating hex file...
After Build - User command #1: C:\Keil\ARM\ARMCC\bin\fromelf.exe --bin --output=.\obj\output\BAT5K-HOST.bin .\obj\BAT5K-HOST.axf
".\obj\BAT5K-HOST.axf" - 0 Errors, 44 Warning(s).
Load "D:\\WorkFile\\1-JDY-Test\\soft\\WorkSoft\\JDY-TESTER\\Project\\JDY-TESETER\\RVMDK\\obj\\BAT5K-HOST.axf" 
Load "D:\\WorkFile\\1-JDY-Test\\soft\\WorkSoft\\JDY-TESTER\\Project\\JDY-TESETER\\RVMDK\\obj\\BAT5K-HOST.axf" 
Erase Done.
Programming Done.
Verify OK.
Rebuild target 'BAT5K-HOST'
assembling startup_stm32f10x_cl.s...
compiling core_cm3.c...
compiling system_stm32f10x.c...
compiling stm32f10x_it.c...
compiling stm32f10x_iwdg.c...
compiling stm32f10x_pwr.c...
compiling stm32f10x_rcc.c...
compiling stm32f10x_rtc.c...
compiling stm32f10x_spi.c...
compiling stm32f10x_usart.c...
compiling stm32f10x_wwdg.c...
compiling misc.c...
compiling stm32f10x_bkp.c...
compiling stm32f10x_can.c...
compiling stm32f10x_gpio.c...
compiling stm32f10x_i2c.c...
compiling stm32f10x_tim.c...
compiling stm32f10x_adc.c...
compiling stm32f10x_dbgmcu.c...
compiling stm32f10x_sdio.c...
compiling stm32f10x_fsmc.c...
compiling stm32f10x_dma.c...
compiling stm32f10x_crc.c...
compiling stm32f10x_dac.c...
compiling stm32f10x_exti.c...
compiling stm32f10x_flash.c...
compiling bsp.c...
compiling Init.c...
compiling Message.c...
compiling SysCtrl.c...
..\..\BSP\SysCtrl.c(82): warning:  #550-D: variable "TmpFlag" was set but never used
..\..\BSP\SysCtrl.c(164): warning: C4017W: batgroup may be used before being set
compiling MbsSlave.c...
..\..\BSP\MbsSlave.c(248): warning:  #550-D: variable "msg" was set but never used
..\..\BSP\MbsSlave.c(251): warning:  #177-D: variable "TempDate" was declared but never referenced
..\..\BSP\MbsSlave.c(63): warning:  #177-D: function "ModbusErrRespond" was declared but never referenced
compiling appstart.c...
..\app\appstart.c(153): error:  #20: identifier "LED_POWER" is undefined
..\app\appstart.c(154): error:  #20: identifier "LED_ERR" is undefined
..\app\appstart.c(155): error:  #20: identifier "LED_COMM" is undefined
..\app\appstart.c(156): error:  #20: identifier "LED_LINK" is undefined
..\app\appstart.c(147): warning:  #177-D: variable "cpu_sr" was declared but never referenced
compiling appLCD.c...
..\app\appLCD.c(62): warning: C4017W: temp may be used before being set
..\app\appLCD.c(93): warning: C4017W: temp may be used before being set
compiling AppJdyTest.c...
..\app\AppJdyTest.c(33): warning:  #177-D: variable "msg" was declared but never referenced
compiling AppUpdate.c...
..\app\AppUpdate.c(28): warning:  #940-D: missing return statement at end of non-void function "CheckRcvData"
..\app\AppUpdate.c(33): warning:  #550-D: variable "ret" was set but never used
..\app\AppUpdate.c(71): warning:  #177-D: variable "msg" was declared but never referenced
compiling LcdComm.c...
..\app\LcdComm.c(701): warning:  #550-D: variable "msg" was set but never used
..\app\LcdComm.c(704): warning:  #177-D: variable "recom" was declared but never referenced
..\app\LcdComm.c(705): warning:  #177-D: variable "address" was declared but never referenced
..\app\LcdComm.c(705): warning:  #177-D: variable "bkpaddress" was declared but never referenced
..\app\LcdComm.c(706): warning:  #177-D: variable "batgroup" was declared but never referenced
..\app\LcdComm.c(707): warning:  #177-D: variable "ttm" was declared but never referenced
..\app\LcdComm.c(710): warning:  #177-D: variable "cpu_sr" was declared but never referenced
..\app\LcdComm.c(805): warning:  #550-D: variable "returnvalue" was set but never used
..\app\LcdComm.c(806): warning:  #550-D: variable "FloatReturnValue" was set but never used
..\app\LcdComm.c(807): warning:  #177-D: variable "i" was declared but never referenced
..\app\LcdComm.c(808): warning:  #177-D: variable "TempNO" was declared but never referenced
..\app\LcdComm.c(809): warning:  #177-D: variable "batgroup" was declared but never referenced
..\app\LcdComm.c(361): warning:  #177-D: function "LcdFillTransData" was declared but never referenced
..\app\LcdComm.c(389): warning:  #177-D: function "LcdFillTransData32" was declared but never referenced
..\app\LcdComm.c(703): warning: C4017W: DEVCOM may be used before being set
..\app\LcdComm.c(551): warning: C4017W: RcvLen may be used before being set
..\app\LcdComm.c(593): warning: C4017W: PageID may be used before being set
..\app\LcdComm.c(590): warning: C4017W: RcvLen may be used before being set
assembling cpu_a.asm...
compiling cpu_c.c...
compiling lib_str.c...
..\..\uC-LIB\lib_str.c(1027): warning: C4017W: pstr_srch_ix may be used before being set
..\..\uC-LIB\lib_str.c(1026): warning: C4017W: srch_cmp may be used before being set
compiling lib_mem.c...
assembling lib_mem_a.asm...
compiling os_time.c...
compiling os_tmr.c...
compiling os_core.c...
compiling os_flag.c...
compiling os_mbox.c...
compiling os_mem.c...
compiling os_mutex.c...
compiling os_q.c...
compiling os_sem.c...
compiling os_task.c...
compiling os_dbg.c...
assembling os_cpu_a.asm...
compiling os_cpu_c.c...
compiling queue.c...
compiling ADC.c...
compiling crc.c...
compiling gpio.c...
..\..\STDriver\gpio\gpio.c(125): warning:  #188-D: enumerated type mixed with another type
..\..\STDriver\gpio\gpio.c(130): warning:  #188-D: enumerated type mixed with another type
..\..\STDriver\gpio\gpio.c(159): warning:  #177-D: variable "GPIO_InitStructure" was declared but never referenced
compiling i2c.c...
..\..\STDriver\i2c\i2c.c(353): warning:  #550-D: variable "rdaddr" was set but never used
..\..\STDriver\i2c\i2c.c(591): warning:  #177-D: variable "buff" was declared but never referenced
..\..\STDriver\i2c\i2c.c(615): warning:  #177-D: variable "buff" was declared but never referenced
..\..\STDriver\i2c\i2c.c(284): warning: C4017W: rdaddr may be used before being set
..\..\STDriver\i2c\i2c.c(284): warning: C4017W: wraddr may be used before being set
..\..\STDriver\i2c\i2c.c(353): warning: C4017W: wraddr may be used before being set
..\..\STDriver\i2c\i2c.c(460): warning: C4017W: ret may be used before being set
..\..\STDriver\i2c\i2c.c(514): warning: C4017W: rdaddr may be used before being set
..\..\STDriver\i2c\i2c.c(514): warning: C4017W: wraddr may be used before being set
compiling rtc.c...
compiling uart.c...
".\obj\BAT5K-HOST.axf" - 4 Errors, 44 Warning(s).
Target not created
Build target 'BAT5K-HOST'
compiling appstart.c...
..\app\appstart.c(153): error:  #20: identifier "LED_POWER" is undefined
..\app\appstart.c(154): error:  #20: identifier "LED_ERR" is undefined
..\app\appstart.c(155): error:  #20: identifier "LED_COMM" is undefined
..\app\appstart.c(156): error:  #20: identifier "LED_LINK" is undefined
..\app\appstart.c(147): warning:  #177-D: variable "cpu_sr" was declared but never referenced
".\obj\BAT5K-HOST.axf" - 4 Errors, 1 Warning(s).
Target not created
Build target 'BAT5K-HOST'
compiling appstart.c...
..\app\appstart.c(147): warning:  #177-D: variable "cpu_sr" was declared but never referenced
linking...
Program Size: Code=33800 RO-data=1516 RW-data=940 ZI-data=41668  
FromELF: creating hex file...
After Build - User command #1: C:\Keil\ARM\ARMCC\bin\fromelf.exe --bin --output=.\obj\output\BAT5K-HOST.bin .\obj\BAT5K-HOST.axf
".\obj\BAT5K-HOST.axf" - 0 Errors, 1 Warning(s).
Build target 'BAT5K-HOST'
linking...
Program Size: Code=33800 RO-data=1516 RW-data=940 ZI-data=41668  
FromELF: creating hex file...
After Build - User command #1: C:\Keil\ARM\ARMCC\bin\fromelf.exe --bin --output=.\obj\output\JDY-Test.bin .\obj\JDY-Test.axf
".\obj\JDY-Test.axf" - 0 Errors, 0 Warning(s).
Rebuild target 'BAT5K-HOST'
assembling startup_stm32f10x_cl.s...
compiling core_cm3.c...
compiling system_stm32f10x.c...
compiling stm32f10x_it.c...
compiling stm32f10x_iwdg.c...
compiling stm32f10x_pwr.c...
compiling stm32f10x_rcc.c...
compiling stm32f10x_rtc.c...
compiling stm32f10x_spi.c...
compiling stm32f10x_usart.c...
compiling stm32f10x_wwdg.c...
compiling misc.c...
compiling stm32f10x_bkp.c...
compiling stm32f10x_can.c...
compiling stm32f10x_gpio.c...
compiling stm32f10x_i2c.c...
compiling stm32f10x_tim.c...
compiling stm32f10x_adc.c...
compiling stm32f10x_dbgmcu.c...
compiling stm32f10x_sdio.c...
compiling stm32f10x_fsmc.c...
compiling stm32f10x_dma.c...
compiling stm32f10x_crc.c...
compiling stm32f10x_dac.c...
compiling stm32f10x_exti.c...
compiling stm32f10x_flash.c...
compiling bsp.c...
compiling Init.c...
compiling Message.c...
compiling SysCtrl.c...
..\..\BSP\SysCtrl.c(82): warning:  #550-D: variable "TmpFlag" was set but never used
..\..\BSP\SysCtrl.c(164): warning: C4017W: batgroup may be used before being set
compiling MbsSlave.c...
..\..\BSP\MbsSlave.c(248): warning:  #550-D: variable "msg" was set but never used
..\..\BSP\MbsSlave.c(251): warning:  #177-D: variable "TempDate" was declared but never referenced
..\..\BSP\MbsSlave.c(63): warning:  #177-D: function "ModbusErrRespond" was declared but never referenced
compiling appstart.c...
..\app\appstart.c(147): warning:  #177-D: variable "cpu_sr" was declared but never referenced
compiling appLCD.c...
..\app\appLCD.c(62): warning: C4017W: temp may be used before being set
..\app\appLCD.c(93): warning: C4017W: temp may be used before being set
compiling AppJdyTest.c...
..\app\AppJdyTest.c(33): warning:  #177-D: variable "msg" was declared but never referenced
compiling AppUpdate.c...
..\app\AppUpdate.c(28): warning:  #940-D: missing return statement at end of non-void function "CheckRcvData"
..\app\AppUpdate.c(33): warning:  #550-D: variable "ret" was set but never used
..\app\AppUpdate.c(71): warning:  #177-D: variable "msg" was declared but never referenced
compiling LcdComm.c...
..\app\LcdComm.c(701): warning:  #550-D: variable "msg" was set but never used
..\app\LcdComm.c(704): warning:  #177-D: variable "recom" was declared but never referenced
..\app\LcdComm.c(705): warning:  #177-D: variable "address" was declared but never referenced
..\app\LcdComm.c(705): warning:  #177-D: variable "bkpaddress" was declared but never referenced
..\app\LcdComm.c(706): warning:  #177-D: variable "batgroup" was declared but never referenced
..\app\LcdComm.c(707): warning:  #177-D: variable "ttm" was declared but never referenced
..\app\LcdComm.c(710): warning:  #177-D: variable "cpu_sr" was declared but never referenced
..\app\LcdComm.c(805): warning:  #550-D: variable "returnvalue" was set but never used
..\app\LcdComm.c(806): warning:  #550-D: variable "FloatReturnValue" was set but never used
..\app\LcdComm.c(807): warning:  #177-D: variable "i" was declared but never referenced
..\app\LcdComm.c(808): warning:  #177-D: variable "TempNO" was declared but never referenced
..\app\LcdComm.c(809): warning:  #177-D: variable "batgroup" was declared but never referenced
..\app\LcdComm.c(361): warning:  #177-D: function "LcdFillTransData" was declared but never referenced
..\app\LcdComm.c(389): warning:  #177-D: function "LcdFillTransData32" was declared but never referenced
..\app\LcdComm.c(703): warning: C4017W: DEVCOM may be used before being set
..\app\LcdComm.c(551): warning: C4017W: RcvLen may be used before being set
..\app\LcdComm.c(593): warning: C4017W: PageID may be used before being set
..\app\LcdComm.c(590): warning: C4017W: RcvLen may be used before being set
assembling cpu_a.asm...
compiling cpu_c.c...
compiling lib_str.c...
..\..\uC-LIB\lib_str.c(1027): warning: C4017W: pstr_srch_ix may be used before being set
..\..\uC-LIB\lib_str.c(1026): warning: C4017W: srch_cmp may be used before being set
compiling lib_mem.c...
assembling lib_mem_a.asm...
compiling os_time.c...
compiling os_tmr.c...
compiling os_core.c...
compiling os_flag.c...
compiling os_mbox.c...
compiling os_mem.c...
compiling os_mutex.c...
compiling os_q.c...
compiling os_sem.c...
compiling os_task.c...
compiling os_dbg.c...
assembling os_cpu_a.asm...
compiling os_cpu_c.c...
compiling queue.c...
compiling ADC.c...
compiling crc.c...
compiling gpio.c...
..\..\STDriver\gpio\gpio.c(125): warning:  #188-D: enumerated type mixed with another type
..\..\STDriver\gpio\gpio.c(130): warning:  #188-D: enumerated type mixed with another type
..\..\STDriver\gpio\gpio.c(159): warning:  #177-D: variable "GPIO_InitStructure" was declared but never referenced
compiling i2c.c...
..\..\STDriver\i2c\i2c.c(353): warning:  #550-D: variable "rdaddr" was set but never used
..\..\STDriver\i2c\i2c.c(591): warning:  #177-D: variable "buff" was declared but never referenced
..\..\STDriver\i2c\i2c.c(615): warning:  #177-D: variable "buff" was declared but never referenced
..\..\STDriver\i2c\i2c.c(284): warning: C4017W: rdaddr may be used before being set
..\..\STDriver\i2c\i2c.c(284): warning: C4017W: wraddr may be used before being set
..\..\STDriver\i2c\i2c.c(353): warning: C4017W: wraddr may be used before being set
..\..\STDriver\i2c\i2c.c(460): warning: C4017W: ret may be used before being set
..\..\STDriver\i2c\i2c.c(514): warning: C4017W: rdaddr may be used before being set
..\..\STDriver\i2c\i2c.c(514): warning: C4017W: wraddr may be used before being set
compiling rtc.c...
compiling uart.c...
linking...
Program Size: Code=33800 RO-data=1516 RW-data=940 ZI-data=41668  
FromELF: creating hex file...
After Build - User command #1: C:\Keil\ARM\ARMCC\bin\fromelf.exe --bin --output=.\obj\output\JDY-Test.bin .\obj\JDY-Test.axf
".\obj\JDY-Test.axf" - 0 Errors, 44 Warning(s).
Load "D:\\WorkFile\\1-JDY-Test\\soft\\WorkSoft\\JDY-TESTER\\Project\\JDY-TESETER\\RVMDK\\obj\\JDY-Test.axf" 
Erase Done.
Programming Done.
Verify OK.
Build target 'BAT5K-HOST'
compiling appstart.c...
..\app\appstart.c(147): warning:  #177-D: variable "cpu_sr" was declared but never referenced
linking...
Program Size: Code=33788 RO-data=1516 RW-data=940 ZI-data=41668  
FromELF: creating hex file...
After Build - User command #1: C:\Keil\ARM\ARMCC\bin\fromelf.exe --bin --output=.\obj\output\JDY-Test.bin .\obj\JDY-Test.axf
".\obj\JDY-Test.axf" - 0 Errors, 1 Warning(s).
Load "D:\\WorkFile\\1-JDY-Test\\soft\\WorkSoft\\JDY-TESTER\\Project\\JDY-TESETER\\RVMDK\\obj\\JDY-Test.axf" 
Erase Done.
Programming Done.
Verify OK.
Build target 'BAT5K-HOST'
compiling system_stm32f10x.c...
compiling stm32f10x_it.c...
compiling stm32f10x_iwdg.c...
compiling stm32f10x_pwr.c...
compiling stm32f10x_rcc.c...
compiling stm32f10x_rtc.c...
compiling stm32f10x_spi.c...
compiling stm32f10x_usart.c...
compiling stm32f10x_wwdg.c...
compiling misc.c...
compiling stm32f10x_bkp.c...
compiling stm32f10x_can.c...
compiling stm32f10x_gpio.c...
compiling stm32f10x_i2c.c...
compiling stm32f10x_tim.c...
compiling stm32f10x_adc.c...
compiling stm32f10x_dbgmcu.c...
compiling stm32f10x_sdio.c...
compiling stm32f10x_fsmc.c...
compiling stm32f10x_dma.c...
compiling stm32f10x_crc.c...
compiling stm32f10x_dac.c...
compiling stm32f10x_exti.c...
compiling stm32f10x_flash.c...
compiling bsp.c...
compiling Init.c...
compiling Message.c...
compiling SysCtrl.c...
..\..\BSP\SysCtrl.c(82): warning:  #550-D: variable "TmpFlag" was set but never used
..\..\BSP\SysCtrl.c(164): warning: C4017W: batgroup may be used before being set
compiling MbsSlave.c...
..\..\BSP\MbsSlave.c(248): warning:  #550-D: variable "msg" was set but never used
..\..\BSP\MbsSlave.c(251): warning:  #177-D: variable "TempDate" was declared but never referenced
..\..\BSP\MbsSlave.c(63): warning:  #177-D: function "ModbusErrRespond" was declared but never referenced
compiling appstart.c...
..\app\appstart.c(147): warning:  #177-D: variable "cpu_sr" was declared but never referenced
compiling appLCD.c...
..\app\appLCD.c(62): warning: C4017W: temp may be used before being set
..\app\appLCD.c(93): warning: C4017W: temp may be used before being set
compiling AppJdyTest.c...
..\app\AppJdyTest.c(33): warning:  #177-D: variable "msg" was declared but never referenced
compiling AppUpdate.c...
..\app\AppUpdate.c(28): warning:  #940-D: missing return statement at end of non-void function "CheckRcvData"
..\app\AppUpdate.c(33): warning:  #550-D: variable "ret" was set but never used
..\app\AppUpdate.c(71): warning:  #177-D: variable "msg" was declared but never referenced
compiling LcdComm.c...
..\app\LcdComm.c(701): warning:  #550-D: variable "msg" was set but never used
..\app\LcdComm.c(704): warning:  #177-D: variable "recom" was declared but never referenced
..\app\LcdComm.c(705): warning:  #177-D: variable "address" was declared but never referenced
..\app\LcdComm.c(705): warning:  #177-D: variable "bkpaddress" was declared but never referenced
..\app\LcdComm.c(706): warning:  #177-D: variable "batgroup" was declared but never referenced
..\app\LcdComm.c(707): warning:  #177-D: variable "ttm" was declared but never referenced
..\app\LcdComm.c(710): warning:  #177-D: variable "cpu_sr" was declared but never referenced
..\app\LcdComm.c(805): warning:  #550-D: variable "returnvalue" was set but never used
..\app\LcdComm.c(806): warning:  #550-D: variable "FloatReturnValue" was set but never used
..\app\LcdComm.c(807): warning:  #177-D: variable "i" was declared but never referenced
..\app\LcdComm.c(808): warning:  #177-D: variable "TempNO" was declared but never referenced
..\app\LcdComm.c(809): warning:  #177-D: variable "batgroup" was declared but never referenced
..\app\LcdComm.c(361): warning:  #177-D: function "LcdFillTransData" was declared but never referenced
..\app\LcdComm.c(389): warning:  #177-D: function "LcdFillTransData32" was declared but never referenced
..\app\LcdComm.c(703): warning: C4017W: DEVCOM may be used before being set
..\app\LcdComm.c(551): warning: C4017W: RcvLen may be used before being set
..\app\LcdComm.c(593): warning: C4017W: PageID may be used before being set
..\app\LcdComm.c(590): warning: C4017W: RcvLen may be used before being set
compiling queue.c...
compiling ADC.c...
compiling crc.c...
compiling gpio.c...
..\..\STDriver\gpio\gpio.c(125): warning:  #188-D: enumerated type mixed with another type
..\..\STDriver\gpio\gpio.c(130): warning:  #188-D: enumerated type mixed with another type
..\..\STDriver\gpio\gpio.c(159): warning:  #177-D: variable "GPIO_InitStructure" was declared but never referenced
compiling i2c.c...
..\..\STDriver\i2c\i2c.c(353): warning:  #550-D: variable "rdaddr" was set but never used
..\..\STDriver\i2c\i2c.c(591): warning:  #177-D: variable "buff" was declared but never referenced
..\..\STDriver\i2c\i2c.c(615): warning:  #177-D: variable "buff" was declared but never referenced
..\..\STDriver\i2c\i2c.c(284): warning: C4017W: rdaddr may be used before being set
..\..\STDriver\i2c\i2c.c(284): warning: C4017W: wraddr may be used before being set
..\..\STDriver\i2c\i2c.c(353): warning: C4017W: wraddr may be used before being set
..\..\STDriver\i2c\i2c.c(460): warning: C4017W: ret may be used before being set
..\..\STDriver\i2c\i2c.c(514): warning: C4017W: rdaddr may be used before being set
..\..\STDriver\i2c\i2c.c(514): warning: C4017W: wraddr may be used before being set
compiling rtc.c...
compiling uart.c...
linking...
Program Size: Code=33784 RO-data=1516 RW-data=940 ZI-data=41668  
FromELF: creating hex file...
After Build - User command #1: C:\Keil\ARM\ARMCC\bin\fromelf.exe --bin --output=.\obj\output\JDY-Test.bin .\obj\JDY-Test.axf
".\obj\JDY-Test.axf" - 0 Errors, 42 Warning(s).
Build target 'BAT5K-HOST'
compiling core_cm3.c...
compiling system_stm32f10x.c...
compiling stm32f10x_it.c...
compiling stm32f10x_iwdg.c...
compiling stm32f10x_pwr.c...
compiling stm32f10x_rcc.c...
compiling stm32f10x_rtc.c...
compiling stm32f10x_spi.c...
compiling stm32f10x_usart.c...
compiling stm32f10x_wwdg.c...
compiling misc.c...
compiling stm32f10x_bkp.c...
compiling stm32f10x_can.c...
compiling stm32f10x_gpio.c...
compiling stm32f10x_i2c.c...
compiling stm32f10x_tim.c...
compiling stm32f10x_adc.c...
compiling stm32f10x_dbgmcu.c...
compiling stm32f10x_sdio.c...
compiling stm32f10x_fsmc.c...
compiling stm32f10x_dma.c...
compiling stm32f10x_crc.c...
compiling stm32f10x_dac.c...
compiling stm32f10x_exti.c...
compiling stm32f10x_flash.c...
compiling bsp.c...
compiling Init.c...
..\..\BSP\Init.c(75): error:  #20: identifier "RCC_PLLSource_PREDIV1" is undefined
compiling Message.c...
compiling SysCtrl.c...
..\..\BSP\SysCtrl.c(82): warning:  #550-D: variable "TmpFlag" was set but never used
..\..\BSP\SysCtrl.c(164): warning: C4017W: batgroup may be used before being set
compiling MbsSlave.c...
..\..\BSP\MbsSlave.c(248): warning:  #550-D: variable "msg" was set but never used
..\..\BSP\MbsSlave.c(251): warning:  #177-D: variable "TempDate" was declared but never referenced
..\..\BSP\MbsSlave.c(63): warning:  #177-D: function "ModbusErrRespond" was declared but never referenced
compiling appstart.c...
..\app\appstart.c(147): warning:  #177-D: variable "cpu_sr" was declared but never referenced
compiling appLCD.c...
..\app\appLCD.c(62): warning: C4017W: temp may be used before being set
..\app\appLCD.c(93): warning: C4017W: temp may be used before being set
compiling AppJdyTest.c...
..\app\AppJdyTest.c(33): warning:  #177-D: variable "msg" was declared but never referenced
compiling AppUpdate.c...
..\app\AppUpdate.c(28): warning:  #940-D: missing return statement at end of non-void function "CheckRcvData"
..\app\AppUpdate.c(33): warning:  #550-D: variable "ret" was set but never used
..\app\AppUpdate.c(71): warning:  #177-D: variable "msg" was declared but never referenced
compiling LcdComm.c...
..\app\LcdComm.c(701): warning:  #550-D: variable "msg" was set but never used
..\app\LcdComm.c(704): warning:  #177-D: variable "recom" was declared but never referenced
..\app\LcdComm.c(705): warning:  #177-D: variable "address" was declared but never referenced
..\app\LcdComm.c(705): warning:  #177-D: variable "bkpaddress" was declared but never referenced
..\app\LcdComm.c(706): warning:  #177-D: variable "batgroup" was declared but never referenced
..\app\LcdComm.c(707): warning:  #177-D: variable "ttm" was declared but never referenced
..\app\LcdComm.c(710): warning:  #177-D: variable "cpu_sr" was declared but never referenced
..\app\LcdComm.c(805): warning:  #550-D: variable "returnvalue" was set but never used
..\app\LcdComm.c(806): warning:  #550-D: variable "FloatReturnValue" was set but never used
..\app\LcdComm.c(807): warning:  #177-D: variable "i" was declared but never referenced
..\app\LcdComm.c(808): warning:  #177-D: variable "TempNO" was declared but never referenced
..\app\LcdComm.c(809): warning:  #177-D: variable "batgroup" was declared but never referenced
..\app\LcdComm.c(361): warning:  #177-D: function "LcdFillTransData" was declared but never referenced
..\app\LcdComm.c(389): warning:  #177-D: function "LcdFillTransData32" was declared but never referenced
..\app\LcdComm.c(703): warning: C4017W: DEVCOM may be used before being set
..\app\LcdComm.c(551): warning: C4017W: RcvLen may be used before being set
..\app\LcdComm.c(593): warning: C4017W: PageID may be used before being set
..\app\LcdComm.c(590): warning: C4017W: RcvLen may be used before being set
compiling cpu_c.c...
compiling lib_str.c...
..\..\uC-LIB\lib_str.c(1027): warning: C4017W: pstr_srch_ix may be used before being set
..\..\uC-LIB\lib_str.c(1026): warning: C4017W: srch_cmp may be used before being set
compiling lib_mem.c...
compiling os_time.c...
compiling os_tmr.c...
compiling os_core.c...
compiling os_flag.c...
compiling os_mbox.c...
compiling os_mem.c...
compiling os_mutex.c...
compiling os_q.c...
compiling os_sem.c...
compiling os_task.c...
compiling os_dbg.c...
compiling os_cpu_c.c...
compiling queue.c...
compiling ADC.c...
compiling crc.c...
compiling gpio.c...
..\..\STDriver\gpio\gpio.c(125): warning:  #188-D: enumerated type mixed with another type
..\..\STDriver\gpio\gpio.c(130): warning:  #188-D: enumerated type mixed with another type
..\..\STDriver\gpio\gpio.c(159): warning:  #177-D: variable "GPIO_InitStructure" was declared but never referenced
compiling i2c.c...
..\..\STDriver\i2c\i2c.c(353): warning:  #550-D: variable "rdaddr" was set but never used
..\..\STDriver\i2c\i2c.c(591): warning:  #177-D: variable "buff" was declared but never referenced
..\..\STDriver\i2c\i2c.c(615): warning:  #177-D: variable "buff" was declared but never referenced
..\..\STDriver\i2c\i2c.c(284): warning: C4017W: rdaddr may be used before being set
..\..\STDriver\i2c\i2c.c(284): warning: C4017W: wraddr may be used before being set
..\..\STDriver\i2c\i2c.c(353): warning: C4017W: wraddr may be used before being set
..\..\STDriver\i2c\i2c.c(460): warning: C4017W: ret may be used before being set
..\..\STDriver\i2c\i2c.c(514): warning: C4017W: rdaddr may be used before being set
..\..\STDriver\i2c\i2c.c(514): warning: C4017W: wraddr may be used before being set
compiling rtc.c...
compiling uart.c...
".\obj\JDY-Test.axf" - 1 Errors, 44 Warning(s).
Target not created
Build target 'BAT5K-HOST'
compiling core_cm3.c...
compiling system_stm32f10x.c...
compiling stm32f10x_it.c...
compiling stm32f10x_iwdg.c...
compiling stm32f10x_pwr.c...
compiling stm32f10x_rcc.c...
compiling stm32f10x_rtc.c...
compiling stm32f10x_spi.c...
compiling stm32f10x_usart.c...
compiling stm32f10x_wwdg.c...
compiling misc.c...
compiling stm32f10x_bkp.c...
compiling stm32f10x_can.c...
compiling stm32f10x_gpio.c...
compiling stm32f10x_i2c.c...
compiling stm32f10x_tim.c...
compiling stm32f10x_adc.c...
compiling stm32f10x_dbgmcu.c...
compiling stm32f10x_sdio.c...
compiling stm32f10x_fsmc.c...
compiling stm32f10x_dma.c...
compiling stm32f10x_crc.c...
compiling stm32f10x_dac.c...
compiling stm32f10x_exti.c...
compiling stm32f10x_flash.c...
compiling bsp.c...
compiling Init.c...
compiling Message.c...
compiling SysCtrl.c...
..\..\BSP\SysCtrl.c(82): warning:  #550-D: variable "TmpFlag" was set but never used
..\..\BSP\SysCtrl.c(164): warning: C4017W: batgroup may be used before being set
compiling MbsSlave.c...
..\..\BSP\MbsSlave.c(248): warning:  #550-D: variable "msg" was set but never used
..\..\BSP\MbsSlave.c(251): warning:  #177-D: variable "TempDate" was declared but never referenced
..\..\BSP\MbsSlave.c(63): warning:  #177-D: function "ModbusErrRespond" was declared but never referenced
compiling appstart.c...
..\app\appstart.c(147): warning:  #177-D: variable "cpu_sr" was declared but never referenced
compiling appLCD.c...
..\app\appLCD.c(62): warning: C4017W: temp may be used before being set
..\app\appLCD.c(93): warning: C4017W: temp may be used before being set
compiling AppJdyTest.c...
..\app\AppJdyTest.c(33): warning:  #177-D: variable "msg" was declared but never referenced
compiling AppUpdate.c...
..\app\AppUpdate.c(28): warning:  #940-D: missing return statement at end of non-void function "CheckRcvData"
..\app\AppUpdate.c(33): warning:  #550-D: variable "ret" was set but never used
..\app\AppUpdate.c(71): warning:  #177-D: variable "msg" was declared but never referenced
compiling LcdComm.c...
..\app\LcdComm.c(701): warning:  #550-D: variable "msg" was set but never used
..\app\LcdComm.c(704): warning:  #177-D: variable "recom" was declared but never referenced
..\app\LcdComm.c(705): warning:  #177-D: variable "address" was declared but never referenced
..\app\LcdComm.c(705): warning:  #177-D: variable "bkpaddress" was declared but never referenced
..\app\LcdComm.c(706): warning:  #177-D: variable "batgroup" was declared but never referenced
..\app\LcdComm.c(707): warning:  #177-D: variable "ttm" was declared but never referenced
..\app\LcdComm.c(710): warning:  #177-D: variable "cpu_sr" was declared but never referenced
..\app\LcdComm.c(805): warning:  #550-D: variable "returnvalue" was set but never used
..\app\LcdComm.c(806): warning:  #550-D: variable "FloatReturnValue" was set but never used
..\app\LcdComm.c(807): warning:  #177-D: variable "i" was declared but never referenced
..\app\LcdComm.c(808): warning:  #177-D: variable "TempNO" was declared but never referenced
..\app\LcdComm.c(809): warning:  #177-D: variable "batgroup" was declared but never referenced
..\app\LcdComm.c(361): warning:  #177-D: function "LcdFillTransData" was declared but never referenced
..\app\LcdComm.c(389): warning:  #177-D: function "LcdFillTransData32" was declared but never referenced
..\app\LcdComm.c(703): warning: C4017W: DEVCOM may be used before being set
..\app\LcdComm.c(551): warning: C4017W: RcvLen may be used before being set
..\app\LcdComm.c(593): warning: C4017W: PageID may be used before being set
..\app\LcdComm.c(590): warning: C4017W: RcvLen may be used before being set
compiling cpu_c.c...
compiling lib_str.c...
..\..\uC-LIB\lib_str.c(1027): warning: C4017W: pstr_srch_ix may be used before being set
..\..\uC-LIB\lib_str.c(1026): warning: C4017W: srch_cmp may be used before being set
compiling lib_mem.c...
compiling os_time.c...
compiling os_tmr.c...
compiling os_core.c...
compiling os_flag.c...
compiling os_mbox.c...
compiling os_mem.c...
compiling os_mutex.c...
compiling os_q.c...
compiling os_sem.c...
compiling os_task.c...
compiling os_dbg.c...
compiling os_cpu_c.c...
compiling queue.c...
compiling ADC.c...
compiling crc.c...
compiling gpio.c...
..\..\STDriver\gpio\gpio.c(125): warning:  #188-D: enumerated type mixed with another type
..\..\STDriver\gpio\gpio.c(130): warning:  #188-D: enumerated type mixed with another type
..\..\STDriver\gpio\gpio.c(159): warning:  #177-D: variable "GPIO_InitStructure" was declared but never referenced
compiling i2c.c...
..\..\STDriver\i2c\i2c.c(353): warning:  #550-D: variable "rdaddr" was set but never used
..\..\STDriver\i2c\i2c.c(591): warning:  #177-D: variable "buff" was declared but never referenced
..\..\STDriver\i2c\i2c.c(615): warning:  #177-D: variable "buff" was declared but never referenced
..\..\STDriver\i2c\i2c.c(284): warning: C4017W: rdaddr may be used before being set
..\..\STDriver\i2c\i2c.c(284): warning: C4017W: wraddr may be used before being set
..\..\STDriver\i2c\i2c.c(353): warning: C4017W: wraddr may be used before being set
..\..\STDriver\i2c\i2c.c(460): warning: C4017W: ret may be used before being set
..\..\STDriver\i2c\i2c.c(514): warning: C4017W: rdaddr may be used before being set
..\..\STDriver\i2c\i2c.c(514): warning: C4017W: wraddr may be used before being set
compiling rtc.c...
compiling uart.c...
linking...
Program Size: Code=33784 RO-data=1516 RW-data=940 ZI-data=41668  
FromELF: creating hex file...
After Build - User command #1: C:\Keil\ARM\ARMCC\bin\fromelf.exe --bin --output=.\obj\output\JDY-Test.bin .\obj\JDY-Test.axf
".\obj\JDY-Test.axf" - 0 Errors, 44 Warning(s).
Load "D:\\WorkFile\\1-JDY-Test\\soft\\WorkSoft\\JDY-TESTER\\Project\\JDY-TESETER\\RVMDK\\obj\\JDY-Test.axf" 
Erase Done.
Programming Done.
Verify OK.
Build target 'BAT5K-HOST'
compiling system_stm32f10x.c...
compiling stm32f10x_it.c...
compiling stm32f10x_iwdg.c...
compiling stm32f10x_pwr.c...
compiling stm32f10x_rcc.c...
compiling stm32f10x_rtc.c...
compiling stm32f10x_spi.c...
compiling stm32f10x_usart.c...
compiling stm32f10x_wwdg.c...
compiling misc.c...
compiling stm32f10x_bkp.c...
compiling stm32f10x_can.c...
compiling stm32f10x_gpio.c...
compiling stm32f10x_i2c.c...
compiling stm32f10x_tim.c...
compiling stm32f10x_adc.c...
compiling stm32f10x_dbgmcu.c...
compiling stm32f10x_sdio.c...
compiling stm32f10x_fsmc.c...
compiling stm32f10x_dma.c...
compiling stm32f10x_crc.c...
compiling stm32f10x_dac.c...
compiling stm32f10x_exti.c...
compiling stm32f10x_flash.c...
compiling bsp.c...
compiling Init.c...
compiling Message.c...
compiling SysCtrl.c...
..\..\BSP\SysCtrl.c(82): warning:  #550-D: variable "TmpFlag" was set but never used
..\..\BSP\SysCtrl.c(164): warning: C4017W: batgroup may be used before being set
compiling MbsSlave.c...
..\..\BSP\MbsSlave.c(248): warning:  #550-D: variable "msg" was set but never used
..\..\BSP\MbsSlave.c(251): warning:  #177-D: variable "TempDate" was declared but never referenced
..\..\BSP\MbsSlave.c(63): warning:  #177-D: function "ModbusErrRespond" was declared but never referenced
compiling appstart.c...
..\app\appstart.c(144): warning:  #177-D: variable "cpu_sr" was declared but never referenced
compiling appLCD.c...
..\app\appLCD.c(62): warning: C4017W: temp may be used before being set
..\app\appLCD.c(93): warning: C4017W: temp may be used before being set
compiling AppJdyTest.c...
..\app\AppJdyTest.c(33): warning:  #177-D: variable "msg" was declared but never referenced
compiling AppUpdate.c...
..\app\AppUpdate.c(28): warning:  #940-D: missing return statement at end of non-void function "CheckRcvData"
..\app\AppUpdate.c(33): warning:  #550-D: variable "ret" was set but never used
..\app\AppUpdate.c(71): warning:  #177-D: variable "msg" was declared but never referenced
compiling LcdComm.c...
..\app\LcdComm.c(701): warning:  #550-D: variable "msg" was set but never used
..\app\LcdComm.c(704): warning:  #177-D: variable "recom" was declared but never referenced
..\app\LcdComm.c(705): warning:  #177-D: variable "address" was declared but never referenced
..\app\LcdComm.c(705): warning:  #177-D: variable "bkpaddress" was declared but never referenced
..\app\LcdComm.c(706): warning:  #177-D: variable "batgroup" was declared but never referenced
..\app\LcdComm.c(707): warning:  #177-D: variable "ttm" was declared but never referenced
..\app\LcdComm.c(710): warning:  #177-D: variable "cpu_sr" was declared but never referenced
..\app\LcdComm.c(805): warning:  #550-D: variable "returnvalue" was set but never used
..\app\LcdComm.c(806): warning:  #550-D: variable "FloatReturnValue" was set but never used
..\app\LcdComm.c(807): warning:  #177-D: variable "i" was declared but never referenced
..\app\LcdComm.c(808): warning:  #177-D: variable "TempNO" was declared but never referenced
..\app\LcdComm.c(809): warning:  #177-D: variable "batgroup" was declared but never referenced
..\app\LcdComm.c(361): warning:  #177-D: function "LcdFillTransData" was declared but never referenced
..\app\LcdComm.c(389): warning:  #177-D: function "LcdFillTransData32" was declared but never referenced
..\app\LcdComm.c(703): warning: C4017W: DEVCOM may be used before being set
..\app\LcdComm.c(551): warning: C4017W: RcvLen may be used before being set
..\app\LcdComm.c(593): warning: C4017W: PageID may be used before being set
..\app\LcdComm.c(590): warning: C4017W: RcvLen may be used before being set
compiling queue.c...
compiling ADC.c...
compiling crc.c...
compiling gpio.c...
..\..\STDriver\gpio\gpio.c(125): warning:  #188-D: enumerated type mixed with another type
..\..\STDriver\gpio\gpio.c(130): warning:  #188-D: enumerated type mixed with another type
..\..\STDriver\gpio\gpio.c(159): warning:  #177-D: variable "GPIO_InitStructure" was declared but never referenced
compiling i2c.c...
..\..\STDriver\i2c\i2c.c(353): warning:  #550-D: variable "rdaddr" was set but never used
..\..\STDriver\i2c\i2c.c(591): warning:  #177-D: variable "buff" was declared but never referenced
..\..\STDriver\i2c\i2c.c(615): warning:  #177-D: variable "buff" was declared but never referenced
..\..\STDriver\i2c\i2c.c(284): warning: C4017W: rdaddr may be used before being set
..\..\STDriver\i2c\i2c.c(284): warning: C4017W: wraddr may be used before being set
..\..\STDriver\i2c\i2c.c(353): warning: C4017W: wraddr may be used before being set
..\..\STDriver\i2c\i2c.c(460): warning: C4017W: ret may be used before being set
..\..\STDriver\i2c\i2c.c(514): warning: C4017W: rdaddr may be used before being set
..\..\STDriver\i2c\i2c.c(514): warning: C4017W: wraddr may be used before being set
compiling rtc.c...
compiling uart.c...
linking...
Program Size: Code=33788 RO-data=1516 RW-data=940 ZI-data=41668  
FromELF: creating hex file...
After Build - User command #1: C:\Keil\ARM\ARMCC\bin\fromelf.exe --bin --output=.\obj\output\JDY-Test.bin .\obj\JDY-Test.axf
".\obj\JDY-Test.axf" - 0 Errors, 42 Warning(s).
Build target 'BAT5K-HOST'
compiling core_cm3.c...
compiling system_stm32f10x.c...
compiling stm32f10x_it.c...
compiling stm32f10x_iwdg.c...
..\..\..\Libraries\STM32F10x_StdPeriph_Driver\src\stm32f10x_iwdg.c(94): warning:  #223-D: function "assert_param" declared implicitly
..\..\..\Libraries\STM32F10x_StdPeriph_Driver\src\stm32f10x_iwdg.c(114): warning:  #223-D: function "assert_param" declared implicitly
..\..\..\Libraries\STM32F10x_StdPeriph_Driver\src\stm32f10x_iwdg.c(127): warning:  #223-D: function "assert_param" declared implicitly
..\..\..\Libraries\STM32F10x_StdPeriph_Driver\src\stm32f10x_iwdg.c(164): warning:  #223-D: function "assert_param" declared implicitly
compiling stm32f10x_pwr.c...
..\..\..\Libraries\STM32F10x_StdPeriph_Driver\src\stm32f10x_pwr.c(134): warning:  #223-D: function "assert_param" declared implicitly
..\..\..\Libraries\STM32F10x_StdPeriph_Driver\src\stm32f10x_pwr.c(147): warning:  #223-D: function "assert_param" declared implicitly
..\..\..\Libraries\STM32F10x_StdPeriph_Driver\src\stm32f10x_pwr.c(169): warning:  #223-D: function "assert_param" declared implicitly
..\..\..\Libraries\STM32F10x_StdPeriph_Driver\src\stm32f10x_pwr.c(188): warning:  #223-D: function "assert_param" declared implicitly
..\..\..\Libraries\STM32F10x_StdPeriph_Driver\src\stm32f10x_pwr.c(208): warning:  #223-D: function "assert_param" declared implicitly
..\..\..\Libraries\STM32F10x_StdPeriph_Driver\src\stm32f10x_pwr.c(269): warning:  #223-D: function "assert_param" declared implicitly
..\..\..\Libraries\STM32F10x_StdPeriph_Driver\src\stm32f10x_pwr.c(294): warning:  #223-D: function "assert_param" declared implicitly
compiling stm32f10x_rcc.c...
..\..\..\Libraries\STM32F10x_StdPeriph_Driver\src\stm32f10x_rcc.c(273): warning:  #223-D: function "assert_param" declared implicitly
..\..\..\Libraries\STM32F10x_StdPeriph_Driver\src\stm32f10x_rcc.c(338): warning:  #223-D: function "assert_param" declared implicitly
..\..\..\Libraries\STM32F10x_StdPeriph_Driver\src\stm32f10x_rcc.c(357): warning:  #223-D: function "assert_param" declared implicitly
..\..\..\Libraries\STM32F10x_StdPeriph_Driver\src\stm32f10x_rcc.c(383): warning:  #223-D: function "assert_param" declared implicitly
..\..\..\Libraries\STM32F10x_StdPeriph_Driver\src\stm32f10x_rcc.c(404): warning:  #223-D: function "assert_param" declared implicitly
..\..\..\Libraries\STM32F10x_StdPeriph_Driver\src\stm32f10x_rcc.c(564): warning:  #223-D: function "assert_param" declared implicitly
..\..\..\Libraries\STM32F10x_StdPeriph_Driver\src\stm32f10x_rcc.c(608): warning:  #223-D: function "assert_param" declared implicitly
..\..\..\Libraries\STM32F10x_StdPeriph_Driver\src\stm32f10x_rcc.c(634): warning:  #223-D: function "assert_param" declared implicitly
..\..\..\Libraries\STM32F10x_StdPeriph_Driver\src\stm32f10x_rcc.c(660): warning:  #223-D: function "assert_param" declared implicitly
..\..\..\Libraries\STM32F10x_StdPeriph_Driver\src\stm32f10x_rcc.c(699): warning:  #223-D: function "assert_param" declared implicitly
..\..\..\Libraries\STM32F10x_StdPeriph_Driver\src\stm32f10x_rcc.c(727): warning:  #223-D: function "assert_param" declared implicitly
..\..\..\Libraries\STM32F10x_StdPeriph_Driver\src\stm32f10x_rcc.c(766): warning:  #223-D: function "assert_param" declared implicitly
..\..\..\Libraries\STM32F10x_StdPeriph_Driver\src\stm32f10x_rcc.c(828): warning:  #223-D: function "assert_param" declared implicitly
..\..\..\Libraries\STM32F10x_StdPeriph_Driver\src\stm32f10x_rcc.c(861): warning:  #223-D: function "assert_param" declared implicitly
..\..\..\Libraries\STM32F10x_StdPeriph_Driver\src\stm32f10x_rcc.c(878): warning:  #223-D: function "assert_param" declared implicitly
..\..\..\Libraries\STM32F10x_StdPeriph_Driver\src\stm32f10x_rcc.c(892): warning:  #223-D: function "assert_param" declared implicitly
..\..\..\Libraries\STM32F10x_StdPeriph_Driver\src\stm32f10x_rcc.c(1050): warning:  #223-D: function "assert_param" declared implicitly
..\..\..\Libraries\STM32F10x_StdPeriph_Driver\src\stm32f10x_rcc.c(1079): warning:  #223-D: function "assert_param" declared implicitly
..\..\..\Libraries\STM32F10x_StdPeriph_Driver\src\stm32f10x_rcc.c(1109): warning:  #223-D: function "assert_param" declared implicitly
..\..\..\Libraries\STM32F10x_StdPeriph_Driver\src\stm32f10x_rcc.c(1166): warning:  #223-D: function "assert_param" declared implicitly
..\..\..\Libraries\STM32F10x_StdPeriph_Driver\src\stm32f10x_rcc.c(1196): warning:  #223-D: function "assert_param" declared implicitly
..\..\..\Libraries\STM32F10x_StdPeriph_Driver\src\stm32f10x_rcc.c(1217): warning:  #223-D: function "assert_param" declared implicitly
..\..\..\Libraries\STM32F10x_StdPeriph_Driver\src\stm32f10x_rcc.c(1230): warning:  #223-D: function "assert_param" declared implicitly
..\..\..\Libraries\STM32F10x_StdPeriph_Driver\src\stm32f10x_rcc.c(1262): warning:  #223-D: function "assert_param" declared implicitly
..\..\..\Libraries\STM32F10x_StdPeriph_Driver\src\stm32f10x_rcc.c(1309): warning:  #223-D: function "assert_param" declared implicitly
..\..\..\Libraries\STM32F10x_StdPeriph_Driver\src\stm32f10x_rcc.c(1383): warning:  #223-D: function "assert_param" declared implicitly
..\..\..\Libraries\STM32F10x_StdPeriph_Driver\src\stm32f10x_rcc.c(1428): warning:  #223-D: function "assert_param" declared implicitly
compiling stm32f10x_rtc.c...
..\..\..\Libraries\STM32F10x_StdPeriph_Driver\src\stm32f10x_rtc.c(95): warning:  #223-D: function "assert_param" declared implicitly
..\..\..\Libraries\STM32F10x_StdPeriph_Driver\src\stm32f10x_rtc.c(165): warning:  #223-D: function "assert_param" declared implicitly
..\..\..\Libraries\STM32F10x_StdPeriph_Driver\src\stm32f10x_rtc.c(251): warning:  #223-D: function "assert_param" declared implicitly
..\..\..\Libraries\STM32F10x_StdPeriph_Driver\src\stm32f10x_rtc.c(278): warning:  #223-D: function "assert_param" declared implicitly
..\..\..\Libraries\STM32F10x_StdPeriph_Driver\src\stm32f10x_rtc.c(297): warning:  #223-D: function "assert_param" declared implicitly
..\..\..\Libraries\STM32F10x_StdPeriph_Driver\src\stm32f10x_rtc.c(323): warning:  #223-D: function "assert_param" declared implicitly
compiling stm32f10x_spi.c...
..\..\..\Libraries\STM32F10x_StdPeriph_Driver\src\stm32f10x_spi.c(121): warning:  #223-D: function "assert_param" declared implicitly
..\..\..\Libraries\STM32F10x_StdPeriph_Driver\src\stm32f10x_spi.c(162): warning:  #223-D: function "assert_param" declared implicitly
..\..\..\Libraries\STM32F10x_StdPeriph_Driver\src\stm32f10x_spi.c(226): warning:  #223-D: function "assert_param" declared implicitly
..\..\..\Libraries\STM32F10x_StdPeriph_Driver\src\stm32f10x_spi.c(429): warning:  #223-D: function "assert_param" declared implicitly
..\..\..\Libraries\STM32F10x_StdPeriph_Driver\src\stm32f10x_spi.c(453): warning:  #223-D: function "assert_param" declared implicitly
..\..\..\Libraries\STM32F10x_StdPeriph_Driver\src\stm32f10x_spi.c(485): warning:  #223-D: function "assert_param" declared implicitly
..\..\..\Libraries\STM32F10x_StdPeriph_Driver\src\stm32f10x_spi.c(523): warning:  #223-D: function "assert_param" declared implicitly
..\..\..\Libraries\STM32F10x_StdPeriph_Driver\src\stm32f10x_spi.c(549): warning:  #223-D: function "assert_param" declared implicitly
..\..\..\Libraries\STM32F10x_StdPeriph_Driver\src\stm32f10x_spi.c(565): warning:  #223-D: function "assert_param" declared implicitly
..\..\..\Libraries\STM32F10x_StdPeriph_Driver\src\stm32f10x_spi.c(583): warning:  #223-D: function "assert_param" declared implicitly
..\..\..\Libraries\STM32F10x_StdPeriph_Driver\src\stm32f10x_spi.c(607): warning:  #223-D: function "assert_param" declared implicitly
..\..\..\Libraries\STM32F10x_StdPeriph_Driver\src\stm32f10x_spi.c(633): warning:  #223-D: function "assert_param" declared implicitly
..\..\..\Libraries\STM32F10x_StdPeriph_Driver\src\stm32f10x_spi.c(649): warning:  #223-D: function "assert_param" declared implicitly
..\..\..\Libraries\STM32F10x_StdPeriph_Driver\src\stm32f10x_spi.c(665): warning:  #223-D: function "assert_param" declared implicitly
..\..\..\Libraries\STM32F10x_StdPeriph_Driver\src\stm32f10x_spi.c(692): warning:  #223-D: function "assert_param" declared implicitly
..\..\..\Libraries\STM32F10x_StdPeriph_Driver\src\stm32f10x_spi.c(716): warning:  #223-D: function "assert_param" declared implicitly
..\..\..\Libraries\STM32F10x_StdPeriph_Driver\src\stm32f10x_spi.c(734): warning:  #223-D: function "assert_param" declared implicitly
..\..\..\Libraries\STM32F10x_StdPeriph_Driver\src\stm32f10x_spi.c(769): warning:  #223-D: function "assert_param" declared implicitly
..\..\..\Libraries\STM32F10x_StdPeriph_Driver\src\stm32f10x_spi.c(806): warning:  #223-D: function "assert_param" declared implicitly
..\..\..\Libraries\STM32F10x_StdPeriph_Driver\src\stm32f10x_spi.c(834): warning:  #223-D: function "assert_param" declared implicitly
..\..\..\Libraries\STM32F10x_StdPeriph_Driver\src\stm32f10x_spi.c(886): warning:  #223-D: function "assert_param" declared implicitly
compiling stm32f10x_usart.c...
..\..\..\Libraries\STM32F10x_StdPeriph_Driver\src\stm32f10x_usart.c(123): warning:  #223-D: function "assert_param" declared implicitly
..\..\..\Libraries\STM32F10x_StdPeriph_Driver\src\stm32f10x_usart.c(173): warning:  #223-D: function "assert_param" declared implicitly
..\..\..\Libraries\STM32F10x_StdPeriph_Driver\src\stm32f10x_usart.c(274): warning:  #223-D: function "assert_param" declared implicitly
..\..\..\Libraries\STM32F10x_StdPeriph_Driver\src\stm32f10x_usart.c(322): warning:  #223-D: function "assert_param" declared implicitly
..\..\..\Libraries\STM32F10x_StdPeriph_Driver\src\stm32f10x_usart.c(361): warning:  #223-D: function "assert_param" declared implicitly
..\..\..\Libraries\STM32F10x_StdPeriph_Driver\src\stm32f10x_usart.c(418): warning:  #223-D: function "assert_param" declared implicitly
..\..\..\Libraries\STM32F10x_StdPeriph_Driver\src\stm32f10x_usart.c(446): warning:  #223-D: function "assert_param" declared implicitly
..\..\..\Libraries\STM32F10x_StdPeriph_Driver\src\stm32f10x_usart.c(469): warning:  #223-D: function "assert_param" declared implicitly
..\..\..\Libraries\STM32F10x_StdPeriph_Driver\src\stm32f10x_usart.c(488): warning:  #223-D: function "assert_param" declared implicitly
..\..\..\Libraries\STM32F10x_StdPeriph_Driver\src\stm32f10x_usart.c(517): warning:  #223-D: function "assert_param" declared implicitly
..\..\..\Libraries\STM32F10x_StdPeriph_Driver\src\stm32f10x_usart.c(536): warning:  #223-D: function "assert_param" declared implicitly
..\..\..\Libraries\STM32F10x_StdPeriph_Driver\src\stm32f10x_usart.c(562): warning:  #223-D: function "assert_param" declared implicitly
..\..\..\Libraries\STM32F10x_StdPeriph_Driver\src\stm32f10x_usart.c(579): warning:  #223-D: function "assert_param" declared implicitly
..\..\..\Libraries\STM32F10x_StdPeriph_Driver\src\stm32f10x_usart.c(595): warning:  #223-D: function "assert_param" declared implicitly
..\..\..\Libraries\STM32F10x_StdPeriph_Driver\src\stm32f10x_usart.c(611): warning:  #223-D: function "assert_param" declared implicitly
..\..\..\Libraries\STM32F10x_StdPeriph_Driver\src\stm32f10x_usart.c(631): warning:  #223-D: function "assert_param" declared implicitly
..\..\..\Libraries\STM32F10x_StdPeriph_Driver\src\stm32f10x_usart.c(650): warning:  #223-D: function "assert_param" declared implicitly
..\..\..\Libraries\STM32F10x_StdPeriph_Driver\src\stm32f10x_usart.c(675): warning:  #223-D: function "assert_param" declared implicitly
..\..\..\Libraries\STM32F10x_StdPeriph_Driver\src\stm32f10x_usart.c(701): warning:  #223-D: function "assert_param" declared implicitly
..\..\..\Libraries\STM32F10x_StdPeriph_Driver\src\stm32f10x_usart.c(730): warning:  #223-D: function "assert_param" declared implicitly
..\..\..\Libraries\STM32F10x_StdPeriph_Driver\src\stm32f10x_usart.c(749): warning:  #223-D: function "assert_param" declared implicitly
..\..\..\Libraries\STM32F10x_StdPeriph_Driver\src\stm32f10x_usart.c(787): warning:  #223-D: function "assert_param" declared implicitly
..\..\..\Libraries\STM32F10x_StdPeriph_Driver\src\stm32f10x_usart.c(835): warning:  #223-D: function "assert_param" declared implicitly
..\..\..\Libraries\STM32F10x_StdPeriph_Driver\src\stm32f10x_usart.c(870): warning:  #223-D: function "assert_param" declared implicitly
..\..\..\Libraries\STM32F10x_StdPeriph_Driver\src\stm32f10x_usart.c(943): warning:  #223-D: function "assert_param" declared implicitly
compiling stm32f10x_wwdg.c...
..\..\..\Libraries\STM32F10x_StdPeriph_Driver\src\stm32f10x_wwdg.c(121): warning:  #223-D: function "assert_param" declared implicitly
..\..\..\Libraries\STM32F10x_StdPeriph_Driver\src\stm32f10x_wwdg.c(141): warning:  #223-D: function "assert_param" declared implicitly
..\..\..\Libraries\STM32F10x_StdPeriph_Driver\src\stm32f10x_wwdg.c(172): warning:  #223-D: function "assert_param" declared implicitly
..\..\..\Libraries\STM32F10x_StdPeriph_Driver\src\stm32f10x_wwdg.c(187): warning:  #223-D: function "assert_param" declared implicitly
compiling misc.c...
..\..\..\Libraries\STM32F10x_StdPeriph_Driver\src\misc.c(98): warning:  #223-D: function "assert_param" declared implicitly
..\..\..\Libraries\STM32F10x_StdPeriph_Driver\src\misc.c(114): warning:  #223-D: function "assert_param" declared implicitly
..\..\..\Libraries\STM32F10x_StdPeriph_Driver\src\misc.c(155): warning:  #223-D: function "assert_param" declared implicitly
..\..\..\Libraries\STM32F10x_StdPeriph_Driver\src\misc.c(174): warning:  #223-D: function "assert_param" declared implicitly
..\..\..\Libraries\STM32F10x_StdPeriph_Driver\src\misc.c(198): warning:  #223-D: function "assert_param" declared implicitly
compiling stm32f10x_bkp.c...
..\..\..\Libraries\STM32F10x_StdPeriph_Driver\src\stm32f10x_bkp.c(140): warning:  #223-D: function "assert_param" declared implicitly
..\..\..\Libraries\STM32F10x_StdPeriph_Driver\src\stm32f10x_bkp.c(153): warning:  #223-D: function "assert_param" declared implicitly
..\..\..\Libraries\STM32F10x_StdPeriph_Driver\src\stm32f10x_bkp.c(166): warning:  #223-D: function "assert_param" declared implicitly
..\..\..\Libraries\STM32F10x_StdPeriph_Driver\src\stm32f10x_bkp.c(187): warning:  #223-D: function "assert_param" declared implicitly
..\..\..\Libraries\STM32F10x_StdPeriph_Driver\src\stm32f10x_bkp.c(208): warning:  #223-D: function "assert_param" declared implicitly
..\..\..\Libraries\STM32F10x_StdPeriph_Driver\src\stm32f10x_bkp.c(230): warning:  #223-D: function "assert_param" declared implicitly
..\..\..\Libraries\STM32F10x_StdPeriph_Driver\src\stm32f10x_bkp.c(249): warning:  #223-D: function "assert_param" declared implicitly
compiling stm32f10x_can.c...
..\..\..\Libraries\STM32F10x_StdPeriph_Driver\src\stm32f10x_can.c(146): warning:  #223-D: function "assert_param" declared implicitly
..\..\..\Libraries\STM32F10x_StdPeriph_Driver\src\stm32f10x_can.c(178): warning:  #223-D: function "assert_param" declared implicitly
..\..\..\Libraries\STM32F10x_StdPeriph_Driver\src\stm32f10x_can.c(312): warning:  #223-D: function "assert_param" declared implicitly
..\..\..\Libraries\STM32F10x_StdPeriph_Driver\src\stm32f10x_can.c(436): warning:  #223-D: function "assert_param" declared implicitly
..\..\..\Libraries\STM32F10x_StdPeriph_Driver\src\stm32f10x_can.c(462): warning:  #223-D: function "assert_param" declared implicitly
..\..\..\Libraries\STM32F10x_StdPeriph_Driver\src\stm32f10x_can.c(490): warning:  #223-D: function "assert_param" declared implicitly
..\..\..\Libraries\STM32F10x_StdPeriph_Driver\src\stm32f10x_can.c(561): warning:  #223-D: function "assert_param" declared implicitly
..\..\..\Libraries\STM32F10x_StdPeriph_Driver\src\stm32f10x_can.c(608): warning:  #223-D: function "assert_param" declared implicitly
..\..\..\Libraries\STM32F10x_StdPeriph_Driver\src\stm32f10x_can.c(633): warning:  #223-D: function "assert_param" declared implicitly
..\..\..\Libraries\STM32F10x_StdPeriph_Driver\src\stm32f10x_can.c(657): warning:  #223-D: function "assert_param" declared implicitly
..\..\..\Libraries\STM32F10x_StdPeriph_Driver\src\stm32f10x_can.c(685): warning:  #223-D: function "assert_param" declared implicitly
..\..\..\Libraries\STM32F10x_StdPeriph_Driver\src\stm32f10x_can.c(726): warning:  #223-D: function "assert_param" declared implicitly
..\..\..\Libraries\STM32F10x_StdPeriph_Driver\src\stm32f10x_can.c(751): warning:  #223-D: function "assert_param" declared implicitly
..\..\..\Libraries\STM32F10x_StdPeriph_Driver\src\stm32f10x_can.c(777): warning:  #223-D: function "assert_param" declared implicitly
..\..\..\Libraries\STM32F10x_StdPeriph_Driver\src\stm32f10x_can.c(807): warning:  #223-D: function "assert_param" declared implicitly
..\..\..\Libraries\STM32F10x_StdPeriph_Driver\src\stm32f10x_can.c(833): warning:  #223-D: function "assert_param" declared implicitly
..\..\..\Libraries\STM32F10x_StdPeriph_Driver\src\stm32f10x_can.c(853): warning:  #223-D: function "assert_param" declared implicitly
..\..\..\Libraries\STM32F10x_StdPeriph_Driver\src\stm32f10x_can.c(910): warning:  #223-D: function "assert_param" declared implicitly
compiling stm32f10x_gpio.c...
..\..\..\Libraries\STM32F10x_StdPeriph_Driver\src\stm32f10x_gpio.c(110): warning:  #223-D: function "assert_param" declared implicitly
..\..\..\Libraries\STM32F10x_StdPeriph_Driver\src\stm32f10x_gpio.c(177): warning:  #223-D: function "assert_param" declared implicitly
..\..\..\Libraries\STM32F10x_StdPeriph_Driver\src\stm32f10x_gpio.c(285): warning:  #223-D: function "assert_param" declared implicitly
..\..\..\Libraries\STM32F10x_StdPeriph_Driver\src\stm32f10x_gpio.c(307): warning:  #223-D: function "assert_param" declared implicitly
..\..\..\Libraries\STM32F10x_StdPeriph_Driver\src\stm32f10x_gpio.c(323): warning:  #223-D: function "assert_param" declared implicitly
..\..\..\Libraries\STM32F10x_StdPeriph_Driver\src\stm32f10x_gpio.c(345): warning:  #223-D: function "assert_param" declared implicitly
..\..\..\Libraries\STM32F10x_StdPeriph_Driver\src\stm32f10x_gpio.c(360): warning:  #223-D: function "assert_param" declared implicitly
..\..\..\Libraries\STM32F10x_StdPeriph_Driver\src\stm32f10x_gpio.c(376): warning:  #223-D: function "assert_param" declared implicitly
..\..\..\Libraries\STM32F10x_StdPeriph_Driver\src\stm32f10x_gpio.c(396): warning:  #223-D: function "assert_param" declared implicitly
..\..\..\Libraries\STM32F10x_StdPeriph_Driver\src\stm32f10x_gpio.c(418): warning:  #223-D: function "assert_param" declared implicitly
..\..\..\Libraries\STM32F10x_StdPeriph_Driver\src\stm32f10x_gpio.c(435): warning:  #223-D: function "assert_param" declared implicitly
..\..\..\Libraries\STM32F10x_StdPeriph_Driver\src\stm32f10x_gpio.c(464): warning:  #223-D: function "assert_param" declared implicitly
..\..\..\Libraries\STM32F10x_StdPeriph_Driver\src\stm32f10x_gpio.c(484): warning:  #223-D: function "assert_param" declared implicitly
..\..\..\Libraries\STM32F10x_StdPeriph_Driver\src\stm32f10x_gpio.c(534): warning:  #223-D: function "assert_param" declared implicitly
..\..\..\Libraries\STM32F10x_StdPeriph_Driver\src\stm32f10x_gpio.c(579): warning:  #223-D: function "assert_param" declared implicitly
..\..\..\Libraries\STM32F10x_StdPeriph_Driver\src\stm32f10x_gpio.c(598): warning:  #223-D: function "assert_param" declared implicitly
compiling stm32f10x_i2c.c...
..\..\..\Libraries\STM32F10x_StdPeriph_Driver\src\stm32f10x_i2c.c(164): warning:  #223-D: function "assert_param" declared implicitly
..\..\..\Libraries\STM32F10x_StdPeriph_Driver\src\stm32f10x_i2c.c(197): warning:  #223-D: function "assert_param" declared implicitly
..\..\..\Libraries\STM32F10x_StdPeriph_Driver\src\stm32f10x_i2c.c(324): warning:  #223-D: function "assert_param" declared implicitly
..\..\..\Libraries\STM32F10x_StdPeriph_Driver\src\stm32f10x_i2c.c(348): warning:  #223-D: function "assert_param" declared implicitly
..\..\..\Libraries\STM32F10x_StdPeriph_Driver\src\stm32f10x_i2c.c(372): warning:  #223-D: function "assert_param" declared implicitly
..\..\..\Libraries\STM32F10x_StdPeriph_Driver\src\stm32f10x_i2c.c(396): warning:  #223-D: function "assert_param" declared implicitly
..\..\..\Libraries\STM32F10x_StdPeriph_Driver\src\stm32f10x_i2c.c(420): warning:  #223-D: function "assert_param" declared implicitly
..\..\..\Libraries\STM32F10x_StdPeriph_Driver\src\stm32f10x_i2c.c(444): warning:  #223-D: function "assert_param" declared implicitly
..\..\..\Libraries\STM32F10x_StdPeriph_Driver\src\stm32f10x_i2c.c(469): warning:  #223-D: function "assert_param" declared implicitly
..\..\..\Libraries\STM32F10x_StdPeriph_Driver\src\stm32f10x_i2c.c(494): warning:  #223-D: function "assert_param" declared implicitly
..\..\..\Libraries\STM32F10x_StdPeriph_Driver\src\stm32f10x_i2c.c(518): warning:  #223-D: function "assert_param" declared implicitly
..\..\..\Libraries\STM32F10x_StdPeriph_Driver\src\stm32f10x_i2c.c(547): warning:  #223-D: function "assert_param" declared implicitly
..\..\..\Libraries\STM32F10x_StdPeriph_Driver\src\stm32f10x_i2c.c(572): warning:  #223-D: function "assert_param" declared implicitly
..\..\..\Libraries\STM32F10x_StdPeriph_Driver\src\stm32f10x_i2c.c(585): warning:  #223-D: function "assert_param" declared implicitly
..\..\..\Libraries\STM32F10x_StdPeriph_Driver\src\stm32f10x_i2c.c(603): warning:  #223-D: function "assert_param" declared implicitly
..\..\..\Libraries\STM32F10x_StdPeriph_Driver\src\stm32f10x_i2c.c(640): warning:  #223-D: function "assert_param" declared implicitly
..\..\..\Libraries\STM32F10x_StdPeriph_Driver\src\stm32f10x_i2c.c(660): warning:  #223-D: function "assert_param" declared implicitly
..\..\..\Libraries\STM32F10x_StdPeriph_Driver\src\stm32f10x_i2c.c(686): warning:  #223-D: function "assert_param" declared implicitly
..\..\..\Libraries\STM32F10x_StdPeriph_Driver\src\stm32f10x_i2c.c(710): warning:  #223-D: function "assert_param" declared implicitly
..\..\..\Libraries\STM32F10x_StdPeriph_Driver\src\stm32f10x_i2c.c(736): warning:  #223-D: function "assert_param" declared implicitly
..\..\..\Libraries\STM32F10x_StdPeriph_Driver\src\stm32f10x_i2c.c(760): warning:  #223-D: function "assert_param" declared implicitly
..\..\..\Libraries\STM32F10x_StdPeriph_Driver\src\stm32f10x_i2c.c(782): warning:  #223-D: function "assert_param" declared implicitly
..\..\..\Libraries\STM32F10x_StdPeriph_Driver\src\stm32f10x_i2c.c(797): warning:  #223-D: function "assert_param" declared implicitly
..\..\..\Libraries\STM32F10x_StdPeriph_Driver\src\stm32f10x_i2c.c(821): warning:  #223-D: function "assert_param" declared implicitly
..\..\..\Libraries\STM32F10x_StdPeriph_Driver\src\stm32f10x_i2c.c(847): warning:  #223-D: function "assert_param" declared implicitly
..\..\..\Libraries\STM32F10x_StdPeriph_Driver\src\stm32f10x_i2c.c(871): warning:  #223-D: function "assert_param" declared implicitly
..\..\..\Libraries\STM32F10x_StdPeriph_Driver\src\stm32f10x_i2c.c(908): warning:  #223-D: function "assert_param" declared implicitly
..\..\..\Libraries\STM32F10x_StdPeriph_Driver\src\stm32f10x_i2c.c(970): warning:  #223-D: function "assert_param" declared implicitly
..\..\..\Libraries\STM32F10x_StdPeriph_Driver\src\stm32f10x_i2c.c(1045): warning:  #223-D: function "assert_param" declared implicitly
..\..\..\Libraries\STM32F10x_StdPeriph_Driver\src\stm32f10x_i2c.c(1084): warning:  #223-D: function "assert_param" declared implicitly
..\..\..\Libraries\STM32F10x_StdPeriph_Driver\src\stm32f10x_i2c.c(1140): warning:  #223-D: function "assert_param" declared implicitly
compiling stm32f10x_tim.c...
..\..\..\Libraries\STM32F10x_StdPeriph_Driver\src\stm32f10x_tim.c(190): warning:  #223-D: function "assert_param" declared implicitly
..\..\..\Libraries\STM32F10x_StdPeriph_Driver\src\stm32f10x_tim.c(248): warning:  #223-D: function "assert_param" declared implicitly
..\..\..\Libraries\STM32F10x_StdPeriph_Driver\src\stm32f10x_tim.c(285): warning:  #223-D: function "assert_param" declared implicitly
..\..\..\Libraries\STM32F10x_StdPeriph_Driver\src\stm32f10x_tim.c(364): warning:  #223-D: function "assert_param" declared implicitly
..\..\..\Libraries\STM32F10x_StdPeriph_Driver\src\stm32f10x_tim.c(443): warning:  #223-D: function "assert_param" declared implicitly
..\..\..\Libraries\STM32F10x_StdPeriph_Driver\src\stm32f10x_tim.c(522): warning:  #223-D: function "assert_param" declared implicitly
..\..\..\Libraries\STM32F10x_StdPeriph_Driver\src\stm32f10x_tim.c(583): warning:  #223-D: function "assert_param" declared implicitly
..\..\..\Libraries\STM32F10x_StdPeriph_Driver\src\stm32f10x_tim.c(641): warning:  #223-D: function "assert_param" declared implicitly
..\..\..\Libraries\STM32F10x_StdPeriph_Driver\src\stm32f10x_tim.c(697): warning:  #223-D: function "assert_param" declared implicitly
..\..\..\Libraries\STM32F10x_StdPeriph_Driver\src\stm32f10x_tim.c(791): warning:  #223-D: function "assert_param" declared implicitly
..\..\..\Libraries\STM32F10x_StdPeriph_Driver\src\stm32f10x_tim.c(816): warning:  #223-D: function "assert_param" declared implicitly
..\..\..\Libraries\STM32F10x_StdPeriph_Driver\src\stm32f10x_tim.c(853): warning:  #223-D: function "assert_param" declared implicitly
..\..\..\Libraries\STM32F10x_StdPeriph_Driver\src\stm32f10x_tim.c(890): warning:  #223-D: function "assert_param" declared implicitly
..\..\..\Libraries\STM32F10x_StdPeriph_Driver\src\stm32f10x_tim.c(917): warning:  #223-D: function "assert_param" declared implicitly
..\..\..\Libraries\STM32F10x_StdPeriph_Driver\src\stm32f10x_tim.c(943): warning:  #223-D: function "assert_param" declared implicitly
..\..\..\Libraries\STM32F10x_StdPeriph_Driver\src\stm32f10x_tim.c(967): warning:  #223-D: function "assert_param" declared implicitly
..\..\..\Libraries\STM32F10x_StdPeriph_Driver\src\stm32f10x_tim.c(986): warning:  #223-D: function "assert_param" declared implicitly
..\..\..\Libraries\STM32F10x_StdPeriph_Driver\src\stm32f10x_tim.c(1014): warning:  #223-D: function "assert_param" declared implicitly
..\..\..\Libraries\STM32F10x_StdPeriph_Driver\src\stm32f10x_tim.c(1055): warning:  #223-D: function "assert_param" declared implicitly
..\..\..\Libraries\STM32F10x_StdPeriph_Driver\src\stm32f10x_tim.c(1096): warning:  #223-D: function "assert_param" declared implicitly
..\..\..\Libraries\STM32F10x_StdPeriph_Driver\src\stm32f10x_tim.c(1128): warning:  #223-D: function "assert_param" declared implicitly
..\..\..\Libraries\STM32F10x_StdPeriph_Driver\src\stm32f10x_tim.c(1154): warning:  #223-D: function "assert_param" declared implicitly
..\..\..\Libraries\STM32F10x_StdPeriph_Driver\src\stm32f10x_tim.c(1178): warning:  #223-D: function "assert_param" declared implicitly
..\..\..\Libraries\STM32F10x_StdPeriph_Driver\src\stm32f10x_tim.c(1208): warning:  #223-D: function "assert_param" declared implicitly
..\..\..\Libraries\STM32F10x_StdPeriph_Driver\src\stm32f10x_tim.c(1247): warning:  #223-D: function "assert_param" declared implicitly
..\..\..\Libraries\STM32F10x_StdPeriph_Driver\src\stm32f10x_tim.c(1296): warning:  #223-D: function "assert_param" declared implicitly
..\..\..\Libraries\STM32F10x_StdPeriph_Driver\src\stm32f10x_tim.c(1320): warning:  #223-D: function "assert_param" declared implicitly
..\..\..\Libraries\STM32F10x_StdPeriph_Driver\src\stm32f10x_tim.c(1344): warning:  #223-D: function "assert_param" declared implicitly
..\..\..\Libraries\STM32F10x_StdPeriph_Driver\src\stm32f10x_tim.c(1368): warning:  #223-D: function "assert_param" declared implicitly
..\..\..\Libraries\STM32F10x_StdPeriph_Driver\src\stm32f10x_tim.c(1389): warning:  #223-D: function "assert_param" declared implicitly
..\..\..\Libraries\STM32F10x_StdPeriph_Driver\src\stm32f10x_tim.c(1413): warning:  #223-D: function "assert_param" declared implicitly
..\..\..\Libraries\STM32F10x_StdPeriph_Driver\src\stm32f10x_tim.c(1437): warning:  #223-D: function "assert_param" declared implicitly
..\..\..\Libraries\STM32F10x_StdPeriph_Driver\src\stm32f10x_tim.c(1461): warning:  #223-D: function "assert_param" declared implicitly
..\..\..\Libraries\STM32F10x_StdPeriph_Driver\src\stm32f10x_tim.c(1488): warning:  #223-D: function "assert_param" declared implicitly
..\..\..\Libraries\STM32F10x_StdPeriph_Driver\src\stm32f10x_tim.c(1512): warning:  #223-D: function "assert_param" declared implicitly
..\..\..\Libraries\STM32F10x_StdPeriph_Driver\src\stm32f10x_tim.c(1536): warning:  #223-D: function "assert_param" declared implicitly
..\..\..\Libraries\STM32F10x_StdPeriph_Driver\src\stm32f10x_tim.c(1560): warning:  #223-D: function "assert_param" declared implicitly
..\..\..\Libraries\STM32F10x_StdPeriph_Driver\src\stm32f10x_tim.c(1584): warning:  #223-D: function "assert_param" declared implicitly
..\..\..\Libraries\STM32F10x_StdPeriph_Driver\src\stm32f10x_tim.c(1609): warning:  #223-D: function "assert_param" declared implicitly
..\..\..\Libraries\STM32F10x_StdPeriph_Driver\src\stm32f10x_tim.c(1634): warning:  #223-D: function "assert_param" declared implicitly
..\..\..\Libraries\STM32F10x_StdPeriph_Driver\src\stm32f10x_tim.c(1659): warning:  #223-D: function "assert_param" declared implicitly
..\..\..\Libraries\STM32F10x_StdPeriph_Driver\src\stm32f10x_tim.c(1684): warning:  #223-D: function "assert_param" declared implicitly
..\..\..\Libraries\STM32F10x_StdPeriph_Driver\src\stm32f10x_tim.c(1708): warning:  #223-D: function "assert_param" declared implicitly
..\..\..\Libraries\STM32F10x_StdPeriph_Driver\src\stm32f10x_tim.c(1732): warning:  #223-D: function "assert_param" declared implicitly
..\..\..\Libraries\STM32F10x_StdPeriph_Driver\src\stm32f10x_tim.c(1756): warning:  #223-D: function "assert_param" declared implicitly
..\..\..\Libraries\STM32F10x_StdPeriph_Driver\src\stm32f10x_tim.c(1780): warning:  #223-D: function "assert_param" declared implicitly
..\..\..\Libraries\STM32F10x_StdPeriph_Driver\src\stm32f10x_tim.c(1803): warning:  #223-D: function "assert_param" declared implicitly
..\..\..\Libraries\STM32F10x_StdPeriph_Driver\src\stm32f10x_tim.c(1827): warning:  #223-D: function "assert_param" declared implicitly
..\..\..\Libraries\STM32F10x_StdPeriph_Driver\src\stm32f10x_tim.c(1850): warning:  #223-D: function "assert_param" declared implicitly
..\..\..\Libraries\STM32F10x_StdPeriph_Driver\src\stm32f10x_tim.c(1874): warning:  #223-D: function "assert_param" declared implicitly
..\..\..\Libraries\STM32F10x_StdPeriph_Driver\src\stm32f10x_tim.c(1898): warning:  #223-D: function "assert_param" declared implicitly
..\..\..\Libraries\STM32F10x_StdPeriph_Driver\src\stm32f10x_tim.c(1922): warning:  #223-D: function "assert_param" declared implicitly
..\..\..\Libraries\STM32F10x_StdPeriph_Driver\src\stm32f10x_tim.c(1950): warning:  #223-D: function "assert_param" declared implicitly
..\..\..\Libraries\STM32F10x_StdPeriph_Driver\src\stm32f10x_tim.c(1980): warning:  #223-D: function "assert_param" declared implicitly
..\..\..\Libraries\STM32F10x_StdPeriph_Driver\src\stm32f10x_tim.c(2022): warning:  #223-D: function "assert_param" declared implicitly
..\..\..\Libraries\STM32F10x_StdPeriph_Driver\src\stm32f10x_tim.c(2066): warning:  #223-D: function "assert_param" declared implicitly
..\..\..\Libraries\STM32F10x_StdPeriph_Driver\src\stm32f10x_tim.c(2094): warning:  #223-D: function "assert_param" declared implicitly
..\..\..\Libraries\STM32F10x_StdPeriph_Driver\src\stm32f10x_tim.c(2118): warning:  #223-D: function "assert_param" declared implicitly
..\..\..\Libraries\STM32F10x_StdPeriph_Driver\src\stm32f10x_tim.c(2144): warning:  #223-D: function "assert_param" declared implicitly
..\..\..\Libraries\STM32F10x_StdPeriph_Driver\src\stm32f10x_tim.c(2176): warning:  #223-D: function "assert_param" declared implicitly
..\..\..\Libraries\STM32F10x_StdPeriph_Driver\src\stm32f10x_tim.c(2199): warning:  #223-D: function "assert_param" declared implicitly
..\..\..\Libraries\STM32F10x_StdPeriph_Driver\src\stm32f10x_tim.c(2220): warning:  #223-D: function "assert_param" declared implicitly
..\..\..\Libraries\STM32F10x_StdPeriph_Driver\src\stm32f10x_tim.c(2238): warning:  #223-D: function "assert_param" declared implicitly
..\..\..\Libraries\STM32F10x_StdPeriph_Driver\src\stm32f10x_tim.c(2252): warning:  #223-D: function "assert_param" declared implicitly
..\..\..\Libraries\STM32F10x_StdPeriph_Driver\src\stm32f10x_tim.c(2266): warning:  #223-D: function "assert_param" declared implicitly
..\..\..\Libraries\STM32F10x_StdPeriph_Driver\src\stm32f10x_tim.c(2280): warning:  #223-D: function "assert_param" declared implicitly
..\..\..\Libraries\STM32F10x_StdPeriph_Driver\src\stm32f10x_tim.c(2294): warning:  #223-D: function "assert_param" declared implicitly
..\..\..\Libraries\STM32F10x_StdPeriph_Driver\src\stm32f10x_tim.c(2308): warning:  #223-D: function "assert_param" declared implicitly
..\..\..\Libraries\STM32F10x_StdPeriph_Driver\src\stm32f10x_tim.c(2327): warning:  #223-D: function "assert_param" declared implicitly
..\..\..\Libraries\STM32F10x_StdPeriph_Driver\src\stm32f10x_tim.c(2349): warning:  #223-D: function "assert_param" declared implicitly
..\..\..\Libraries\STM32F10x_StdPeriph_Driver\src\stm32f10x_tim.c(2371): warning:  #223-D: function "assert_param" declared implicitly
..\..\..\Libraries\STM32F10x_StdPeriph_Driver\src\stm32f10x_tim.c(2393): warning:  #223-D: function "assert_param" declared implicitly
..\..\..\Libraries\STM32F10x_StdPeriph_Driver\src\stm32f10x_tim.c(2414): warning:  #223-D: function "assert_param" declared implicitly
..\..\..\Libraries\STM32F10x_StdPeriph_Driver\src\stm32f10x_tim.c(2430): warning:  #223-D: function "assert_param" declared implicitly
..\..\..\Libraries\STM32F10x_StdPeriph_Driver\src\stm32f10x_tim.c(2443): warning:  #223-D: function "assert_param" declared implicitly
..\..\..\Libraries\STM32F10x_StdPeriph_Driver\src\stm32f10x_tim.c(2456): warning:  #223-D: function "assert_param" declared implicitly
..\..\..\Libraries\STM32F10x_StdPeriph_Driver\src\stm32f10x_tim.c(2469): warning:  #223-D: function "assert_param" declared implicitly
..\..\..\Libraries\STM32F10x_StdPeriph_Driver\src\stm32f10x_tim.c(2482): warning:  #223-D: function "assert_param" declared implicitly
..\..\..\Libraries\STM32F10x_StdPeriph_Driver\src\stm32f10x_tim.c(2495): warning:  #223-D: function "assert_param" declared implicitly
..\..\..\Libraries\STM32F10x_StdPeriph_Driver\src\stm32f10x_tim.c(2526): warning:  #223-D: function "assert_param" declared implicitly
..\..\..\Libraries\STM32F10x_StdPeriph_Driver\src\stm32f10x_tim.c(2565): warning:  #223-D: function "assert_param" declared implicitly
..\..\..\Libraries\STM32F10x_StdPeriph_Driver\src\stm32f10x_tim.c(2595): warning:  #223-D: function "assert_param" declared implicitly
..\..\..\Libraries\STM32F10x_StdPeriph_Driver\src\stm32f10x_tim.c(2633): warning:  #223-D: function "assert_param" declared implicitly
compiling stm32f10x_adc.c...
..\..\..\Libraries\STM32F10x_StdPeriph_Driver\src\stm32f10x_adc.c(181): warning:  #223-D: function "assert_param" declared implicitly
..\..\..\Libraries\STM32F10x_StdPeriph_Driver\src\stm32f10x_adc.c(222): warning:  #223-D: function "assert_param" declared implicitly
..\..\..\Libraries\STM32F10x_StdPeriph_Driver\src\stm32f10x_adc.c(301): warning:  #223-D: function "assert_param" declared implicitly
..\..\..\Libraries\STM32F10x_StdPeriph_Driver\src\stm32f10x_adc.c(326): warning:  #223-D: function "assert_param" declared implicitly
..\..\..\Libraries\STM32F10x_StdPeriph_Driver\src\stm32f10x_adc.c(356): warning:  #223-D: function "assert_param" declared implicitly
..\..\..\Libraries\STM32F10x_StdPeriph_Driver\src\stm32f10x_adc.c(381): warning:  #223-D: function "assert_param" declared implicitly
..\..\..\Libraries\STM32F10x_StdPeriph_Driver\src\stm32f10x_adc.c(395): warning:  #223-D: function "assert_param" declared implicitly
..\..\..\Libraries\STM32F10x_StdPeriph_Driver\src\stm32f10x_adc.c(419): warning:  #223-D: function "assert_param" declared implicitly
..\..\..\Libraries\STM32F10x_StdPeriph_Driver\src\stm32f10x_adc.c(433): warning:  #223-D: function "assert_param" declared implicitly
..\..\..\Libraries\STM32F10x_StdPeriph_Driver\src\stm32f10x_adc.c(459): warning:  #223-D: function "assert_param" declared implicitly
..\..\..\Libraries\STM32F10x_StdPeriph_Driver\src\stm32f10x_adc.c(484): warning:  #223-D: function "assert_param" declared implicitly
..\..\..\Libraries\STM32F10x_StdPeriph_Driver\src\stm32f10x_adc.c(513): warning:  #223-D: function "assert_param" declared implicitly
..\..\..\Libraries\STM32F10x_StdPeriph_Driver\src\stm32f10x_adc.c(538): warning:  #223-D: function "assert_param" declared implicitly
..\..\..\Libraries\STM32F10x_StdPeriph_Driver\src\stm32f10x_adc.c(593): warning:  #223-D: function "assert_param" declared implicitly
..\..\..\Libraries\STM32F10x_StdPeriph_Driver\src\stm32f10x_adc.c(688): warning:  #223-D: function "assert_param" declared implicitly
..\..\..\Libraries\STM32F10x_StdPeriph_Driver\src\stm32f10x_adc.c(710): warning:  #223-D: function "assert_param" declared implicitly
..\..\..\Libraries\STM32F10x_StdPeriph_Driver\src\stm32f10x_adc.c(736): warning:  #223-D: function "assert_param" declared implicitly
..\..\..\Libraries\STM32F10x_StdPeriph_Driver\src\stm32f10x_adc.c(762): warning:  #223-D: function "assert_param" declared implicitly
..\..\..\Libraries\STM32F10x_StdPeriph_Driver\src\stm32f10x_adc.c(802): warning:  #223-D: function "assert_param" declared implicitly
..\..\..\Libraries\STM32F10x_StdPeriph_Driver\src\stm32f10x_adc.c(826): warning:  #223-D: function "assert_param" declared implicitly
..\..\..\Libraries\STM32F10x_StdPeriph_Driver\src\stm32f10x_adc.c(851): warning:  #223-D: function "assert_param" declared implicitly
..\..\..\Libraries\STM32F10x_StdPeriph_Driver\src\stm32f10x_adc.c(876): warning:  #223-D: function "assert_param" declared implicitly
..\..\..\Libraries\STM32F10x_StdPeriph_Driver\src\stm32f10x_adc.c(933): warning:  #223-D: function "assert_param" declared implicitly
..\..\..\Libraries\STM32F10x_StdPeriph_Driver\src\stm32f10x_adc.c(997): warning:  #223-D: function "assert_param" declared implicitly
..\..\..\Libraries\STM32F10x_StdPeriph_Driver\src\stm32f10x_adc.c(1029): warning:  #223-D: function "assert_param" declared implicitly
..\..\..\Libraries\STM32F10x_StdPeriph_Driver\src\stm32f10x_adc.c(1056): warning:  #223-D: function "assert_param" declared implicitly
..\..\..\Libraries\STM32F10x_StdPeriph_Driver\src\stm32f10x_adc.c(1085): warning:  #223-D: function "assert_param" declared implicitly
..\..\..\Libraries\STM32F10x_StdPeriph_Driver\src\stm32f10x_adc.c(1110): warning:  #223-D: function "assert_param" declared implicitly
[...]
..\..\..\Libraries\STM32F10x_StdPeriph_Driver\src\stm32f10x_flash.c(130): warning:  #223-D: function "assert_param" declared implicitly
..\..\..\Libraries\STM32F10x_StdPeriph_Driver\src\stm32f10x_flash.c(154): warning:  #223-D: function "assert_param" declared implicitly
..\..\..\Libraries\STM32F10x_StdPeriph_Driver\src\stm32f10x_flash.c(172): warning:  #223-D: function "assert_param" declared implicitly
..\..\..\Libraries\STM32F10x_StdPeriph_Driver\src\stm32f10x_flash.c(212): warning:  #223-D: function "assert_param" declared implicitly
..\..\..\Libraries\STM32F10x_StdPeriph_Driver\src\stm32f10x_flash.c(333): warning:  #223-D: function "assert_param" declared implicitly
..\..\..\Libraries\STM32F10x_StdPeriph_Driver\src\stm32f10x_flash.c(388): warning:  #223-D: function "assert_param" declared implicitly
..\..\..\Libraries\STM32F10x_StdPeriph_Driver\src\stm32f10x_flash.c(422): warning:  #223-D: function "assert_param" declared implicitly
..\..\..\Libraries\STM32F10x_StdPeriph_Driver\src\stm32f10x_flash.c(467): warning:  #223-D: function "assert_param" declared implicitly
..\..\..\Libraries\STM32F10x_StdPeriph_Driver\src\stm32f10x_flash.c(537): warning:  #223-D: function "assert_param" declared implicitly
..\..\..\Libraries\STM32F10x_StdPeriph_Driver\src\stm32f10x_flash.c(606): warning:  #223-D: function "assert_param" declared implicitly
..\..\..\Libraries\STM32F10x_StdPeriph_Driver\src\stm32f10x_flash.c(712): warning:  #223-D: function "assert_param" declared implicitly
..\..\..\Libraries\STM32F10x_StdPeriph_Driver\src\stm32f10x_flash.c(741): warning:  #223-D: function "assert_param" declared implicitly
..\..\..\Libraries\STM32F10x_StdPeriph_Driver\src\stm32f10x_flash.c(780): warning:  #223-D: function "assert_param" declared implicitly
compiling bsp.c...
compiling Init.c...
..\..\BSP\Init.c(75): error:  #20: identifier "RCC_PLLSource_PREDIV1" is undefined
compiling Message.c...
compiling SysCtrl.c...
..\..\BSP\SysCtrl.c(82): warning:  #550-D: variable "TmpFlag" was set but never used
..\..\BSP\SysCtrl.c(164): warning: C4017W: batgroup may be used before being set
compiling MbsSlave.c...
..\..\BSP\MbsSlave.c(248): warning:  #550-D: variable "msg" was set but never used
..\..\BSP\MbsSlave.c(251): warning:  #177-D: variable "TempDate" was declared but never referenced
..\..\BSP\MbsSlave.c(63): warning:  #177-D: function "ModbusErrRespond" was declared but never referenced
compiling appstart.c...
..\app\appstart.c(144): warning:  #177-D: variable "cpu_sr" was declared but never referenced
compiling appLCD.c...
..\app\appLCD.c(62): warning: C4017W: temp may be used before being set
..\app\appLCD.c(93): warning: C4017W: temp may be used before being set
compiling AppJdyTest.c...
..\app\AppJdyTest.c(33): warning:  #177-D: variable "msg" was declared but never referenced
compiling AppUpdate.c...
..\app\AppUpdate.c(28): warning:  #940-D: missing return statement at end of non-void function "CheckRcvData"
..\app\AppUpdate.c(33): warning:  #550-D: variable "ret" was set but never used
..\app\AppUpdate.c(71): warning:  #177-D: variable "msg" was declared but never referenced
compiling LcdComm.c...
..\app\LcdComm.c(701): warning:  #550-D: variable "msg" was set but never used
..\app\LcdComm.c(704): warning:  #177-D: variable "recom" was declared but never referenced
..\app\LcdComm.c(705): warning:  #177-D: variable "address" was declared but never referenced
..\app\LcdComm.c(705): warning:  #177-D: variable "bkpaddress" was declared but never referenced
..\app\LcdComm.c(706): warning:  #177-D: variable "batgroup" was declared but never referenced
..\app\LcdComm.c(707): warning:  #177-D: variable "ttm" was declared but never referenced
..\app\LcdComm.c(710): warning:  #177-D: variable "cpu_sr" was declared but never referenced
..\app\LcdComm.c(805): warning:  #550-D: variable "returnvalue" was set but never used
..\app\LcdComm.c(806): warning:  #550-D: variable "FloatReturnValue" was set but never used
..\app\LcdComm.c(807): warning:  #177-D: variable "i" was declared but never referenced
..\app\LcdComm.c(808): warning:  #177-D: variable "TempNO" was declared but never referenced
..\app\LcdComm.c(809): warning:  #177-D: variable "batgroup" was declared but never referenced
..\app\LcdComm.c(361): warning:  #177-D: function "LcdFillTransData" was declared but never referenced
..\app\LcdComm.c(389): warning:  #177-D: function "LcdFillTransData32" was declared but never referenced
..\app\LcdComm.c(703): warning: C4017W: DEVCOM may be used before being set
..\app\LcdComm.c(551): warning: C4017W: RcvLen may be used before being set
..\app\LcdComm.c(593): warning: C4017W: PageID may be used before being set
..\app\LcdComm.c(590): warning: C4017W: RcvLen may be used before being set
compiling cpu_c.c...
compiling lib_str.c...
..\..\uC-LIB\lib_str.c(1027): warning: C4017W: pstr_srch_ix may be used before being set
..\..\uC-LIB\lib_str.c(1026): warning: C4017W: srch_cmp may be used before being set
compiling lib_mem.c...
compiling os_time.c...
compiling os_tmr.c...
compiling os_core.c...
compiling os_flag.c...
compiling os_mbox.c...
compiling os_mem.c...
compiling os_mutex.c...
compiling os_q.c...
compiling os_sem.c...
compiling os_task.c...
compiling os_dbg.c...
compiling os_cpu_c.c...
compiling queue.c...
compiling ADC.c...
compiling crc.c...
compiling gpio.c...
..\..\STDriver\gpio\gpio.c(125): warning:  #188-D: enumerated type mixed with another type
..\..\STDriver\gpio\gpio.c(130): warning:  #188-D: enumerated type mixed with another type
..\..\STDriver\gpio\gpio.c(159): warning:  #177-D: variable "GPIO_InitStructure" was declared but never referenced
compiling i2c.c...
..\..\STDriver\i2c\i2c.c(353): warning:  #550-D: variable "rdaddr" was set but never used
..\..\STDriver\i2c\i2c.c(591): warning:  #177-D: variable "buff" was declared but never referenced
..\..\STDriver\i2c\i2c.c(615): warning:  #177-D: variable "buff" was declared but never referenced
..\..\STDriver\i2c\i2c.c(284): warning: C4017W: rdaddr may be used before being set
..\..\STDriver\i2c\i2c.c(284): warning: C4017W: wraddr may be used before being set
..\..\STDriver\i2c\i2c.c(353): warning: C4017W: wraddr may be used before being set
..\..\STDriver\i2c\i2c.c(460): warning: C4017W: ret may be used before being set
..\..\STDriver\i2c\i2c.c(514): warning: C4017W: rdaddr may be used before being set
..\..\STDriver\i2c\i2c.c(514): warning: C4017W: wraddr may be used before being set
compiling rtc.c...
compiling uart.c...
".\obj\JDY-Test.axf" - 1 Errors, 405 Warning(s).
Target not created
Rebuild target 'BAT5K-HOST'
assembling startup_stm32f10x_cl.s...
compiling core_cm3.c...
compiling system_stm32f10x.c...
compiling stm32f10x_it.c...
compiling stm32f10x_iwdg.c...
compiling stm32f10x_pwr.c...
compiling stm32f10x_rcc.c...
compiling stm32f10x_rtc.c...
compiling stm32f10x_spi.c...
compiling stm32f10x_usart.c...
compiling stm32f10x_wwdg.c...
compiling misc.c...
compiling stm32f10x_bkp.c...
compiling stm32f10x_can.c...
compiling stm32f10x_gpio.c...
compiling stm32f10x_i2c.c...
compiling stm32f10x_tim.c...
compiling stm32f10x_adc.c...
compiling stm32f10x_dbgmcu.c...
compiling stm32f10x_sdio.c...
compiling stm32f10x_fsmc.c...
compiling stm32f10x_dma.c...
compiling stm32f10x_crc.c...
compiling stm32f10x_dac.c...
compiling stm32f10x_exti.c...
compiling stm32f10x_flash.c...
compiling bsp.c...
compiling Init.c...
..\..\BSP\Init.c(75): error:  #20: identifier "RCC_PLLSource_PREDIV1" is undefined
compiling Message.c...
compiling SysCtrl.c...
..\..\BSP\SysCtrl.c(82): warning:  #550-D: variable "TmpFlag" was set but never used
..\..\BSP\SysCtrl.c(164): warning: C4017W: batgroup may be used before being set
compiling MbsSlave.c...
..\..\BSP\MbsSlave.c(248): warning:  #550-D: variable "msg" was set but never used
..\..\BSP\MbsSlave.c(251): warning:  #177-D: variable "TempDate" was declared but never referenced
..\..\BSP\MbsSlave.c(63): warning:  #177-D: function "ModbusErrRespond" was declared but never referenced
compiling appstart.c...
..\app\appstart.c(144): warning:  #177-D: variable "cpu_sr" was declared but never referenced
compiling appLCD.c...
..\app\appLCD.c(62): warning: C4017W: temp may be used before being set
..\app\appLCD.c(93): warning: C4017W: temp may be used before being set
compiling AppJdyTest.c...
..\app\AppJdyTest.c(33): warning:  #177-D: variable "msg" was declared but never referenced
compiling AppUpdate.c...
..\app\AppUpdate.c(28): warning:  #940-D: missing return statement at end of non-void function "CheckRcvData"
..\app\AppUpdate.c(33): warning:  #550-D: variable "ret" was set but never used
..\app\AppUpdate.c(71): warning:  #177-D: variable "msg" was declared but never referenced
compiling LcdComm.c...
..\app\LcdComm.c(701): warning:  #550-D: variable "msg" was set but never used
..\app\LcdComm.c(704): warning:  #177-D: variable "recom" was declared but never referenced
..\app\LcdComm.c(705): warning:  #177-D: variable "address" was declared but never referenced
..\app\LcdComm.c(705): warning:  #177-D: variable "bkpaddress" was declared but never referenced
..\app\LcdComm.c(706): warning:  #177-D: variable "batgroup" was declared but never referenced
..\app\LcdComm.c(707): warning:  #177-D: variable "ttm" was declared but never referenced
..\app\LcdComm.c(710): warning:  #177-D: variable "cpu_sr" was declared but never referenced
..\app\LcdComm.c(805): warning:  #550-D: variable "returnvalue" was set but never used
..\app\LcdComm.c(806): warning:  #550-D: variable "FloatReturnValue" was set but never used
..\app\LcdComm.c(807): warning:  #177-D: variable "i" was declared but never referenced
..\app\LcdComm.c(808): warning:  #177-D: variable "TempNO" was declared but never referenced
..\app\LcdComm.c(809): warning:  #177-D: variable "batgroup" was declared but never referenced
..\app\LcdComm.c(361): warning:  #177-D: function "LcdFillTransData" was declared but never referenced
..\app\LcdComm.c(389): warning:  #177-D: function "LcdFillTransData32" was declared but never referenced
..\app\LcdComm.c(703): warning: C4017W: DEVCOM may be used before being set
..\app\LcdComm.c(551): warning: C4017W: RcvLen may be used before being set
..\app\LcdComm.c(593): warning: C4017W: PageID may be used before being set
..\app\LcdComm.c(590): warning: C4017W: RcvLen may be used before being set
assembling cpu_a.asm...
compiling cpu_c.c...
compiling lib_str.c...
..\..\uC-LIB\lib_str.c(1027): warning: C4017W: pstr_srch_ix may be used before being set
..\..\uC-LIB\lib_str.c(1026): warning: C4017W: srch_cmp may be used before being set
compiling lib_mem.c...
assembling lib_mem_a.asm...
compiling os_time.c...
compiling os_tmr.c...
compiling os_core.c...
compiling os_flag.c...
compiling os_mbox.c...
compiling os_mem.c...
compiling os_mutex.c...
compiling os_q.c...
compiling os_sem.c...
compiling os_task.c...
compiling os_dbg.c...
assembling os_cpu_a.asm...
compiling os_cpu_c.c...
compiling queue.c...
compiling ADC.c...
compiling crc.c...
compiling gpio.c...
..\..\STDriver\gpio\gpio.c(125): warning:  #188-D: enumerated type mixed with another type
..\..\STDriver\gpio\gpio.c(130): warning:  #188-D: enumerated type mixed with another type
..\..\STDriver\gpio\gpio.c(159): warning:  #177-D: variable "GPIO_InitStructure" was declared but never referenced
compiling i2c.c...
..\..\STDriver\i2c\i2c.c(353): warning:  #550-D: variable "rdaddr" was set but never used
..\..\STDriver\i2c\i2c.c(591): warning:  #177-D: variable "buff" was declared but never referenced
..\..\STDriver\i2c\i2c.c(615): warning:  #177-D: variable "buff" was declared but never referenced
..\..\STDriver\i2c\i2c.c(284): warning: C4017W: rdaddr may be used before being set
..\..\STDriver\i2c\i2c.c(284): warning: C4017W: wraddr may be used before being set
..\..\STDriver\i2c\i2c.c(353): warning: C4017W: wraddr may be used before being set
..\..\STDriver\i2c\i2c.c(460): warning: C4017W: ret may be used before being set
..\..\STDriver\i2c\i2c.c(514): warning: C4017W: rdaddr may be used before being set
..\..\STDriver\i2c\i2c.c(514): warning: C4017W: wraddr may be used before being set
compiling rtc.c...
compiling uart.c...
".\obj\JDY-Test.axf" - 1 Errors, 44 Warning(s).
Target not created
Build target 'BAT5K-HOST'
compiling core_cm3.c...
compiling system_stm32f10x.c...
compiling stm32f10x_it.c...
compiling stm32f10x_iwdg.c...
compiling stm32f10x_pwr.c...
compiling stm32f10x_rcc.c...
compiling stm32f10x_rtc.c...
compiling stm32f10x_spi.c...
compiling stm32f10x_usart.c...
compiling stm32f10x_wwdg.c...
compiling misc.c...
compiling stm32f10x_bkp.c...
compiling stm32f10x_can.c...
compiling stm32f10x_gpio.c...
compiling stm32f10x_i2c.c...
compiling stm32f10x_tim.c...
compiling stm32f10x_adc.c...
compiling stm32f10x_dbgmcu.c...
compiling stm32f10x_sdio.c...
compiling stm32f10x_fsmc.c...
compiling stm32f10x_dma.c...
compiling stm32f10x_crc.c...
compiling stm32f10x_dac.c...
compiling stm32f10x_exti.c...
compiling stm32f10x_flash.c...
compiling bsp.c...
compiling Init.c...
compiling Message.c...
compiling SysCtrl.c...
..\..\BSP\SysCtrl.c(82): warning:  #550-D: variable "TmpFlag" was set but never used
..\..\BSP\SysCtrl.c(164): warning: C4017W: batgroup may be used before being set
compiling MbsSlave.c...
..\..\BSP\MbsSlave.c(248): warning:  #550-D: variable "msg" was set but never used
..\..\BSP\MbsSlave.c(251): warning:  #177-D: variable "TempDate" was declared but never referenced
..\..\BSP\MbsSlave.c(63): warning:  #177-D: function "ModbusErrRespond" was declared but never referenced
compiling appstart.c...
..\app\appstart.c(144): warning:  #177-D: variable "cpu_sr" was declared but never referenced
compiling appLCD.c...
..\app\appLCD.c(62): warning: C4017W: temp may be used before being set
..\app\appLCD.c(93): warning: C4017W: temp may be used before being set
compiling AppJdyTest.c...
..\app\AppJdyTest.c(33): warning:  #177-D: variable "msg" was declared but never referenced
compiling AppUpdate.c...
..\app\AppUpdate.c(28): warning:  #940-D: missing return statement at end of non-void function "CheckRcvData"
..\app\AppUpdate.c(33): warning:  #550-D: variable "ret" was set but never used
..\app\AppUpdate.c(71): warning:  #177-D: variable "msg" was declared but never referenced
compiling LcdComm.c...
..\app\LcdComm.c(701): warning:  #550-D: variable "msg" was set but never used
..\app\LcdComm.c(704): warning:  #177-D: variable "recom" was declared but never referenced
..\app\LcdComm.c(705): warning:  #177-D: variable "address" was declared but never referenced
..\app\LcdComm.c(705): warning:  #177-D: variable "bkpaddress" was declared but never referenced
..\app\LcdComm.c(706): warning:  #177-D: variable "batgroup" was declared but never referenced
..\app\LcdComm.c(707): warning:  #177-D: variable "ttm" was declared but never referenced
..\app\LcdComm.c(710): warning:  #177-D: variable "cpu_sr" was declared but never referenced
..\app\LcdComm.c(805): warning:  #550-D: variable "returnvalue" was set but never used
..\app\LcdComm.c(806): warning:  #550-D: variable "FloatReturnValue" was set but never used
..\app\LcdComm.c(807): warning:  #177-D: variable "i" was declared but never referenced
..\app\LcdComm.c(808): warning:  #177-D: variable "TempNO" was declared but never referenced
..\app\LcdComm.c(809): warning:  #177-D: variable "batgroup" was declared but never referenced
..\app\LcdComm.c(361): warning:  #177-D: function "LcdFillTransData" was declared but never referenced
..\app\LcdComm.c(389): warning:  #177-D: function "LcdFillTransData32" was declared but never referenced
..\app\LcdComm.c(703): warning: C4017W: DEVCOM may be used before being set
..\app\LcdComm.c(551): warning: C4017W: RcvLen may be used before being set
..\app\LcdComm.c(593): warning: C4017W: PageID may be used before being set
..\app\LcdComm.c(590): warning: C4017W: RcvLen may be used before being set
compiling cpu_c.c...
compiling lib_str.c...
..\..\uC-LIB\lib_str.c(1027): warning: C4017W: pstr_srch_ix may be used before being set
..\..\uC-LIB\lib_str.c(1026): warning: C4017W: srch_cmp may be used before being set
compiling lib_mem.c...
compiling os_time.c...
compiling os_tmr.c...
compiling os_core.c...
compiling os_flag.c...
compiling os_mbox.c...
compiling os_mem.c...
compiling os_mutex.c...
compiling os_q.c...
compiling os_sem.c...
compiling os_task.c...
compiling os_dbg.c...
compiling os_cpu_c.c...
compiling queue.c...
compiling ADC.c...
compiling crc.c...
compiling gpio.c...
..\..\STDriver\gpio\gpio.c(125): warning:  #188-D: enumerated type mixed with another type
..\..\STDriver\gpio\gpio.c(130): warning:  #188-D: enumerated type mixed with another type
..\..\STDriver\gpio\gpio.c(159): warning:  #177-D: variable "GPIO_InitStructure" was declared but never referenced
compiling i2c.c...
..\..\STDriver\i2c\i2c.c(353): warning:  #550-D: variable "rdaddr" was set but never used
..\..\STDriver\i2c\i2c.c(591): warning:  #177-D: variable "buff" was declared but never referenced
..\..\STDriver\i2c\i2c.c(615): warning:  #177-D: variable "buff" was declared but never referenced
..\..\STDriver\i2c\i2c.c(284): warning: C4017W: rdaddr may be used before being set
..\..\STDriver\i2c\i2c.c(284): warning: C4017W: wraddr may be used before being set
..\..\STDriver\i2c\i2c.c(353): warning: C4017W: wraddr may be used before being set
..\..\STDriver\i2c\i2c.c(460): warning: C4017W: ret may be used before being set
..\..\STDriver\i2c\i2c.c(514): warning: C4017W: rdaddr may be used before being set
..\..\STDriver\i2c\i2c.c(514): warning: C4017W: wraddr may be used before being set
compiling rtc.c...
compiling uart.c...
linking...
Program Size: Code=33552 RO-data=1516 RW-data=940 ZI-data=41668  
FromELF: creating hex file...
After Build - User command #1: C:\Keil\ARM\ARMCC\bin\fromelf.exe --bin --output=.\obj\output\JDY-Test.bin .\obj\JDY-Test.axf
".\obj\JDY-Test.axf" - 0 Errors, 44 Warning(s).
Load "D:\\WorkFile\\1-JDY-Test\\soft\\WorkSoft\\JDY-TESTER\\Project\\JDY-TESETER\\RVMDK\\obj\\JDY-Test.axf" 
Erase Done.
Programming Done.
Verify OK.
Build target 'BAT5K-HOST'
compiling Init.c...
compiling appstart.c...
..\app\appstart.c(140): warning:  #177-D: variable "BeepTimeTemp" was declared but never referenced
..\app\appstart.c(141): warning:  #177-D: variable "WdtTimeFlag" was declared but never referenced
..\app\appstart.c(142): warning:  #177-D: variable "flag" was declared but never referenced
..\app\appstart.c(144): warning:  #177-D: variable "cpu_sr" was declared but never referenced
linking...
Program Size: Code=32158 RO-data=1510 RW-data=940 ZI-data=41668  
FromELF: creating hex file...
After Build - User command #1: C:\Keil\ARM\ARMCC\bin\fromelf.exe --bin --output=.\obj\output\JDY-Test.bin .\obj\JDY-Test.axf
".\obj\JDY-Test.axf" - 0 Errors, 4 Warning(s).
Load "D:\\WorkFile\\1-JDY-Test\\soft\\WorkSoft\\JDY-TESTER\\Project\\JDY-TESETER\\RVMDK\\obj\\JDY-Test.axf" 
Erase Done.
Programming Done.
Verify OK.
Build target 'BAT5K-HOST'
compiling appLCD.c...
..\app\appLCD.c(62): warning: C4017W: temp may be used before being set
..\app\appLCD.c(93): warning: C4017W: temp may be used before being set
linking...
Program Size: Code=32150 RO-data=1510 RW-data=940 ZI-data=41668  
FromELF: creating hex file...
After Build - User command #1: C:\Keil\ARM\ARMCC\bin\fromelf.exe --bin --output=.\obj\output\JDY-Test.bin .\obj\JDY-Test.axf
".\obj\JDY-Test.axf" - 0 Errors, 2 Warning(s).
Build target 'BAT5K-HOST'
linking...
Program Size: Code=32150 RO-data=1510 RW-data=940 ZI-data=41668  
FromELF: creating hex file...
After Build - User command #1: C:\Keil\ARM\ARMCC\bin\fromelf.exe --bin --output=.\obj\output\JDY-Test.bin .\obj\JDY-Test.axf
".\obj\JDY-Test.axf" - 0 Errors, 0 Warning(s).
Load "D:\\WorkFile\\1-JDY-Test\\soft\\WorkSoft\\JDY-TESTER\\Project\\JDY-TESETER\\RVMDK\\obj\\JDY-Test.axf" 
Erase Done.
Programming Done.
Verify OK.
Load "D:\\WorkFile\\1-JDY-Test\\soft\\WorkSoft\\JDY-TESTER\\Project\\JDY-TESETER\\RVMDK\\obj\\JDY-Test.axf" 
Erase Done.
Programming Done.
Verify OK.
