<html>
<body>
<pre>
<h1>礦ision Build Log</h1>
<h2>Tool Versions:</h2>
IDE-Version: μVision V5.33.0.0
Copyright (C) 2020 ARM Ltd and ARM Germany GmbH. All rights reserved.
License Information: atc Administrator, atc, LIC=QF82M-XJL85-8TR3P-MNZVX-6YJSV-PFV16
 
Tool Versions:
Toolchain:       MDK-ARM Plus  Version: 5.33.0.0
Toolchain Path:  E:\softinstall\keil5\ARM\ARMCC\Bin
C Compiler:      Armcc.exe V5.06 update 7 (build 960)
Assembler:       Armasm.exe V5.06 update 7 (build 960)
Linker/Locator:  ArmLink.exe V5.06 update 7 (build 960)
Library Manager: ArmAr.exe V5.06 update 7 (build 960)
Hex Converter:   FromElf.exe V5.06 update 7 (build 960)
CPU DLL:         SARMCM3.DLL V5.33.0.0
Dialog DLL:      DCM.DLL V1.17.3.0
Target DLL:      STLink\ST-LINKIII-KEIL_SWO.dll V3.0.8.0
Dialog DLL:      TCM.DLL V1.48.0.0
 
<h2>Project:</h2>
C:\Users\Administrator\Desktop\巡检仪项目资料\1SOFTWARE\BAT5000-HOST\Project\BAT5K-HOST\RVMDK\BAT5K-HOST.uvprojx
Project File Date:  04/21/2021

<h2>Output:</h2>
*** Using Compiler 'V5.06 update 7 (build 960)', folder: 'E:\softinstall\keil5\ARM\ARMCC\Bin'
Rebuild target 'BAT5K-HOST'
assembling startup_stm32f10x_cl.s...
compiling core_cm3.c...
compiling system_stm32f10x.c...
compiling stm32f10x_iwdg.c...
compiling stm32f10x_pwr.c...
compiling stm32f10x_it.c...
compiling stm32f10x_rcc.c...
compiling stm32f10x_rtc.c...
compiling stm32f10x_spi.c...
compiling stm32f10x_usart.c...
compiling stm32f10x_wwdg.c...
compiling misc.c...
compiling stm32f10x_bkp.c...
compiling stm32f10x_can.c...
compiling stm32f10x_gpio.c...
compiling stm32f10x_i2c.c...
compiling stm32f10x_dbgmcu.c...
compiling stm32f10x_adc.c...
compiling stm32f10x_tim.c...
compiling stm32f10x_sdio.c...
compiling stm32f10x_fsmc.c...
compiling stm32f10x_dma.c...
compiling stm32f10x_crc.c...
compiling stm32f10x_exti.c...
compiling stm32f10x_dac.c...
compiling stm32f10x_flash.c...
compiling Init.c...
compiling bsp.c...
compiling MbsMaster.c...
compiling MbsSlave.c...
..\..\BSP\MbsSlave.c(63): warning:  #177-D: function "ModbusErrRespond"  was declared but never referenced
  static void ModbusErrRespond(uint8 com,uint8 Cmd,uint8 ErrCode)
..\..\BSP\MbsSlave.c: 1 warning, 0 errors
compiling Message.c...
compiling DataSaveI2c.c...
compiling SysCtrl.c...
compiling BkgMbsMaster.c...
compiling XrdComm.c...
compiling AppCom1.c...
compiling AppCom2.c...
compiling appstart.c...
compiling AppCom4.c...
compiling AppCom3.c...
compiling appLCD.c...
compiling JKQComm.c...
..\app\JKQComm.c(713): warning:  #177-D: variable "JkqCfg"  was declared but never referenced
  	struct JKQ3000_PROTOCOL
..\app\JKQComm.c(714): warning:  #177-D: variable "ttm"  was declared but never referenced
  		{
..\app\JKQComm.c(726): warning:  #177-D: variable "TmpData"  was declared but never referenced
  	uint16 i;
..\app\JKQComm.c(727): warning:  #177-D: variable "TmpBuf"  was declared but never referenced
  	uint8 ret=JKQ_RCV_OK;
..\app\JKQComm.c(728): warning:  #177-D: variable "i"  was declared but never referenced
  	uint16 length;	
..\app\JKQComm.c(730): warning:  #177-D: variable "length"  was declared but never referenced
  	
..\app\JKQComm.c: 6 warnings, 0 errors
compiling AppUSB.c...
compiling FDYComm.c...
compiling DevComm.c...
compiling LcdComm.c...
assembling cpu_a.asm...
compiling cpu_c.c...
compiling BATM30B.c...
compiling lib_str.c...
compiling lib_mem.c...
assembling lib_mem_a.asm...
compiling os_time.c...
compiling Gps.c...
compiling os_tmr.c...
compiling os_flag.c...
compiling os_core.c...
compiling os_mbox.c...
compiling os_mem.c...
compiling os_mutex.c...
compiling os_q.c...
compiling os_sem.c...
compiling os_task.c...
assembling os_cpu_a.asm...
compiling os_dbg.c...
compiling os_cpu_c.c...
compiling rtc.c...
compiling gpio.c...
compiling uart.c...
compiling crc.c...
compiling i2c.c...
compiling ADC.c...
compiling usbh_hcs.c...
compiling queue.c...
compiling usbh_ioreq.c...
compiling usbh_core.c...
compiling usbh_stdreq.c...
compiling usbh_msc_bot.c...
compiling usbh_msc_scsi.c...
compiling usb_core.c...
compiling usbh_msc_core.c...
compiling usb_hcd.c...
compiling diskio.c...
compiling usb_hcd_int.c...
compiling ccsbcs.c...
compiling ff.c...
compiling usb_bsp.c...
compiling usbh_usr.c...
..\..\USB\MSC\usbh_usr.c(917): warning:  #177-D: variable "WdtTimeFlag1"  was declared but never referenced
  	static uint32 WdtTimeFlag1 = 0;
..\..\USB\MSC\usbh_usr.c(1028): warning:  #177-D: variable "WdtTimeFlag1"  was declared but never referenced
  	static uint32 WdtTimeFlag1 = 0;
..\..\USB\MSC\usbh_usr.c(1361): warning:  #177-D: variable "WdtTimeFlag1"  was declared but never referenced
  	static uint32 WdtTimeFlag1 = 0;
..\..\USB\MSC\usbh_usr.c: 3 warnings, 0 errors
linking...
Program Size: Code=178808 RO-data=3620 RW-data=1092 ZI-data=59596  
After Build - User command #1: E:\softinstall\keil5\ARM\ARMCC\bin\fromelf.exe --bin --output=.\obj\output\BAT5K-HOST.bin .\obj\BAT5K-HOST.axf
".\obj\BAT5K-HOST.axf" - 0 Error(s), 10 Warning(s).

<h2>Software Packages used:</h2>

Package Vendor: ARM
                http://www.keil.com/pack/ARM.CMSIS.5.7.0.pack
                ARM.CMSIS.5.7.0
                CMSIS (Cortex Microcontroller Software Interface Standard)
   * Component: CORE Version: 5.4.0

Package Vendor: Keil
                http://www.keil.com/pack/Keil.STM32F1xx_DFP.2.3.0.pack
                Keil.STM32F1xx_DFP.2.3.0
                STMicroelectronics STM32F1 Series Device Support, Drivers and Examples

<h2>Collection of Component include folders:</h2>
  .\RTE\_BAT5K-HOST
  E:\softinstall\keil5\ARM\CMSIS\5.7.0\CMSIS\Core\Include
  E:\softinstall\keil5\Keil\STM32F1xx_DFP\2.3.0\Device\Include

<h2>Collection of Component Files used:</h2>

   * Component: ARM::CMSIS:CORE:5.4.0
Build Time Elapsed:  00:00:30
</pre>
</body>
</html>
