ARM Linker, 5.03 [Build 76] [MDK-ARM Professional]

==============================================================================

Section Cross References

    startup_stm32f10x_cl.o(RESET) refers to startup_stm32f10x_cl.o(STACK) for __initial_sp
    startup_stm32f10x_cl.o(RESET) refers to startup_stm32f10x_cl.o(.text) for Reset_Handler
    startup_stm32f10x_cl.o(RESET) refers to stm32f10x_it.o(.text) for NMI_Handler
    startup_stm32f10x_cl.o(RESET) refers to os_cpu_a.o(.text) for PendSV_Handler
    startup_stm32f10x_cl.o(RESET) refers to adc.o(.text) for ADC1_2_IRQHandler
    startup_stm32f10x_cl.o(RESET) refers to uart.o(.text) for USART1_IRQHandler
    startup_stm32f10x_cl.o(.text) refers to entry.o(.ARM.Collect$$$$00000000) for __main
    stm32f10x_it.o(.text) refers to os_cpu_a.o(.text) for OS_CPU_SR_Save
    stm32f10x_it.o(.text) refers to os_core.o(.text) for OSTimeTick
    stm32f10x_it.o(.text) refers to os_core.o(.data) for OSIntNesting
    stm32f10x_it.o(.text) refers to stm32f10x_it.o(.data) for .data
    stm32f10x_it.o(.text) refers to appstart.o(.bss) for JdyTest
    stm32f10x_pwr.o(.text) refers to stm32f10x_rcc.o(.text) for RCC_APB1PeriphResetCmd
    stm32f10x_rcc.o(.text) refers to stm32f10x_rcc.o(.data) for .data
    stm32f10x_spi.o(.text) refers to stm32f10x_rcc.o(.text) for RCC_APB2PeriphResetCmd
    stm32f10x_usart.o(.text) refers to stm32f10x_rcc.o(.text) for RCC_APB2PeriphResetCmd
    stm32f10x_wwdg.o(.text) refers to stm32f10x_rcc.o(.text) for RCC_APB1PeriphResetCmd
    stm32f10x_bkp.o(.text) refers to stm32f10x_rcc.o(.text) for RCC_BackupResetCmd
    stm32f10x_can.o(.text) refers to stm32f10x_rcc.o(.text) for RCC_APB1PeriphResetCmd
    stm32f10x_gpio.o(.text) refers to stm32f10x_rcc.o(.text) for RCC_APB2PeriphResetCmd
    stm32f10x_i2c.o(.text) refers to stm32f10x_rcc.o(.text) for RCC_APB1PeriphResetCmd
    stm32f10x_tim.o(.text) refers to stm32f10x_rcc.o(.text) for RCC_APB2PeriphResetCmd
    stm32f10x_adc.o(.text) refers to stm32f10x_rcc.o(.text) for RCC_APB2PeriphResetCmd
    stm32f10x_dac.o(.text) refers to stm32f10x_rcc.o(.text) for RCC_APB1PeriphResetCmd
    bsp.o(.text) refers to stm32f10x_rcc.o(.text) for RCC_GetClocksFreq
    bsp.o(.text) refers to cpu_a.o(.text) for CPU_IntDis
    bsp.o(.text) refers to stm32f10x_gpio.o(.text) for GPIO_ReadInputDataBit
    init.o(.text) refers to stm32f10x_rcc.o(.text) for RCC_DeInit
    init.o(.text) refers to stm32f10x_flash.o(.text) for FLASH_SetLatency
    init.o(.text) refers to cpu_a.o(.text) for CPU_SR_Save
    init.o(.text) refers to memseta.o(.text) for __aeabi_memclr4
    init.o(.text) refers to init.o(.bss) for .bss
    init.o(.text) refers to appstart.o(.bss) for JdyTest
    message.o(.text) refers to memseta.o(.text) for __aeabi_memclr4
    message.o(.text) refers to os_q.o(.text) for OSQCreate
    message.o(.text) refers to os_time.o(.text) for OSTimeDlyHMSM
    message.o(.text) refers to os_cpu_a.o(.text) for OS_CPU_SR_Save
    message.o(.text) refers to memcpya.o(.text) for __aeabi_memcpy
    message.o(.text) refers to message.o(.data) for .data
    message.o(.text) refers to message.o(.bss) for .bss
    message.o(.text) refers to os_core.o(.data) for OSTCBCur
    sysctrl.o(.text) refers to gpio.o(.text) for ToggleGPIORev
    sysctrl.o(.text) refers to ffltui.o(.text) for __aeabi_ui2f
    sysctrl.o(.text) refers to cfrcmple.o(.text) for __aeabi_cfrcmple
    sysctrl.o(.text) refers to cfcmple.o(.text) for __aeabi_cfcmple
    sysctrl.o(.text) refers to fflti.o(.text) for __aeabi_i2f
    sysctrl.o(.text) refers to appstart.o(.bss) for JdyTest
    sysctrl.o(.text) refers to sysctrl.o(.constdata) for .constdata
    sysctrl.o(.text) refers to mbsslave.o(.bss) for MbsSlave
    mbsslave.o(.text) refers to crc.o(.text) for ModbusCRC
    mbsslave.o(.text) refers to uart.o(.text) for Uart_Write
    mbsslave.o(.text) refers to rtc.o(.text) for Time_GetCalendarTime
    mbsslave.o(.text) refers to applcd.o(.text) for IrqDevAddr
    mbsslave.o(.text) refers to os_cpu_a.o(.text) for OS_CPU_SR_Save
    mbsslave.o(.text) refers to memcpya.o(.text) for __aeabi_memcpy4
    mbsslave.o(.text) refers to mbsslave.o(.constdata) for .constdata
    mbsslave.o(.text) refers to uart.o(.bss) for UartHandler
    mbsslave.o(.text) refers to mbsslave.o(.bss) for .bss
    appstart.o(.text) refers to system_stm32f10x.o(.text) for SystemInit
    appstart.o(.text) refers to stm32f10x_rcc.o(.text) for RCC_APB2PeriphClockCmd
    appstart.o(.text) refers to gpio.o(.text) for InPut_OutPut_Init
    appstart.o(.text) refers to i2c.o(.text) for SysI2CInit
    appstart.o(.text) refers to uart.o(.text) for sysSerialHwInit
    appstart.o(.text) refers to rtc.o(.text) for sysRtcHwInit
    appstart.o(.text) refers to sysctrl.o(.text) for BeepCtrl
    appstart.o(.text) refers to os_time.o(.text) for OSTimeDlyHMSM
    appstart.o(.text) refers to os_task.o(.text) for OSTaskCreate
    appstart.o(.text) refers to bsp.o(.text) for BSP_Init
[...]
    Speaker                                  0x080088e0   Data           8  gpio.o(.constdata)
    WDT                                      0x080088e8   Data           8  gpio.o(.constdata)
    .constdata                               0x080089b4   Section        8  rtc.o(.constdata)
    WDT                                      0x080089b4   Data           8  rtc.o(.constdata)
    .constdata                               0x080089bc   Section       12  mktime.o(.constdata)
    monlen                                   0x080089bc   Data          12  mktime.o(.constdata)
    .constdata                               0x080089c8   Section       12  localtime_i.o(.constdata)
    monlen                                   0x080089c8   Data          12  localtime_i.o(.constdata)
    .data                                    0x20000000   Section        1  stm32f10x_it.o(.data)
    cnts                                     0x20000000   Data           1  stm32f10x_it.o(.data)
    .data                                    0x20000001   Section       20  stm32f10x_rcc.o(.data)
    ADCPrescTable                            0x20000001   Data           4  stm32f10x_rcc.o(.data)
    APBAHBPrescTable                         0x20000005   Data          16  stm32f10x_rcc.o(.data)
    .data                                    0x20000018   Section       24  message.o(.data)
    poweron                                  0x20000018   Data           1  message.o(.data)
    .data                                    0x20000030   Section        1  appstart.o(.data)
    .data                                    0x20000034   Section        8  appstart.o(.data)
    LedFlag                                  0x20000034   Data           1  appstart.o(.data)
    TimeFlag                                 0x20000038   Data           4  appstart.o(.data)
    .data                                    0x2000003c   Section       44  os_core.o(.data)
    .data                                    0x20000068   Section        4  os_core.o(.data)
    .data                                    0x2000006c   Section        4  os_core.o(.data)
    .data                                    0x20000070   Section        4  os_core.o(.data)
    .data                                    0x20000074   Section        2  os_core.o(.data)
    .data                                    0x20000076   Section        2  os_core.o(.data)
    .data                                    0x20000078   Section        4  os_core.o(.data)
    .data                                    0x2000007c   Section        4  os_core.o(.data)
    .data                                    0x20000080   Section        4  os_core.o(.data)
    .data                                    0x20000084   Section        4  os_core.o(.data)
    .data                                    0x20000088   Section        2  os_cpu_c.o(.data)
    OSTmrCtr                                 0x20000088   Data           2  os_cpu_c.o(.data)
    .data                                    0x2000008a   Section        2  adc.o(.data)
    .data                                    0x2000008c   Section      514  crc.o(.data)
    comb_val                                 0x2000008c   Data           2  crc.o(.data)
    .data                                    0x20000290   Section      132  gpio.o(.data)
    .data                                    0x20000314   Section        8  i2c.o(.data)
    PowerOnFirst                             0x20000314   Data           1  i2c.o(.data)
    .data                                    0x2000031c   Section      144  uart.o(.data)
    UARTParameter                            0x20000320   Data         140  uart.o(.data)
    .bss                                     0x200003ac   Section      240  init.o(.bss)
    .bss                                     0x2000049c   Section     7040  message.o(.bss)
    MsgArray                                 0x200005dc   Data        6720  message.o(.bss)
    .bss                                     0x2000201c   Section    13416  mbsslave.o(.bss)
    .bss                                     0x20005488   Section     6464  appstart.o(.bss)
    AppTaskStartStk                          0x200054c8   Data         256  appstart.o(.bss)
    StackUpdateCom                           0x200055c8   Data        2048  appstart.o(.bss)
    StackLCD                                 0x20005dc8   Data        2048  appstart.o(.bss)
    StackJdyTest                             0x200065c8   Data        2048  appstart.o(.bss)
    .bss                                     0x20006dc8   Section     3148  os_core.o(.bss)
    .bss                                     0x20007a14   Section      140  os_core.o(.bss)
    .bss                                     0x20007aa0   Section      180  os_core.o(.bss)
    .bss                                     0x20007b54   Section      480  os_core.o(.bss)
    .bss                                     0x20007d34   Section      832  os_core.o(.bss)
    .bss                                     0x20008074   Section      128  os_core.o(.bss)
    .bss                                     0x200080f4   Section       64  os_core.o(.bss)
    .bss                                     0x20008134   Section     2054  adc.o(.bss)
    .bss                                     0x2000893c   Section       20  uart.o(.bss)
    .bss                                     0x20008950   Section     5360  uart.o(.bss)
    UARTChan                                 0x20008950   Data        5360  uart.o(.bss)
    .bss                                     0x20009e40   Section       44  localtime_w.o(.bss)
    _tms                                     0x20009e40   Data          44  localtime_w.o(.bss)
    STACK                                    0x20009e70   Section     2048  startup_stm32f10x_cl.o(STACK)

    Global Symbols

    Symbol Name                              Value     Ov Type        Size  Object(Section)

    BuildAttributes$$THM_ISAv4$P$D$K$B$S$PE$A:L22UL41UL21$X:L11$S22US41US21$IEEE1$IW$USESV6$~STKCKD$USESV7$~SHL$OTIME$ROPI$EBA8$MICROLIB$REQ8$PRES8$EABIv2 0x00000000   Number         0  anon$$obj.o ABSOLUTE
    __ARM_use_no_argv                        0x00000000   Number         0  appstart.o ABSOLUTE
    __cpp_initialize__aeabi_                  - Undefined Weak Reference
    __cxa_finalize                            - Undefined Weak Reference
    _clock_init                               - Undefined Weak Reference
    _microlib_exit                            - Undefined Weak Reference
    __Vectors_Size                           0x00000150   Number         0  startup_stm32f10x_cl.o ABSOLUTE
    __Vectors                                0x08000000   Data           4  startup_stm32f10x_cl.o(RESET)
    __Vectors_End                            0x08000150   Data           0  startup_stm32f10x_cl.o(RESET)
    __main                                   0x08000151   Thumb Code     0  entry.o(.ARM.Collect$$$$00000000)
    _main_stk                                0x08000151   Thumb Code     0  entry2.o(.ARM.Collect$$$$00000001)
    _main_scatterload                        0x08000155   Thumb Code     0  entry5.o(.ARM.Collect$$$$00000004)
    __main_after_scatterload                 0x08000159   Thumb Code     0  entry5.o(.ARM.Collect$$$$00000004)
    _main_clock                              0x08000159   Thumb Code     0  entry7b.o(.ARM.Collect$$$$00000008)
    _main_cpp_init                           0x08000159   Thumb Code     0  entry8b.o(.ARM.Collect$$$$0000000A)
    _main_init                               0x08000159   Thumb Code     0  entry9a.o(.ARM.Collect$$$$0000000B)
    __rt_final_cpp                           0x08000161   Thumb Code     0  entry10a.o(.ARM.Collect$$$$0000000D)
    __rt_final_exit                          0x08000161   Thumb Code     0  entry11a.o(.ARM.Collect$$$$0000000F)
    Reset_Handler                            0x08000165   Thumb Code     4  startup_stm32f10x_cl.o(.text)
    CAN1_RX0_IRQHandler                      0x0800017b   Thumb Code     0  startup_stm32f10x_cl.o(.text)
    CAN1_RX1_IRQHandler                      0x0800017b   Thumb Code     0  startup_stm32f10x_cl.o(.text)
    CAN1_SCE_IRQHandler                      0x0800017b   Thumb Code     0  startup_stm32f10x_cl.o(.text)
    CAN1_TX_IRQHandler                       0x0800017b   Thumb Code     0  startup_stm32f10x_cl.o(.text)
    CAN2_RX0_IRQHandler                      0x0800017b   Thumb Code     0  startup_stm32f10x_cl.o(.text)
    CAN2_RX1_IRQHandler                      0x0800017b   Thumb Code     0  startup_stm32f10x_cl.o(.text)
    CAN2_SCE_IRQHandler                      0x0800017b   Thumb Code     0  startup_stm32f10x_cl.o(.text)
    CAN2_TX_IRQHandler                       0x0800017b   Thumb Code     0  startup_stm32f10x_cl.o(.text)
    DMA1_Channel1_IRQHandler                 0x0800017b   Thumb Code     0  startup_stm32f10x_cl.o(.text)
    DMA1_Channel2_IRQHandler                 0x0800017b   Thumb Code     0  startup_stm32f10x_cl.o(.text)
    DMA1_Channel3_IRQHandler                 0x0800017b   Thumb Code     0  startup_stm32f10x_cl.o(.text)
    DMA1_Channel4_IRQHandler                 0x0800017b   Thumb Code     0  startup_stm32f10x_cl.o(.text)
    DMA1_Channel5_IRQHandler                 0x0800017b   Thumb Code     0  startup_stm32f10x_cl.o(.text)
    DMA1_Channel6_IRQHandler                 0x0800017b   Thumb Code     0  startup_stm32f10x_cl.o(.text)
    DMA1_Channel7_IRQHandler                 0x0800017b   Thumb Code     0  startup_stm32f10x_cl.o(.text)
    DMA2_Channel1_IRQHandler                 0x0800017b   Thumb Code     0  startup_stm32f10x_cl.o(.text)
    DMA2_Channel2_IRQHandler                 0x0800017b   Thumb Code     0  startup_stm32f10x_cl.o(.text)
    DMA2_Channel3_IRQHandler                 0x0800017b   Thumb Code     0  startup_stm32f10x_cl.o(.text)
    DMA2_Channel4_IRQHandler                 0x0800017b   Thumb Code     0  startup_stm32f10x_cl.o(.text)
    DMA2_Channel5_IRQHandler                 0x0800017b   Thumb Code     0  startup_stm32f10x_cl.o(.text)
    ETH_IRQHandler                           0x0800017b   Thumb Code     0  startup_stm32f10x_cl.o(.text)
    ETH_WKUP_IRQHandler                      0x0800017b   Thumb Code     0  startup_stm32f10x_cl.o(.text)
    EXTI0_IRQHandler                         0x0800017b   Thumb Code     0  startup_stm32f10x_cl.o(.text)
    EXTI15_10_IRQHandler                     0x0800017b   Thumb Code     0  startup_stm32f10x_cl.o(.text)
    EXTI1_IRQHandler                         0x0800017b   Thumb Code     0  startup_stm32f10x_cl.o(.text)
    EXTI2_IRQHandler                         0x0800017b   Thumb Code     0  startup_stm32f10x_cl.o(.text)
    EXTI3_IRQHandler                         0x0800017b   Thumb Code     0  startup_stm32f10x_cl.o(.text)
    EXTI4_IRQHandler                         0x0800017b   Thumb Code     0  startup_stm32f10x_cl.o(.text)
    EXTI9_5_IRQHandler                       0x0800017b   Thumb Code     0  startup_stm32f10x_cl.o(.text)
    FLASH_IRQHandler                         0x0800017b   Thumb Code     0  startup_stm32f10x_cl.o(.text)
    I2C1_ER_IRQHandler                       0x0800017b   Thumb Code     0  startup_stm32f10x_cl.o(.text)
    I2C1_EV_IRQHandler                       0x0800017b   Thumb Code     0  startup_stm32f10x_cl.o(.text)
    I2C2_ER_IRQHandler                       0x0800017b   Thumb Code     0  startup_stm32f10x_cl.o(.text)
    I2C2_EV_IRQHandler                       0x0800017b   Thumb Code     0  startup_stm32f10x_cl.o(.text)
    OTG_FS_WKUP_IRQHandler                   0x0800017b   Thumb Code     0  startup_stm32f10x_cl.o(.text)
    PVD_IRQHandler                           0x0800017b   Thumb Code     0  startup_stm32f10x_cl.o(.text)
    RCC_IRQHandler                           0x0800017b   Thumb Code     0  startup_stm32f10x_cl.o(.text)
    RTCAlarm_IRQHandler                      0x0800017b   Thumb Code     0  startup_stm32f10x_cl.o(.text)
    RTC_IRQHandler                           0x0800017b   Thumb Code     0  startup_stm32f10x_cl.o(.text)
    SPI1_IRQHandler                          0x0800017b   Thumb Code     0  startup_stm32f10x_cl.o(.text)
    SPI2_IRQHandler                          0x0800017b   Thumb Code     0  startup_stm32f10x_cl.o(.text)
    SPI3_IRQHandler                          0x0800017b   Thumb Code     0  startup_stm32f10x_cl.o(.text)
    TAMPER_IRQHandler                        0x0800017b   Thumb Code     0  startup_stm32f10x_cl.o(.text)
    TIM1_BRK_IRQHandler                      0x0800017b   Thumb Code     0  startup_stm32f10x_cl.o(.text)
    TIM1_CC_IRQHandler                       0x0800017b   Thumb Code     0  startup_stm32f10x_cl.o(.text)
    TIM1_TRG_COM_IRQHandler                  0x0800017b   Thumb Code     0  startup_stm32f10x_cl.o(.text)
    TIM1_UP_IRQHandler                       0x0800017b   Thumb Code     0  startup_stm32f10x_cl.o(.text)
    TIM3_IRQHandler                          0x0800017b   Thumb Code     0  startup_stm32f10x_cl.o(.text)
    TIM4_IRQHandler                          0x0800017b   Thumb Code     0  startup_stm32f10x_cl.o(.text)
    TIM5_IRQHandler                          0x0800017b   Thumb Code     0  startup_stm32f10x_cl.o(.text)
    TIM6_IRQHandler                          0x0800017b   Thumb Code     0  startup_stm32f10x_cl.o(.text)
    TIM7_IRQHandler                          0x0800017b   Thumb Code     0  startup_stm32f10x_cl.o(.text)
    SystemInit                               0x08000249   Thumb Code    62  system_stm32f10x.o(.text)
    NMI_Handler                              0x080002a1   Thumb Code     2  stm32f10x_it.o(.text)
    HardFault_Handler                        0x080002a3   Thumb Code     2  stm32f10x_it.o(.text)
    MemManage_Handler                        0x080002a5   Thumb Code     2  stm32f10x_it.o(.text)
    BusFault_Handler                         0x080002a7   Thumb Code     2  stm32f10x_it.o(.text)
    UsageFault_Handler                       0x080002a9   Thumb Code     2  stm32f10x_it.o(.text)
    DebugMon_Handler                         0x080002ab   Thumb Code     2  stm32f10x_it.o(.text)
    SVC_Handler                              0x080002ad   Thumb Code     2  stm32f10x_it.o(.text)
    SysTick_Handler                          0x080002af   Thumb Code    76  stm32f10x_it.o(.text)
    WWDG_IRQHandler                          0x080002fb   Thumb Code     2  stm32f10x_it.o(.text)
    TIM2_IRQHandler                          0x080002fd   Thumb Code     2  stm32f10x_it.o(.text)
    OTG_FS_IRQHandler                        0x080002ff   Thumb Code     2  stm32f10x_it.o(.text)
    PWR_DeInit                               0x0800030d   Thumb Code    24  stm32f10x_pwr.o(.text)
    PWR_BackupAccessCmd                      0x08000325   Thumb Code     6  stm32f10x_pwr.o(.text)
    PWR_PVDCmd                               0x0800032b   Thumb Code     6  stm32f10x_pwr.o(.text)
    PWR_PVDLevelConfig                       0x08000331   Thumb Code    14  stm32f10x_pwr.o(.text)
    PWR_WakeUpPinCmd                         0x0800033f   Thumb Code     6  stm32f10x_pwr.o(.text)
    PWR_EnterSTOPMode                        0x08000345   Thumb Code    34  stm32f10x_pwr.o(.text)
    PWR_EnterSTANDBYMode                     0x08000367   Thumb Code    32  stm32f10x_pwr.o(.text)
    PWR_GetFlagStatus                        0x08000387   Thumb Code    16  stm32f10x_pwr.o(.text)
    PWR_ClearFlag                            0x08000397   Thumb Code    12  stm32f10x_pwr.o(.text)
    RCC_DeInit                               0x080003b5   Thumb Code    62  stm32f10x_rcc.o(.text)
    RCC_HSEConfig                            0x080003f3   Thumb Code    50  stm32f10x_rcc.o(.text)
    RCC_GetFlagStatus                        0x08000425   Thumb Code    42  stm32f10x_rcc.o(.text)
    RCC_WaitForHSEStartUp                    0x0800044f   Thumb Code    48  stm32f10x_rcc.o(.text)
    RCC_AdjustHSICalibrationValue            0x0800047f   Thumb Code    16  stm32f10x_rcc.o(.text)
    RCC_HSICmd                               0x0800048f   Thumb Code     6  stm32f10x_rcc.o(.text)
    RCC_PLLConfig                            0x08000495   Thumb Code    16  stm32f10x_rcc.o(.text)
    RCC_PLLCmd                               0x080004a5   Thumb Code     6  stm32f10x_rcc.o(.text)
    RCC_PREDIV1Config                        0x080004ab   Thumb Code    18  stm32f10x_rcc.o(.text)
    RCC_PREDIV2Config                        0x080004bd   Thumb Code    14  stm32f10x_rcc.o(.text)
    RCC_PLL2Config                           0x080004cb   Thumb Code    14  stm32f10x_rcc.o(.text)
    RCC_PLL2Cmd                              0x080004d9   Thumb Code     6  stm32f10x_rcc.o(.text)
    RCC_PLL3Config                           0x080004df   Thumb Code    14  stm32f10x_rcc.o(.text)
    RCC_PLL3Cmd                              0x080004ed   Thumb Code     6  stm32f10x_rcc.o(.text)
    RCC_SYSCLKConfig                         0x080004f3   Thumb Code    14  stm32f10x_rcc.o(.text)
    RCC_GetSYSCLKSource                      0x08000501   Thumb Code    10  stm32f10x_rcc.o(.text)
    RCC_HCLKConfig                           0x0800050b   Thumb Code    14  stm32f10x_rcc.o(.text)
    RCC_PCLK1Config                          0x08000519   Thumb Code    14  stm32f10x_rcc.o(.text)
    RCC_PCLK2Config                          0x08000527   Thumb Code    16  stm32f10x_rcc.o(.text)
    RCC_ITConfig                             0x08000537   Thumb Code    22  stm32f10x_rcc.o(.text)
    RCC_OTGFSCLKConfig                       0x0800054d   Thumb Code     6  stm32f10x_rcc.o(.text)
    RCC_ADCCLKConfig                         0x08000553   Thumb Code    14  stm32f10x_rcc.o(.text)
    RCC_I2S2CLKConfig                        0x08000561   Thumb Code     6  stm32f10x_rcc.o(.text)
    RCC_I2S3CLKConfig                        0x08000567   Thumb Code     8  stm32f10x_rcc.o(.text)
    RCC_LSEConfig                            0x0800056f   Thumb Code    34  stm32f10x_rcc.o(.text)
    RCC_LSICmd                               0x08000591   Thumb Code     6  stm32f10x_rcc.o(.text)
    RCC_RTCCLKConfig                         0x08000597   Thumb Code    10  stm32f10x_rcc.o(.text)
    RCC_RTCCLKCmd                            0x080005a1   Thumb Code     8  stm32f10x_rcc.o(.text)
    RCC_GetClocksFreq                        0x080005a9   Thumb Code   198  stm32f10x_rcc.o(.text)
    RCC_AHBPeriphClockCmd                    0x0800066f   Thumb Code    22  stm32f10x_rcc.o(.text)
    RCC_APB2PeriphClockCmd                   0x08000685   Thumb Code    22  stm32f10x_rcc.o(.text)
    RCC_APB1PeriphClockCmd                   0x0800069b   Thumb Code    22  stm32f10x_rcc.o(.text)
    RCC_AHBPeriphResetCmd                    0x080006b1   Thumb Code    22  stm32f10x_rcc.o(.text)
    RCC_APB2PeriphResetCmd                   0x080006c7   Thumb Code    22  stm32f10x_rcc.o(.text)
    RCC_APB1PeriphResetCmd                   0x080006dd   Thumb Code    22  stm32f10x_rcc.o(.text)
    RCC_BackupResetCmd                       0x080006f3   Thumb Code     8  stm32f10x_rcc.o(.text)
    RCC_ClockSecuritySystemCmd               0x080006fb   Thumb Code     6  stm32f10x_rcc.o(.text)
    RCC_MCOConfig                            0x08000701   Thumb Code     6  stm32f10x_rcc.o(.text)
    RCC_ClearFlag                            0x08000707   Thumb Code    12  stm32f10x_rcc.o(.text)
    RCC_GetITStatus                          0x08000713   Thumb Code    16  stm32f10x_rcc.o(.text)
    RCC_ClearITPendingBit                    0x08000723   Thumb Code     6  stm32f10x_rcc.o(.text)
    RTC_ITConfig                             0x0800075d   Thumb Code    22  stm32f10x_rtc.o(.text)
    RTC_EnterConfigMode                      0x08000773   Thumb Code    14  stm32f10x_rtc.o(.text)
    RTC_ExitConfigMode                       0x08000781   Thumb Code    14  stm32f10x_rtc.o(.text)
    RTC_GetCounter                           0x0800078f   Thumb Code    18  stm32f10x_rtc.o(.text)
    RTC_SetCounter                           0x080007a1   Thumb Code    26  stm32f10x_rtc.o(.text)
    RTC_SetPrescaler                         0x080007bb   Thumb Code    28  stm32f10x_rtc.o(.text)
    RTC_SetAlarm                             0x080007d7   Thumb Code    26  stm32f10x_rtc.o(.text)
    RTC_GetDivider                           0x080007f1   Thumb Code    20  stm32f10x_rtc.o(.text)
    RTC_WaitForLastTask                      0x08000805   Thumb Code    12  stm32f10x_rtc.o(.text)
    RTC_WaitForSynchro                       0x08000811   Thumb Code    20  stm32f10x_rtc.o(.text)
    RTC_GetFlagStatus                        0x08000825   Thumb Code    18  stm32f10x_rtc.o(.text)
    RTC_ClearFlag                            0x08000837   Thumb Code    12  stm32f10x_rtc.o(.text)
    RTC_GetITStatus                          0x08000843   Thumb Code    28  stm32f10x_rtc.o(.text)
    RTC_ClearITPendingBit                    0x0800085f   Thumb Code    12  stm32f10x_rtc.o(.text)
    USART_DeInit                             0x08000871   Thumb Code   144  stm32f10x_usart.o(.text)
    USART_Init                               0x08000901   Thumb Code   134  stm32f10x_usart.o(.text)
    USART_StructInit                         0x08000987   Thumb Code    22  stm32f10x_usart.o(.text)
    USART_ClockInit                          0x0800099d   Thumb Code    30  stm32f10x_usart.o(.text)
    USART_ClockStructInit                    0x080009bb   Thumb Code    12  stm32f10x_usart.o(.text)
    USART_Cmd                                0x080009c7   Thumb Code    24  stm32f10x_usart.o(.text)
    USART_ITConfig                           0x080009df   Thumb Code    54  stm32f10x_usart.o(.text)
    USART_DMACmd                             0x08000a15   Thumb Code    20  stm32f10x_usart.o(.text)
    USART_SetAddress                         0x08000a29   Thumb Code    16  stm32f10x_usart.o(.text)
    USART_WakeUpConfig                       0x08000a39   Thumb Code    16  stm32f10x_usart.o(.text)
    USART_ReceiverWakeUpCmd                  0x08000a49   Thumb Code    24  stm32f10x_usart.o(.text)
    USART_LINBreakDetectLengthConfig         0x08000a61   Thumb Code    16  stm32f10x_usart.o(.text)
    USART_LINCmd                             0x08000a71   Thumb Code    24  stm32f10x_usart.o(.text)
    USART_SendData                           0x08000a89   Thumb Code     8  stm32f10x_usart.o(.text)
    USART_ReceiveData                        0x08000a91   Thumb Code     8  stm32f10x_usart.o(.text)
    USART_SendBreak                          0x08000a99   Thumb Code    10  stm32f10x_usart.o(.text)
    USART_SetGuardTime                       0x08000aa3   Thumb Code    16  stm32f10x_usart.o(.text)
    USART_SetPrescaler                       0x08000ab3   Thumb Code    16  stm32f10x_usart.o(.text)
    USART_SmartCardCmd                       0x08000ac3   Thumb Code    24  stm32f10x_usart.o(.text)
    USART_SmartCardNACKCmd                   0x08000adb   Thumb Code    24  stm32f10x_usart.o(.text)
    USART_HalfDuplexCmd                      0x08000af3   Thumb Code    24  stm32f10x_usart.o(.text)
    USART_IrDAConfig                         0x08000b0b   Thumb Code    16  stm32f10x_usart.o(.text)
    USART_IrDACmd                            0x08000b1b   Thumb Code    24  stm32f10x_usart.o(.text)
    USART_GetFlagStatus                      0x08000b33   Thumb Code    14  stm32f10x_usart.o(.text)
    USART_ClearFlag                          0x08000b41   Thumb Code     8  stm32f10x_usart.o(.text)
    USART_GetITStatus                        0x08000b49   Thumb Code    64  stm32f10x_usart.o(.text)
    USART_ClearITPendingBit                  0x08000b89   Thumb Code    16  stm32f10x_usart.o(.text)
    NVIC_PriorityGroupConfig                 0x08000bad   Thumb Code    10  misc.o(.text)
    NVIC_Init                                0x08000bb7   Thumb Code    92  misc.o(.text)
    NVIC_SetVectorTable                      0x08000c13   Thumb Code    14  misc.o(.text)
    NVIC_SystemLPConfig                      0x08000c21   Thumb Code    24  misc.o(.text)
    SysTick_CLKSourceConfig                  0x08000c39   Thumb Code    28  misc.o(.text)
    BKP_DeInit                               0x08000c65   Thumb Code    18  stm32f10x_bkp.o(.text)
    BKP_TamperPinLevelConfig                 0x08000c77   Thumb Code     6  stm32f10x_bkp.o(.text)
    BKP_TamperPinCmd                         0x08000c7d   Thumb Code     8  stm32f10x_bkp.o(.text)
    BKP_ITConfig                             0x08000c85   Thumb Code     8  stm32f10x_bkp.o(.text)
    BKP_RTCOutputConfig                      0x08000c8d   Thumb Code    14  stm32f10x_bkp.o(.text)
    BKP_SetRTCCalibrationValue               0x08000c9b   Thumb Code    14  stm32f10x_bkp.o(.text)
    BKP_WriteBackupRegister                  0x08000ca9   Thumb Code    16  stm32f10x_bkp.o(.text)
    BKP_ReadBackupRegister                   0x08000cb9   Thumb Code    16  stm32f10x_bkp.o(.text)
    BKP_GetFlagStatus                        0x08000cc9   Thumb Code    10  stm32f10x_bkp.o(.text)
    BKP_ClearFlag                            0x08000cd3   Thumb Code    14  stm32f10x_bkp.o(.text)
    BKP_GetITStatus                          0x08000ce1   Thumb Code    10  stm32f10x_bkp.o(.text)
    BKP_ClearITPendingBit                    0x08000ceb   Thumb Code    14  stm32f10x_bkp.o(.text)
    GPIO_DeInit                              0x08000d01   Thumb Code   188  stm32f10x_gpio.o(.text)
    GPIO_AFIODeInit                          0x08000dbd   Thumb Code    22  stm32f10x_gpio.o(.text)
    GPIO_Init                                0x08000dd3   Thumb Code   162  stm32f10x_gpio.o(.text)
    GPIO_StructInit                          0x08000e75   Thumb Code    16  stm32f10x_gpio.o(.text)
    GPIO_ReadInputDataBit                    0x08000e85   Thumb Code    14  stm32f10x_gpio.o(.text)
    GPIO_ReadInputData                       0x08000e93   Thumb Code     6  stm32f10x_gpio.o(.text)
    GPIO_ReadOutputDataBit                   0x08000e99   Thumb Code    14  stm32f10x_gpio.o(.text)
    GPIO_ReadOutputData                      0x08000ea7   Thumb Code     6  stm32f10x_gpio.o(.text)
    GPIO_SetBits                             0x08000ead   Thumb Code     4  stm32f10x_gpio.o(.text)
    GPIO_ResetBits                           0x08000eb1   Thumb Code     4  stm32f10x_gpio.o(.text)
    GPIO_WriteBit                            0x08000eb5   Thumb Code    12  stm32f10x_gpio.o(.text)
    GPIO_Write                               0x08000ec1   Thumb Code     4  stm32f10x_gpio.o(.text)
    GPIO_PinLockConfig                       0x08000ec5   Thumb Code    16  stm32f10x_gpio.o(.text)
    GPIO_EventOutputConfig                   0x08000ed5   Thumb Code    22  stm32f10x_gpio.o(.text)
    GPIO_EventOutputCmd                      0x08000eeb   Thumb Code     6  stm32f10x_gpio.o(.text)
    GPIO_PinRemapConfig                      0x08000ef1   Thumb Code    70  stm32f10x_gpio.o(.text)
    GPIO_EXTILineConfig                      0x08000f37   Thumb Code    34  stm32f10x_gpio.o(.text)
    GPIO_ETH_MediaInterfaceConfig            0x08000f59   Thumb Code     6  stm32f10x_gpio.o(.text)
    TIM_DeInit                               0x08000f89   Thumb Code   216  stm32f10x_tim.o(.text)
    TIM_TimeBaseInit                         0x08001061   Thumb Code    50  stm32f10x_tim.o(.text)
    TIM_OC1Init                              0x08001093   Thumb Code    92  stm32f10x_tim.o(.text)
    TIM_OC2Init                              0x080010ef   Thumb Code   124  stm32f10x_tim.o(.text)
    TIM_OC3Init                              0x0800116b   Thumb Code   120  stm32f10x_tim.o(.text)
    TIM_OC4Init                              0x080011e3   Thumb Code    90  stm32f10x_tim.o(.text)
    TIM_SetIC4Prescaler                      0x0800123d   Thumb Code    24  stm32f10x_tim.o(.text)
    TIM_SetIC3Prescaler                      0x0800128b   Thumb Code    16  stm32f10x_tim.o(.text)
    TIM_SetIC2Prescaler                      0x080012cd   Thumb Code    24  stm32f10x_tim.o(.text)
    TIM_SetIC1Prescaler                      0x0800131b   Thumb Code    16  stm32f10x_tim.o(.text)
    TIM_ICInit                               0x08001359   Thumb Code   120  stm32f10x_tim.o(.text)
    TIM_PWMIConfig                           0x080013d1   Thumb Code   106  stm32f10x_tim.o(.text)
    TIM_BDTRConfig                           0x0800143b   Thumb Code    34  stm32f10x_tim.o(.text)
    TIM_TimeBaseStructInit                   0x0800145d   Thumb Code    18  stm32f10x_tim.o(.text)
    TIM_OCStructInit                         0x0800146f   Thumb Code    20  stm32f10x_tim.o(.text)
    TIM_ICStructInit                         0x08001483   Thumb Code    16  stm32f10x_tim.o(.text)
    TIM_BDTRStructInit                       0x08001493   Thumb Code    18  stm32f10x_tim.o(.text)
    TIM_Cmd                                  0x080014a5   Thumb Code    26  stm32f10x_tim.o(.text)
    TIM_CtrlPWMOutputs                       0x080014bf   Thumb Code    28  stm32f10x_tim.o(.text)
    TIM_ITConfig                             0x080014db   Thumb Code    20  stm32f10x_tim.o(.text)
    TIM_GenerateEvent                        0x080014ef   Thumb Code     4  stm32f10x_tim.o(.text)
    TIM_DMAConfig                            0x080014f3   Thumb Code     8  stm32f10x_tim.o(.text)
    TIM_DMACmd                               0x080014fb   Thumb Code    20  stm32f10x_tim.o(.text)
    TIM_InternalClockConfig                  0x0800150f   Thumb Code    10  stm32f10x_tim.o(.text)
    TIM_SelectInputTrigger                   0x08001519   Thumb Code    12  stm32f10x_tim.o(.text)
    TIM_ITRxExternalClockConfig              0x08001525   Thumb Code    20  stm32f10x_tim.o(.text)
    TIM_TIxExternalClockConfig               0x08001539   Thumb Code    48  stm32f10x_tim.o(.text)
    TIM_ETRConfig                            0x08001569   Thumb Code    24  stm32f10x_tim.o(.text)
    TIM_ETRClockMode1Config                  0x08001581   Thumb Code    32  stm32f10x_tim.o(.text)
    TIM_ETRClockMode2Config                  0x080015a1   Thumb Code    20  stm32f10x_tim.o(.text)
    TIM_PrescalerConfig                      0x080015b5   Thumb Code     6  stm32f10x_tim.o(.text)
    TIM_CounterModeConfig                    0x080015bb   Thumb Code    14  stm32f10x_tim.o(.text)
    TIM_EncoderInterfaceConfig               0x080015c9   Thumb Code    50  stm32f10x_tim.o(.text)
    TIM_ForcedOC1Config                      0x080015fb   Thumb Code    12  stm32f10x_tim.o(.text)
    TIM_ForcedOC2Config                      0x08001607   Thumb Code    20  stm32f10x_tim.o(.text)
    TIM_ForcedOC3Config                      0x0800161b   Thumb Code    12  stm32f10x_tim.o(.text)
    TIM_ForcedOC4Config                      0x08001627   Thumb Code    20  stm32f10x_tim.o(.text)
    TIM_ARRPreloadConfig                     0x0800163b   Thumb Code    26  stm32f10x_tim.o(.text)
    TIM_SelectCOM                            0x08001655   Thumb Code    24  stm32f10x_tim.o(.text)
    TIM_SelectCCDMA                          0x0800166d   Thumb Code    24  stm32f10x_tim.o(.text)
    TIM_CCPreloadControl                     0x08001685   Thumb Code    24  stm32f10x_tim.o(.text)
    TIM_OC1PreloadConfig                     0x0800169d   Thumb Code    12  stm32f10x_tim.o(.text)
    TIM_OC2PreloadConfig                     0x080016a9   Thumb Code    20  stm32f10x_tim.o(.text)
    TIM_OC3PreloadConfig                     0x080016bd   Thumb Code    12  stm32f10x_tim.o(.text)
    TIM_OC4PreloadConfig                     0x080016c9   Thumb Code    20  stm32f10x_tim.o(.text)
    TIM_OC1FastConfig                        0x080016dd   Thumb Code    12  stm32f10x_tim.o(.text)
    TIM_OC2FastConfig                        0x080016e9   Thumb Code    20  stm32f10x_tim.o(.text)
    TIM_OC3FastConfig                        0x080016fd   Thumb Code    12  stm32f10x_tim.o(.text)
    TIM_OC4FastConfig                        0x08001709   Thumb Code    20  stm32f10x_tim.o(.text)
    TIM_ClearOC1Ref                          0x0800171d   Thumb Code    12  stm32f10x_tim.o(.text)
    TIM_ClearOC2Ref                          0x08001729   Thumb Code    20  stm32f10x_tim.o(.text)
    TIM_ClearOC3Ref                          0x0800173d   Thumb Code    12  stm32f10x_tim.o(.text)
    TIM_ClearOC4Ref                          0x08001749   Thumb Code    20  stm32f10x_tim.o(.text)
    TIM_OC1PolarityConfig                    0x0800175d   Thumb Code    12  stm32f10x_tim.o(.text)
    TIM_OC1NPolarityConfig                   0x08001769   Thumb Code    12  stm32f10x_tim.o(.text)
    TIM_OC2PolarityConfig                    0x08001775   Thumb Code    20  stm32f10x_tim.o(.text)
    TIM_OC2NPolarityConfig                   0x08001789   Thumb Code    20  stm32f10x_tim.o(.text)
    TIM_OC3PolarityConfig                    0x0800179d   Thumb Code    20  stm32f10x_tim.o(.text)
    TIM_OC3NPolarityConfig                   0x080017b1   Thumb Code    20  stm32f10x_tim.o(.text)
    TIM_OC4PolarityConfig                    0x080017c5   Thumb Code    20  stm32f10x_tim.o(.text)
    TIM_CCxCmd                               0x080017d9   Thumb Code    22  stm32f10x_tim.o(.text)
    TIM_CCxNCmd                              0x080017ef   Thumb Code    22  stm32f10x_tim.o(.text)
    TIM_SelectOCxM                           0x08001805   Thumb Code    80  stm32f10x_tim.o(.text)
    TIM_UpdateDisableConfig                  0x08001855   Thumb Code    26  stm32f10x_tim.o(.text)
    TIM_UpdateRequestConfig                  0x0800186f   Thumb Code    26  stm32f10x_tim.o(.text)
    TIM_SelectHallSensor                     0x08001889   Thumb Code    24  stm32f10x_tim.o(.text)
    TIM_SelectOnePulseMode                   0x080018a1   Thumb Code    18  stm32f10x_tim.o(.text)
    TIM_SelectOutputTrigger                  0x080018b3   Thumb Code    16  stm32f10x_tim.o(.text)
    TIM_SelectSlaveMode                      0x080018c3   Thumb Code    16  stm32f10x_tim.o(.text)
    TIM_SelectMasterSlaveMode                0x080018d3   Thumb Code    16  stm32f10x_tim.o(.text)
    TIM_SetCounter                           0x080018e3   Thumb Code     4  stm32f10x_tim.o(.text)
    TIM_SetAutoreload                        0x080018e7   Thumb Code     4  stm32f10x_tim.o(.text)
    TIM_SetCompare1                          0x080018eb   Thumb Code     4  stm32f10x_tim.o(.text)
    TIM_SetCompare2                          0x080018ef   Thumb Code     4  stm32f10x_tim.o(.text)
    TIM_SetCompare3                          0x080018f3   Thumb Code     4  stm32f10x_tim.o(.text)
    TIM_SetCompare4                          0x080018f7   Thumb Code     6  stm32f10x_tim.o(.text)
    TIM_SetClockDivision                     0x080018fd   Thumb Code    14  stm32f10x_tim.o(.text)
    TIM_GetCapture1                          0x0800190b   Thumb Code     4  stm32f10x_tim.o(.text)
    TIM_GetCapture2                          0x0800190f   Thumb Code     4  stm32f10x_tim.o(.text)
    TIM_GetCapture3                          0x08001913   Thumb Code     4  stm32f10x_tim.o(.text)
    TIM_GetCapture4                          0x08001917   Thumb Code     6  stm32f10x_tim.o(.text)
    TIM_GetCounter                           0x0800191d   Thumb Code     4  stm32f10x_tim.o(.text)
    TIM_GetPrescaler                         0x08001921   Thumb Code     4  stm32f10x_tim.o(.text)
    TIM_GetFlagStatus                        0x08001925   Thumb Code    14  stm32f10x_tim.o(.text)
    TIM_ClearFlag                            0x08001933   Thumb Code     6  stm32f10x_tim.o(.text)
    TIM_GetITStatus                          0x08001939   Thumb Code    24  stm32f10x_tim.o(.text)
    TIM_ClearITPendingBit                    0x08001951   Thumb Code     6  stm32f10x_tim.o(.text)
    ADC_DeInit                               0x08001959   Thumb Code    88  stm32f10x_adc.o(.text)
    ADC_Init                                 0x080019b1   Thumb Code    62  stm32f10x_adc.o(.text)
    ADC_StructInit                           0x080019ef   Thumb Code    18  stm32f10x_adc.o(.text)
    ADC_Cmd                                  0x08001a01   Thumb Code    24  stm32f10x_adc.o(.text)
    ADC_DMACmd                               0x08001a19   Thumb Code    24  stm32f10x_adc.o(.text)
    ADC_ITConfig                             0x08001a31   Thumb Code    22  stm32f10x_adc.o(.text)
    ADC_ResetCalibration                     0x08001a47   Thumb Code    10  stm32f10x_adc.o(.text)
    ADC_GetResetCalibrationStatus            0x08001a51   Thumb Code    16  stm32f10x_adc.o(.text)
    ADC_StartCalibration                     0x08001a61   Thumb Code    10  stm32f10x_adc.o(.text)
    ADC_GetCalibrationStatus                 0x08001a6b   Thumb Code    16  stm32f10x_adc.o(.text)
    ADC_SoftwareStartConvCmd                 0x08001a7b   Thumb Code    24  stm32f10x_adc.o(.text)
    ADC_GetSoftwareStartConvStatus           0x08001a93   Thumb Code    16  stm32f10x_adc.o(.text)
    ADC_DiscModeChannelCountConfig           0x08001aa3   Thumb Code    16  stm32f10x_adc.o(.text)
    ADC_DiscModeCmd                          0x08001ab3   Thumb Code    24  stm32f10x_adc.o(.text)
    ADC_RegularChannelConfig                 0x08001acb   Thumb Code   116  stm32f10x_adc.o(.text)
    ADC_ExternalTrigConvCmd                  0x08001b3f   Thumb Code    24  stm32f10x_adc.o(.text)
    ADC_GetConversionValue                   0x08001b57   Thumb Code     6  stm32f10x_adc.o(.text)
    ADC_GetDualModeConversionValue           0x08001b5d   Thumb Code     8  stm32f10x_adc.o(.text)
    ADC_AutoInjectedConvCmd                  0x08001b65   Thumb Code    24  stm32f10x_adc.o(.text)
    ADC_InjectedDiscModeCmd                  0x08001b7d   Thumb Code    24  stm32f10x_adc.o(.text)
    ADC_ExternalTrigInjectedConvConfig       0x08001b95   Thumb Code    12  stm32f10x_adc.o(.text)
    ADC_ExternalTrigInjectedConvCmd          0x08001ba1   Thumb Code    24  stm32f10x_adc.o(.text)
    ADC_SoftwareStartInjectedConvCmd         0x08001bb9   Thumb Code    24  stm32f10x_adc.o(.text)
    ADC_GetSoftwareStartInjectedConvCmdStatus 0x08001bd1   Thumb Code    16  stm32f10x_adc.o(.text)
    ADC_InjectedChannelConfig                0x08001be1   Thumb Code    74  stm32f10x_adc.o(.text)
    ADC_InjectedSequencerLengthConfig        0x08001c2b   Thumb Code    16  stm32f10x_adc.o(.text)
    ADC_SetInjectedOffset                    0x08001c3b   Thumb Code    16  stm32f10x_adc.o(.text)
    ADC_GetInjectedConversionValue           0x08001c4b   Thumb Code    20  stm32f10x_adc.o(.text)
    ADC_AnalogWatchdogCmd                    0x08001c5f   Thumb Code    12  stm32f10x_adc.o(.text)
    ADC_AnalogWatchdogThresholdsConfig       0x08001c6b   Thumb Code     6  stm32f10x_adc.o(.text)
    ADC_AnalogWatchdogSingleChannelConfig    0x08001c71   Thumb Code    12  stm32f10x_adc.o(.text)
    ADC_TempSensorVrefintCmd                 0x08001c7d   Thumb Code    28  stm32f10x_adc.o(.text)
    ADC_GetFlagStatus                        0x08001c99   Thumb Code    14  stm32f10x_adc.o(.text)
    ADC_ClearFlag                            0x08001ca7   Thumb Code     6  stm32f10x_adc.o(.text)
    ADC_GetITStatus                          0x08001cad   Thumb Code    28  stm32f10x_adc.o(.text)
    ADC_ClearITPendingBit                    0x08001cc9   Thumb Code     8  stm32f10x_adc.o(.text)
    FLASH_SetLatency                         0x08001ce9   Thumb Code    14  stm32f10x_flash.o(.text)
    FLASH_HalfCycleAccessCmd                 0x08001cf7   Thumb Code    18  stm32f10x_flash.o(.text)
    FLASH_PrefetchBufferCmd                  0x08001d09   Thumb Code    18  stm32f10x_flash.o(.text)
    FLASH_Unlock                             0x08001d1b   Thumb Code    12  stm32f10x_flash.o(.text)
    FLASH_Lock                               0x08001d27   Thumb Code    12  stm32f10x_flash.o(.text)
    FLASH_GetStatus                          0x08001d33   Thumb Code    34  stm32f10x_flash.o(.text)
    FLASH_WaitForLastOperation               0x08001d6b   Thumb Code    36  stm32f10x_flash.o(.text)
    FLASH_ErasePage                          0x08001d8f   Thumb Code    60  stm32f10x_flash.o(.text)
    FLASH_EraseAllPages                      0x08001dcb   Thumb Code    56  stm32f10x_flash.o(.text)
    FLASH_EraseOptionBytes                   0x08001e03   Thumb Code   110  stm32f10x_flash.o(.text)
    FLASH_ProgramWord                        0x08001e71   Thumb Code    86  stm32f10x_flash.o(.text)
    FLASH_ProgramHalfWord                    0x08001ec7   Thumb Code    50  stm32f10x_flash.o(.text)
    FLASH_ProgramOptionByteData              0x08001ef9   Thumb Code    58  stm32f10x_flash.o(.text)
    FLASH_EnableWriteProtection              0x08001f33   Thumb Code   154  stm32f10x_flash.o(.text)
    FLASH_ReadOutProtection                  0x08001fcd   Thumb Code   120  stm32f10x_flash.o(.text)
    FLASH_UserOptionByteConfig               0x08002045   Thumb Code    74  stm32f10x_flash.o(.text)
    FLASH_GetUserOptionByte                  0x0800208f   Thumb Code     8  stm32f10x_flash.o(.text)
    FLASH_GetWriteProtectionOptionByte       0x08002097   Thumb Code     6  stm32f10x_flash.o(.text)
    FLASH_GetReadOutProtectionStatus         0x0800209d   Thumb Code    16  stm32f10x_flash.o(.text)
    FLASH_GetPrefetchBufferStatus            0x080020ad   Thumb Code    16  stm32f10x_flash.o(.text)
    FLASH_ITConfig                           0x080020bd   Thumb Code    40  stm32f10x_flash.o(.text)
    FLASH_GetFlagStatus                      0x080020e5   Thumb Code    30  stm32f10x_flash.o(.text)
    FLASH_ClearFlag                          0x08002103   Thumb Code     6  stm32f10x_flash.o(.text)
    BSP_Init                                 0x08002145   Thumb Code     2  bsp.o(.text)
    BSP_IntDisAll                            0x08002147   Thumb Code     4  bsp.o(.text)
    PB_GetStatus                             0x0800214b   Thumb Code    66  bsp.o(.text)
    LED_On                                   0x0800218d   Thumb Code    64  bsp.o(.text)
    LED_Off                                  0x080021cd   Thumb Code    64  bsp.o(.text)
    LED_Toggle                               0x0800220d   Thumb Code   164  bsp.o(.text)
    InitRemap                                0x080022bd   Thumb Code    10  init.o(.text)
    InitFSMC                                 0x080022c7   Thumb Code    26  init.o(.text)
    Init                                     0x080022e1   Thumb Code   106  init.o(.text)
    InitPort                                 0x0800234b   Thumb Code   172  init.o(.text)
    IntVectSet                               0x080023f9   Thumb Code    30  init.o(.text)
    BSP_IntInit                              0x08002417   Thumb Code    20  init.o(.text)
    BSP_CPU_ClkFreq                          0x0800242b   Thumb Code    16  init.o(.text)
    OS_CPU_SysTickClkFreq                    0x0800243b   Thumb Code     2  init.o(.text)
    InitVar                                  0x0800243d   Thumb Code    28  init.o(.text)
    ATC_QueueCreat                           0x080024a5   Thumb Code   100  message.o(.text)
    Msg2Queue                                0x08002509   Thumb Code   100  message.o(.text)
    SendMsg2Queue                            0x0800256d   Thumb Code    84  message.o(.text)
    RcvMsgFromQueue                          0x080025c1   Thumb Code   116  message.o(.text)
    ClearMsgQueue                            0x08002635   Thumb Code    96  message.o(.text)
    DelQueue                                 0x08002695   Thumb Code    46  message.o(.text)
    LedON                                    0x080026d5   Thumb Code     2  sysctrl.o(.text)
    LedOFF                                   0x080026d7   Thumb Code     2  sysctrl.o(.text)
    FeedDog                                  0x080026d9   Thumb Code    20  sysctrl.o(.text)
    BeepCtrl                                 0x080026ed   Thumb Code     4  sysctrl.o(.text)
    ErrOutputCheck                           0x080026f1   Thumb Code   196  sysctrl.o(.text)
    DisChargeCtrl                            0x080027b5   Thumb Code   154  sysctrl.o(.text)
    CheckBatStat                             0x0800284f   Thumb Code   806  sysctrl.o(.text)
    RCC_Configuration                        0x08002b79   Thumb Code    26  appstart.o(.text)
    DeviceInit                               0x08002b93   Thumb Code    22  appstart.o(.text)
    LedCtrl                                  0x08002ba9   Thumb Code    42  appstart.o(.text)
    CheckTaskState                           0x08002bd3   Thumb Code     2  appstart.o(.text)
    MainControlFun                           0x08002bd5   Thumb Code   102  appstart.o(.text)
    InitUartTask                             0x08002c3b   Thumb Code    46  appstart.o(.text)
    ReCreate                                 0x08002c69   Thumb Code    50  appstart.o(.text)
    main                                     0x08002cdd   Thumb Code    72  appstart.o(.text)
    App_TaskCreateHook                       0x08002d25   Thumb Code     2  appstart.o(.text)
    App_TaskDelHook                          0x08002d27   Thumb Code     2  appstart.o(.text)
    App_TaskIdleHook                         0x08002d29   Thumb Code     2  appstart.o(.text)
    App_TaskStatHook                         0x08002d2b   Thumb Code     2  appstart.o(.text)
    App_TaskSwHook                           0x08002d2d   Thumb Code     2  appstart.o(.text)
    App_TCBInitHook                          0x08002d2f   Thumb Code     2  appstart.o(.text)
    App_TimeTickHook                         0x08002d31   Thumb Code     2  appstart.o(.text)
    InitPrintfUsart                          0x08002d81   Thumb Code    14  applcd.o(.text)
    InitLcdUsart                             0x08002d8f   Thumb Code    48  applcd.o(.text)
    IrqDevAddr                               0x08002dbf   Thumb Code    86  applcd.o(.text)
    SlaveToMasterStartAddr                   0x08002e15   Thumb Code   110  applcd.o(.text)
    TaskLCD                                  0x08002e83   Thumb Code    52  applcd.o(.text)
    TaskJdyTest                              0x08002ec9   Thumb Code    20  appjdytest.o(.text)
    CheckRcvData                             0x08002ee1   Thumb Code     4  appupdate.o(.text)
    UpdateComprocess                         0x08002ee5   Thumb Code   112  appupdate.o(.text)
    TaskUpdateCom                            0x08002f55   Thumb Code    26  appupdate.o(.text)
    Big2Samll                                0x08002f79   Thumb Code    10  lcdcomm.o(.text)
    CalAndSendData                           0x08002f83   Thumb Code    66  lcdcomm.o(.text)
    SwitchToPicX                             0x08002fc5   Thumb Code    70  lcdcomm.o(.text)
    ReadPicID                                0x0800300b   Thumb Code    60  lcdcomm.o(.text)
    SendInnerRCtrlValueToLCD                 0x08003047   Thumb Code    54  lcdcomm.o(.text)
    CloseLcdLed                              0x0800307d   Thumb Code    56  lcdcomm.o(.text)
    OpenLcdLed                               0x080030b5   Thumb Code    56  lcdcomm.o(.text)
    WriteDataToPicture0                      0x080030ed   Thumb Code     4  lcdcomm.o(.text)
    WriteDataToPicture1                      0x080030f1   Thumb Code     4  lcdcomm.o(.text)
    WriteDataToPicture2                      0x080030f5   Thumb Code     4  lcdcomm.o(.text)
    WriteDataToPicture3                      0x080030f9   Thumb Code     4  lcdcomm.o(.text)
    ClrPicture151Data                        0x080030fd   Thumb Code     4  lcdcomm.o(.text)
    PackedAndSendData                        0x08003101   Thumb Code    50  lcdcomm.o(.text)
    PictureSwitch                            0x08003133   Thumb Code    64  lcdcomm.o(.text)
    DealScreenData                           0x08003205   Thumb Code   218  lcdcomm.o(.text)
    DealScreenCmd                            0x080032df   Thumb Code    36  lcdcomm.o(.text)
    LcdProtocolAnalysis                      0x08003303   Thumb Code    38  lcdcomm.o(.text)
    CheckRcvLcdData                          0x08003359   Thumb Code   148  lcdcomm.o(.text)
    CheckRcvLcdData1                         0x080033ed   Thumb Code   186  lcdcomm.o(.text)
    LcdCheckRcvDone                          0x080034a7   Thumb Code    88  lcdcomm.o(.text)
    LcdErrRespond                            0x080034ff   Thumb Code     2  lcdcomm.o(.text)
    LcdProcess                               0x08003501   Thumb Code   188  lcdcomm.o(.text)
    CPU_IntDis                               0x080035cd   Thumb Code     0  cpu_a.o(.text)
    CPU_IntEn                                0x080035d1   Thumb Code     0  cpu_a.o(.text)
    CPU_SR_Save                              0x080035d5   Thumb Code     0  cpu_a.o(.text)
    CPU_SR_Restore                           0x080035dd   Thumb Code     0  cpu_a.o(.text)
    CPU_CntLeadZeros                         0x080035e3   Thumb Code     0  cpu_a.o(.text)
    CPU_RevBits                              0x080035e9   Thumb Code     0  cpu_a.o(.text)
    CPU_WaitForInt                           0x080035ef   Thumb Code     0  cpu_a.o(.text)
    CPU_WaitForExcept                        0x080035f3   Thumb Code     0  cpu_a.o(.text)
    OSTimeDly                                0x080035f9   Thumb Code    70  os_time.o(.text)
    OSTimeDlyHMSM                            0x0800363f   Thumb Code   130  os_time.o(.text)
    OSTimeDlyResume                          0x080036c1   Thumb Code   140  os_time.o(.text)
    OSTimeGet                                0x0800374d   Thumb Code    18  os_time.o(.text)
    OSTimeSet                                0x0800375f   Thumb Code    20  os_time.o(.text)
    OSTmrCreate                              0x080037cd   Thumb Code   190  os_tmr.o(.text)
    OSTmrDel                                 0x080038fd   Thumb Code   138  os_tmr.o(.text)
    OSTmrNameGet                             0x08003987   Thumb Code   134  os_tmr.o(.text)
    OSTmrRemainGet                           0x08003a0d   Thumb Code   166  os_tmr.o(.text)
    OSTmrStateGet                            0x08003ab3   Thumb Code    92  os_tmr.o(.text)
    OSTmrStart                               0x08003b61   Thumb Code   172  os_tmr.o(.text)
    OSTmrStop                                0x08003c0d   Thumb Code   184  os_tmr.o(.text)
    OSTmrSignal                              0x08003cc5   Thumb Code     8  os_tmr.o(.text)
    OSTmr_Init                               0x08003d6d   Thumb Code   144  os_tmr.o(.text)
    OS_StrCopy                               0x08003e51   Thumb Code    28  os_core.o(.text)
    OSEventNameGet                           0x08003e6d   Thumb Code   112  os_core.o(.text)
    OS_StrLen                                0x08003edd   Thumb Code    20  os_core.o(.text)
    OSEventNameSet                           0x08003ef1   Thumb Code   116  os_core.o(.text)
    OS_EventTaskRemoveMulti                  0x08003f65   Thumb Code    40  os_core.o(.text)
    OS_Sched                                 0x08003fa5   Thumb Code    64  os_core.o(.text)
    OS_EventTaskWaitMulti                    0x08003fe5   Thumb Code    90  os_core.o(.text)
    OSEventPendMulti                         0x0800403f   Thumb Code   570  os_core.o(.text)
    OS_TaskIdle                              0x08004279   Thumb Code    22  os_core.o(.text)
    OS_MemClr                                0x080042c5   Thumb Code    18  os_core.o(.text)
    OSInit                                   0x08004395   Thumb Code    50  os_core.o(.text)
    OSIntEnter                               0x080043c7   Thumb Code    20  os_core.o(.text)
    OSIntExit                                0x080043db   Thumb Code    82  os_core.o(.text)
    OSSchedLock                              0x0800442d   Thumb Code    38  os_core.o(.text)
    OSSchedUnlock                            0x08004453   Thumb Code    66  os_core.o(.text)
    OSStart                                  0x08004495   Thumb Code    40  os_core.o(.text)
    OSTimeTick                               0x080044bd   Thumb Code   172  os_core.o(.text)
    OSVersion                                0x08004569   Thumb Code     6  os_core.o(.text)
    OS_Dummy                                 0x0800456f   Thumb Code     2  os_core.o(.text)
    OS_EventTaskRemove                       0x08004571   Thumb Code    34  os_core.o(.text)
    OS_EventTaskRdy                          0x08004593   Thumb Code   112  os_core.o(.text)
    OS_EventTaskWait                         0x08004603   Thumb Code    76  os_core.o(.text)
    OS_EventWaitListInit                     0x0800464f   Thumb Code    58  os_core.o(.text)
    OS_MemCopy                               0x08004689   Thumb Code    20  os_core.o(.text)
    OS_TaskStatStkChk                        0x0800469d   Thumb Code    50  os_core.o(.text)
    OS_TCBInit                               0x080046cf   Thumb Code   228  os_core.o(.text)
    OSFlagAccept                             0x080047bd   Thumb Code   220  os_flag.o(.text)
    OSFlagCreate                             0x08004899   Thumb Code    78  os_flag.o(.text)
    OS_FlagUnlink                            0x080048e7   Thumb Code    34  os_flag.o(.text)
    OSFlagDel                                0x0800495b   Thumb Code   228  os_flag.o(.text)
    OSFlagNameGet                            0x08004a3f   Thumb Code   104  os_flag.o(.text)
    OSFlagNameSet                            0x08004aa7   Thumb Code   110  os_flag.o(.text)
    OSFlagPend                               0x08004b71   Thumb Code   584  os_flag.o(.text)
    OSFlagPendGetFlagsRdy                    0x08004db9   Thumb Code    20  os_flag.o(.text)
    OSFlagPost                               0x08004dcd   Thumb Code   250  os_flag.o(.text)
    OSFlagQuery                              0x08004ec7   Thumb Code    56  os_flag.o(.text)
    OS_FlagInit                              0x08004eff   Thumb Code    58  os_flag.o(.text)
    OSMemCreate                              0x08004f45   Thumb Code   150  os_mem.o(.text)
    OSMemGet                                 0x08004fdb   Thumb Code    66  os_mem.o(.text)
    OSMemNameGet                             0x0800501d   Thumb Code    86  os_mem.o(.text)
    OSMemNameSet                             0x08005073   Thumb Code    92  os_mem.o(.text)
    OSMemPut                                 0x080050cf   Thumb Code    60  os_mem.o(.text)
    OSMemQuery                               0x0800510b   Thumb Code    60  os_mem.o(.text)
    OS_MemInit                               0x08005147   Thumb Code    56  os_mem.o(.text)
    OSQAccept                                0x0800518d   Thumb Code    96  os_q.o(.text)
    OSQCreate                                0x080051ed   Thumb Code   118  os_q.o(.text)
    OSQDel                                   0x08005263   Thumb Code   260  os_q.o(.text)
    OSQFlush                                 0x08005367   Thumb Code    52  os_q.o(.text)
    OSQPend                                  0x0800539b   Thumb Code   234  os_q.o(.text)
    OSQPendAbort                             0x08005485   Thumb Code   128  os_q.o(.text)
    OSQPost                                  0x08005505   Thumb Code   116  os_q.o(.text)
    OSQPostFront                             0x08005579   Thumb Code   136  os_q.o(.text)
    OSQPostOpt                               0x08005601   Thumb Code   176  os_q.o(.text)
    OSQQuery                                 0x080056b1   Thumb Code   102  os_q.o(.text)
    OS_QInit                                 0x08005717   Thumb Code    46  os_q.o(.text)
    OSSemAccept                              0x0800574d   Thumb Code    42  os_sem.o(.text)
    OSSemCreate                              0x08005777   Thumb Code    62  os_sem.o(.text)
    OSSemDel                                 0x080057b5   Thumb Code   234  os_sem.o(.text)
    OSSemPend                                0x0800589f   Thumb Code   190  os_sem.o(.text)
    OSSemPendAbort                           0x0800595d   Thumb Code   130  os_sem.o(.text)
    OSSemPost                                0x080059df   Thumb Code    92  os_sem.o(.text)
    OSSemQuery                               0x08005a3b   Thumb Code    76  os_sem.o(.text)
    OSSemSet                                 0x08005a87   Thumb Code    68  os_sem.o(.text)
    OSTaskChangePrio                         0x08005add   Thumb Code   346  os_task.o(.text)
    OSTaskCreate                             0x08005c37   Thumb Code   132  os_task.o(.text)
    OS_TaskStkClr                            0x08005cbb   Thumb Code    22  os_task.o(.text)
    OSTaskCreateExt                          0x08005cd1   Thumb Code   152  os_task.o(.text)
    OSTaskDel                                0x08005d69   Thumb Code   298  os_task.o(.text)
    OSTaskDelReq                             0x08005e93   Thumb Code   142  os_task.o(.text)
    OSTaskNameGet                            0x08005f21   Thumb Code   140  os_task.o(.text)
    OSTaskNameSet                            0x08005fad   Thumb Code   150  os_task.o(.text)
    OSTaskResume                             0x08006043   Thumb Code   130  os_task.o(.text)
    OSTaskStkChk                             0x080060c5   Thumb Code   136  os_task.o(.text)
    OSTaskSuspend                            0x0800614d   Thumb Code   152  os_task.o(.text)
    OSTaskQuery                              0x080061e5   Thumb Code    94  os_task.o(.text)
    OS_CPU_SR_Save                           0x0800625d   Thumb Code     0  os_cpu_a.o(.text)
    OS_CPU_SR_Restore                        0x08006265   Thumb Code     0  os_cpu_a.o(.text)
    OSStartHighRdy                           0x0800626b   Thumb Code     0  os_cpu_a.o(.text)
    OSCtxSw                                  0x0800628b   Thumb Code     0  os_cpu_a.o(.text)
    OSIntCtxSw                               0x08006295   Thumb Code     0  os_cpu_a.o(.text)
    PendSV_Handler                           0x0800629f   Thumb Code     0  os_cpu_a.o(.text)
    OSInitHookBegin                          0x08006301   Thumb Code     8  os_cpu_c.o(.text)
    OSInitHookEnd                            0x08006309   Thumb Code     2  os_cpu_c.o(.text)
    OSTaskCreateHook                         0x0800630b   Thumb Code     4  os_cpu_c.o(.text)
    OSTaskDelHook                            0x0800630f   Thumb Code     4  os_cpu_c.o(.text)
    OSTaskIdleHook                           0x08006313   Thumb Code     4  os_cpu_c.o(.text)
    OSTaskStatHook                           0x08006317   Thumb Code     4  os_cpu_c.o(.text)
    OSTaskStkInit                            0x0800631b   Thumb Code   100  os_cpu_c.o(.text)
    OSTaskSwHook                             0x0800637f   Thumb Code     4  os_cpu_c.o(.text)
    OSTCBInitHook                            0x08006383   Thumb Code     4  os_cpu_c.o(.text)
    OSTimeTickHook                           0x08006387   Thumb Code    36  os_cpu_c.o(.text)
    OS_CPU_SysTickHandler                    0x080063ab   Thumb Code    30  os_cpu_c.o(.text)
    OS_CPU_SysTickInit                       0x080063c9   Thumb Code    40  os_cpu_c.o(.text)
    QueueCreate                              0x080063f9   Thumb Code    84  queue.o(.text)
    QueueRead                                0x0800644d   Thumb Code    88  queue.o(.text)
    QueueReadInInt                           0x080064a5   Thumb Code    74  queue.o(.text)
    QueueWrite                               0x080064ef   Thumb Code    94  queue.o(.text)
    QueueWriteInInt                          0x0800654d   Thumb Code    74  queue.o(.text)
    QueueNData                               0x08006597   Thumb Code    24  queue.o(.text)
    QueueSize                                0x080065af   Thumb Code    24  queue.o(.text)
    ADCDelay                                 0x080065c9   Thumb Code    16  adc.o(.text)
    initADCTimer                             0x080065d9   Thumb Code    38  adc.o(.text)
    VerfiyAdVaule                            0x080065ff   Thumb Code   204  adc.o(.text)
    StartADC                                 0x080066cb   Thumb Code    18  adc.o(.text)
    initADC                                  0x080066dd   Thumb Code   200  adc.o(.text)
    restartADC                               0x080067a5   Thumb Code    12  adc.o(.text)
    ADC1_2_IRQHandler                        0x080067b1   Thumb Code    82  adc.o(.text)
    ADC_TIM3_Configuration                   0x08006803   Thumb Code   114  adc.o(.text)
    ADC_Configuration                        0x08006875   Thumb Code   240  adc.o(.text)
    GetValue                                 0x08006965   Thumb Code    44  adc.o(.text)
    CalcCRC1021                              0x080069cd   Thumb Code    36  crc.o(.text)
    RxdCrc                                   0x080069f1   Thumb Code    70  crc.o(.text)
    TxdCrc                                   0x08006a37   Thumb Code    90  crc.o(.text)
    FdyTxdCrc                                0x08006a91   Thumb Code    90  crc.o(.text)
    FdyRxdCrc                                0x08006aeb   Thumb Code    70  crc.o(.text)
    crcupdate                                0x08006b31   Thumb Code    26  crc.o(.text)
    crcm                                     0x08006b4b   Thumb Code    90  crc.o(.text)
    CalCS                                    0x08006ba5   Thumb Code    26  crc.o(.text)
    ModbusCRC                                0x08006bbf   Thumb Code    50  crc.o(.text)
    LcdTxCRC                                 0x08006bf1   Thumb Code    50  crc.o(.text)
    LcdRxCRC                                 0x08006c23   Thumb Code    50  crc.o(.text)
    STM_EVAL_LEDInit                         0x08006c5d   Thumb Code    54  gpio.o(.text)
    STM_EVAL_LEDToggle                       0x08006c93   Thumb Code    22  gpio.o(.text)
    ContrlGPIOOut                            0x08006ca9   Thumb Code    16  gpio.o(.text)
    BeepInit                                 0x08006cb9   Thumb Code    50  gpio.o(.text)
    WDTInit                                  0x08006ceb   Thumb Code    38  gpio.o(.text)
    STM_EVAL_LED_CTRL                        0x08006d11   Thumb Code    20  gpio.o(.text)
    STM_EVAL_LED_OFF                         0x08006d25   Thumb Code     4  gpio.o(.text)
    STM_EVAL_LED_ON                          0x08006d29   Thumb Code     4  gpio.o(.text)
    BeepON                                   0x08006d2d   Thumb Code     8  gpio.o(.text)
    BeepOFF                                  0x08006d35   Thumb Code     8  gpio.o(.text)
    WriteJoutputDataBit                      0x08006d3d   Thumb Code    54  gpio.o(.text)
    OutPutON                                 0x08006d73   Thumb Code     4  gpio.o(.text)
    OutPutOFF                                0x08006d77   Thumb Code     4  gpio.o(.text)
    LED_IO_Init                              0x08006d7b   Thumb Code    26  gpio.o(.text)
    InputIoInit                              0x08006d95   Thumb Code    58  gpio.o(.text)
    Input_IO_Init                            0x08006dcf   Thumb Code    20  gpio.o(.text)
    JoutputIoInit                            0x08006de3   Thumb Code    58  gpio.o(.text)
    Joutput_IO_Init                          0x08006e1d   Thumb Code    28  gpio.o(.text)
    ResetGPIO                                0x08006e39   Thumb Code     8  gpio.o(.text)
    SetGPIO                                  0x08006e41   Thumb Code     8  gpio.o(.text)
    InPut_OutPut_Init                        0x08006e49   Thumb Code    40  gpio.o(.text)
    ReadInputDataBit                         0x08006e71   Thumb Code    20  gpio.o(.text)
    ToggleGPIORev                            0x08006e85   Thumb Code    12  gpio.o(.text)
    ReadInput                                0x08006e91   Thumb Code     8  gpio.o(.text)
    SysI2CInit                               0x08006ed9   Thumb Code    86  i2c.o(.text)
    Write_Page_Cov                           0x08007209   Thumb Code   134  i2c.o(.text)
    Write_Page                               0x0800728f   Thumb Code    78  i2c.o(.text)
    Read_Page                                0x080072dd   Thumb Code    34  i2c.o(.text)
    Eeprom_Write                             0x080072ff   Thumb Code    58  i2c.o(.text)
    Eeprom_Read_Cov                          0x08007339   Thumb Code   152  i2c.o(.text)
    Eeprom_Read                              0x080073d1   Thumb Code    70  i2c.o(.text)
    Eeprom_Write_I2c                         0x08007417   Thumb Code    42  i2c.o(.text)
    Eeprom_Read_I2c                          0x08007441   Thumb Code    72  i2c.o(.text)
    Time_ConvUnixToCalendar                  0x0800748d   Thumb Code    30  rtc.o(.text)
    Time_ConvCalendarToUnix                  0x080074ab   Thumb Code    24  rtc.o(.text)
    Time_GetUnixTime                         0x080074c3   Thumb Code     4  rtc.o(.text)
    Time_GetCalendarTime                     0x080074c7   Thumb Code    38  rtc.o(.text)
    Time_SetUnixTime                         0x080074ed   Thumb Code    22  rtc.o(.text)
    Time_SetCalendarTime                     0x08007503   Thumb Code    38  rtc.o(.text)
    RTC_Configuration                        0x08007529   Thumb Code    88  rtc.o(.text)
    Time_Adjust                              0x08007581   Thumb Code    76  rtc.o(.text)
    sysRtcHwInit                             0x080075cd   Thumb Code   124  rtc.o(.text)
    GetChanHandler                           0x0800764d   Thumb Code    24  uart.o(.text)
    Uart_Open                                0x08007665   Thumb Code    58  uart.o(.text)
    Uart_BaudSet                             0x0800769f   Thumb Code    86  uart.o(.text)
    IsUartMode                               0x080079af   Thumb Code    22  uart.o(.text)
    Uart_IOCtrl                              0x080079c5   Thumb Code   388  uart.o(.text)
    Uart_Close                               0x08007b51   Thumb Code    76  uart.o(.text)
    Uart_Read                                0x08007b9d   Thumb Code    60  uart.o(.text)
    Uart_Write                               0x08007bd9   Thumb Code   156  uart.o(.text)
    UsartClockOperation                      0x08007c75   Thumb Code    92  uart.o(.text)
    ComRate                                  0x08007ecd   Thumb Code   140  uart.o(.text)
    DeInitUsart                              0x08007f59   Thumb Code    42  uart.o(.text)
    sysSerialHwInit                          0x08007f83   Thumb Code   150  uart.o(.text)
    ComInit                                  0x08008019   Thumb Code   122  uart.o(.text)
    GetDevChan                               0x08008093   Thumb Code    48  uart.o(.text)
    UartDealInIRQ                            0x080080c3   Thumb Code   214  uart.o(.text)
    USART1_IRQHandler                        0x08008199   Thumb Code    52  uart.o(.text)
    USART2_IRQHandler                        0x080081cd   Thumb Code    42  uart.o(.text)
    USART3_IRQHandler                        0x080081f7   Thumb Code    42  uart.o(.text)
    UART4_IRQHandler                         0x08008221   Thumb Code    42  uart.o(.text)
    UART5_IRQHandler                         0x0800824b   Thumb Code    42  uart.o(.text)
    mktime                                   0x08008295   Thumb Code   142  mktime.o(.text)
    __aeabi_memcpy                           0x08008335   Thumb Code    36  memcpya.o(.text)
    __aeabi_memcpy4                          0x08008335   Thumb Code     0  memcpya.o(.text)
    __aeabi_memcpy8                          0x08008335   Thumb Code     0  memcpya.o(.text)
    __aeabi_memset                           0x08008359   Thumb Code    14  memseta.o(.text)
    __aeabi_memset4                          0x08008359   Thumb Code     0  memseta.o(.text)
    __aeabi_memset8                          0x08008359   Thumb Code     0  memseta.o(.text)
    __aeabi_memclr                           0x08008367   Thumb Code     4  memseta.o(.text)
    __aeabi_memclr4                          0x08008367   Thumb Code     0  memseta.o(.text)
    __aeabi_memclr8                          0x08008367   Thumb Code     0  memseta.o(.text)
    _memset$wrapper                          0x0800836b   Thumb Code    18  memseta.o(.text)
    __aeabi_i2f                              0x0800837d   Thumb Code    18  fflti.o(.text)
    __aeabi_ui2f                             0x0800838f   Thumb Code    10  ffltui.o(.text)
    __aeabi_cfcmpeq                          0x08008399   Thumb Code     0  cfcmple.o(.text)
    __aeabi_cfcmple                          0x08008399   Thumb Code    20  cfcmple.o(.text)
    __aeabi_cfrcmple                         0x080083ad   Thumb Code    20  cfrcmple.o(.text)
    localtime                                0x080083c1   Thumb Code     6  localtime_w.o(.text)
    _localtime                               0x080083cd   Thumb Code   122  localtime_i.o(.text)
    __I$use$fp                               0x0800844d   Thumb Code     0  iusefp.o(.text)
    _float_round                             0x0800844d   Thumb Code    18  fepilogue.o(.text)
    _float_epilogue                          0x0800845f   Thumb Code    90  fepilogue.o(.text)
    __scatterload                            0x080084b9   Thumb Code    28  init.o(.text)
    __scatterload_rt2                        0x080084b9   Thumb Code     0  init.o(.text)
    __decompress                             0x080084dd   Thumb Code     0  __dczerorl2.o(.text)
    __decompress1                            0x080084dd   Thumb Code    92  __dczerorl2.o(.text)
    __scatterload_copy                       0x08008539   Thumb Code    14  handlers.o(i.__scatterload_copy)
    __scatterload_null                       0x08008547   Thumb Code     2  handlers.o(i.__scatterload_null)
    __scatterload_zeroinit                   0x08008549   Thumb Code    14  handlers.o(i.__scatterload_zeroinit)
    SSectAddrAndData                         0x08008560   Data         112  mbsslave.o(.constdata)
    OSUnMapTbl                               0x080085d8   Data         256  os_core.o(.constdata)
    pu16CRC1021Table                         0x080086d8   Data         512  crc.o(.constdata)
    LED_GPIO_PIN                             0x080088d8   Data           2  gpio.o(.constdata)
    LED_GPIO_CLK                             0x080088dc   Data           4  gpio.o(.constdata)
    INPUT_GPIO_PIN                           0x080088f0   Data          22  gpio.o(.constdata)
    INPUT_GPIO_CLK                           0x08008908   Data          44  gpio.o(.constdata)
    JOUTPUT_GPIO_PIN                         0x08008934   Data          42  gpio.o(.constdata)
    JOUTPUT_GPIO_CLK                         0x08008960   Data          84  gpio.o(.constdata)
    Region$$Table$$Base                      0x080089d4   Number         0  anon$$obj.o(Region$$Table)
    Region$$Table$$Limit                     0x080089f4   Number         0  anon$$obj.o(Region$$Table)
    AppStartQueue                            0x2000001c   Data           4  message.o(.data)
    COM1UARTQueue                            0x20000020   Data           4  message.o(.data)
    COM2UARTQueue                            0x20000024   Data           4  message.o(.data)
    COM3UARTQueue                            0x20000028   Data           4  message.o(.data)
    LCDQueue                                 0x2000002c   Data           4  message.o(.data)
    LCDCOM                                   0x20000030   Data           1  appstart.o(.data)
    OSIntNesting                             0x2000003c   Data           1  os_core.o(.data)
    OSLockNesting                            0x2000003d   Data           1  os_core.o(.data)
    OSPrioCur                                0x2000003e   Data           1  os_core.o(.data)
    OSPrioHighRdy                            0x2000003f   Data           1  os_core.o(.data)
    OSRdyGrp                                 0x20000040   Data           1  os_core.o(.data)
    OSRunning                                0x20000041   Data           1  os_core.o(.data)
    OSTaskCtr                                0x20000042   Data           1  os_core.o(.data)
    OSTickStepState                          0x20000043   Data           1  os_core.o(.data)
    OSCtxSwCtr                               0x20000044   Data           4  os_core.o(.data)
    OSEventFreeList                          0x20000048   Data           4  os_core.o(.data)
    OSRdyTbl                                 0x2000004c   Data           4  os_core.o(.data)
    OSIdleCtr                                0x20000050   Data           4  os_core.o(.data)
    OSTCBCur                                 0x20000054   Data           4  os_core.o(.data)
    OSTCBFreeList                            0x20000058   Data           4  os_core.o(.data)
    OSTCBHighRdy                             0x2000005c   Data           4  os_core.o(.data)
    OSTCBList                                0x20000060   Data           4  os_core.o(.data)
    OSTime                                   0x20000064   Data           4  os_core.o(.data)
    OSFlagFreeList                           0x20000068   Data           4  os_core.o(.data)
    OSMemFreeList                            0x2000006c   Data           4  os_core.o(.data)
    OSQFreeList                              0x20000070   Data           4  os_core.o(.data)
    OSTmrFree                                0x20000074   Data           2  os_core.o(.data)
    OSTmrUsed                                0x20000076   Data           2  os_core.o(.data)
    OSTmrTime                                0x20000078   Data           4  os_core.o(.data)
    OSTmrSem                                 0x2000007c   Data           4  os_core.o(.data)
    OSTmrSemSignal                           0x20000080   Data           4  os_core.o(.data)
    OSTmrFreeList                            0x20000084   Data           4  os_core.o(.data)
    SamppCnt                                 0x2000008a   Data           2  adc.o(.data)
    crctab                                   0x2000008e   Data         512  crc.o(.data)
    LED_GPIO_PORT                            0x20000290   Data           4  gpio.o(.data)
    INPUT_GPIO_PORT                          0x20000294   Data          44  gpio.o(.data)
    JOUTPUT_GPIO_PORT                        0x200002c0   Data          84  gpio.o(.data)
    FPRAM_Lock                               0x20000318   Data           4  i2c.o(.data)
    inttimes                                 0x2000031c   Data           1  uart.o(.data)
    PowerOnForUart                           0x2000031d   Data           1  uart.o(.data)
    IntVectTbl                               0x200003ac   Data         240  init.o(.bss)
    AppStartQueueTbl                         0x2000049c   Data          80  message.o(.bss)
    COM1UARTQueueTbl                         0x200004ec   Data          80  message.o(.bss)
    COM2UARTQueueTbl                         0x2000053c   Data          80  message.o(.bss)
    COM3UARTQueueTbl                         0x2000058c   Data          80  message.o(.bss)
    MbsSlave                                 0x2000201c   Data       12076  mbsslave.o(.bss)
    UartRcvCfg                               0x20004f48   Data        1340  mbsslave.o(.bss)
    JdyTest                                  0x20005488   Data          64  appstart.o(.bss)
    OSEventTbl                               0x20006dc8   Data         960  os_core.o(.bss)
    OSTaskIdleStk                            0x20007188   Data         128  os_core.o(.bss)
    OSTCBPrioTbl                             0x20007208   Data         128  os_core.o(.bss)
    OSTCBTbl                                 0x20007288   Data        1932  os_core.o(.bss)
    OSFlagTbl                                0x20007a14   Data         140  os_core.o(.bss)
    OSMemTbl                                 0x20007aa0   Data         180  os_core.o(.bss)
    OSQTbl                                   0x20007b54   Data         480  os_core.o(.bss)
    OSTmrTbl                                 0x20007d34   Data         832  os_core.o(.bss)
    OSTmrTaskStk                             0x20008074   Data         128  os_core.o(.bss)
    OSTmrWheelTbl                            0x200080f4   Data          64  os_core.o(.bss)
    ADC_Data                                 0x20008134   Data        1542  adc.o(.bss)
    AdVaule                                  0x2000873a   Data         512  adc.o(.bss)
    UartHandler                              0x2000893c   Data          20  uart.o(.bss)
    __initial_sp                             0x2000a670   Data           0  startup_stm32f10x_cl.o(STACK)



==============================================================================

Memory Map of the image

  Image Entry point : 0x08000151

  Load Region LR_IROM1 (Base: 0x08000000, Size: 0x00008da0, Max: 0x00080000, ABSOLUTE, COMPRESSED[0x00008c68])

    Execution Region ER_IROM1 (Base: 0x08000000, Size: 0x000089f4, Max: 0x00080000, ABSOLUTE)

    Base Addr    Size         Type   Attr      Idx    E Section Name        Object

    0x08000000   0x00000150   Data   RO            3    RESET               startup_stm32f10x_cl.o
    0x08000150   0x00000000   Code   RO         1139  * .ARM.Collect$$$$00000000  mc_w.l(entry.o)
    0x08000150   0x00000004   Code   RO         1163    .ARM.Collect$$$$00000001  mc_w.l(entry2.o)
    0x08000154   0x00000004   Code   RO         1166    .ARM.Collect$$$$00000004  mc_w.l(entry5.o)
    0x08000158   0x00000000   Code   RO         1168    .ARM.Collect$$$$00000008  mc_w.l(entry7b.o)
    0x08000158   0x00000000   Code   RO         1170    .ARM.Collect$$$$0000000A  mc_w.l(entry8b.o)
    0x08000158   0x00000008   Code   RO         1171    .ARM.Collect$$$$0000000B  mc_w.l(entry9a.o)
    0x08000160   0x00000000   Code   RO         1173    .ARM.Collect$$$$0000000D  mc_w.l(entry10a.o)
    0x08000160   0x00000000   Code   RO         1175    .ARM.Collect$$$$0000000F  mc_w.l(entry11a.o)
    0x08000160   0x00000004   Code   RO         1164    .ARM.Collect$$$$00002712  mc_w.l(entry2.o)
    0x08000164   0x0000001c   Code   RO            4    .text               startup_stm32f10x_cl.o
    0x08000180   0x00000120   Code   RO           24    .text               system_stm32f10x.o
    0x080002a0   0x0000006c   Code   RO          112    .text               stm32f10x_it.o
    0x0800030c   0x000000a8   Code   RO          280    .text               stm32f10x_pwr.o
    0x080003b4   0x000003a8   Code   RO          292    .text               stm32f10x_rcc.o
    0x0800075c   0x00000114   Code   RO          306    .text               stm32f10x_rtc.o
    0x08000870   0x0000033c   Code   RO          330    .text               stm32f10x_usart.o
    0x08000bac   0x000000b8   Code   RO          357    .text               misc.o
    0x08000c64   0x0000009c   Code   RO          369    .text               stm32f10x_bkp.o
    0x08000d00   0x00000288   Code   RO          393    .text               stm32f10x_gpio.o
    0x08000f88   0x000009ce   Code   RO          417    .text               stm32f10x_tim.o
    0x08001956   0x00000002   PAD
    0x08001958   0x00000390   Code   RO          429    .text               stm32f10x_adc.o
    0x08001ce8   0x00000424   Code   RO          528    .text               stm32f10x_flash.o
    0x0800210c   0x000001b0   Code   RO          540    .text               bsp.o
    0x080022bc   0x000001e8   Code   RO          574    .text               init.o
    0x080024a4   0x00000230   Code   RO          630    .text               message.o
    0x080026d4   0x000004a4   Code   RO          655    .text               sysctrl.o
    0x08002b78   0x00000208   Code   RO          692    .text               appstart.o
    0x08002d80   0x00000148   Code   RO          725    .text               applcd.o
    0x08002ec8   0x00000018   Code   RO          737    .text               appjdytest.o
    0x08002ee0   0x00000098   Code   RO          749    .text               appupdate.o
    0x08002f78   0x00000654   Code   RO          761    .text               lcdcomm.o
    0x080035cc   0x0000002a   Code   RO          788    .text               cpu_a.o
    0x080035f6   0x00000002   PAD
    0x080035f8   0x00000194   Code   RO          843    .text               os_time.o
    0x0800378c   0x000006c4   Code   RO          855    .text               os_tmr.o
    0x08003e50   0x0000096c   Code   RO          867    .text               os_core.o
    0x080047bc   0x00000788   Code   RO          902    .text               os_flag.o
    0x08004f44   0x00000248   Code   RO          926    .text               os_mem.o
    0x0800518c   0x000005c0   Code   RO          950    .text               os_q.o
    0x0800574c   0x00000390   Code   RO          962    .text               os_sem.o
    0x08005adc   0x00000780   Code   RO          974    .text               os_task.o
    0x0800625c   0x000000a4   Code   RO          995    .text               os_cpu_a.o
    0x08006300   0x000000f8   Code   RO          998    .text               os_cpu_c.o
    0x080063f8   0x000001ce   Code   RO         1019    .text               queue.o
    0x080065c6   0x00000002   PAD
    0x080065c8   0x00000404   Code   RO         1031    .text               adc.o
    0x080069cc   0x00000290   Code   RO         1053    .text               crc.o
    0x08006c5c   0x0000024c   Code   RO         1069    .text               gpio.o
    0x08006ea8   0x000005e4   Code   RO         1088    .text               i2c.o
    0x0800748c   0x000001c0   Code   RO         1103    .text               rtc.o
    0x0800764c   0x00000c48   Code   RO         1117    .text               uart.o
    0x08008294   0x000000a0   Code   RO         1146    .text               mc_w.l(mktime.o)
    0x08008334   0x00000024   Code   RO         1149    .text               mc_w.l(memcpya.o)
    0x08008358   0x00000024   Code   RO         1151    .text               mc_w.l(memseta.o)
    0x0800837c   0x00000012   Code   RO         1155    .text               mf_w.l(fflti.o)
    0x0800838e   0x0000000a   Code   RO         1157    .text               mf_w.l(ffltui.o)
    0x08008398   0x00000014   Code   RO         1159    .text               mf_w.l(cfcmple.o)
    0x080083ac   0x00000014   Code   RO         1161    .text               mf_w.l(cfrcmple.o)
    0x080083c0   0x0000000c   Code   RO         1177    .text               mc_w.l(localtime_w.o)
    0x080083cc   0x00000080   Code   RO         1180    .text               mc_w.l(localtime_i.o)
    0x0800844c   0x00000000   Code   RO         1183    .text               mc_w.l(iusefp.o)
    0x0800844c   0x0000006c   Code   RO         1184    .text               mf_w.l(fepilogue.o)
    0x080084b8   0x00000024   Code   RO         1186    .text               mc_w.l(init.o)
    0x080084dc   0x0000005c   Code   RO         1196    .text               mc_w.l(__dczerorl2.o)
    0x08008538   0x0000000e   Code   RO         1190    i.__scatterload_copy  mc_w.l(handlers.o)
    0x08008546   0x00000002   Code   RO         1191    i.__scatterload_null  mc_w.l(handlers.o)
    0x08008548   0x0000000e   Code   RO         1192    i.__scatterload_zeroinit  mc_w.l(handlers.o)
    0x08008556   0x00000002   PAD
    0x08008558   0x00000008   Data   RO          656    .constdata          sysctrl.o
    0x08008560   0x00000070   Data   RO          674    .constdata          mbsslave.o
    0x080085d0   0x00000008   Data   RO          694    .constdata          appstart.o
    0x080085d8   0x00000100   Data   RO          875    .constdata          os_core.o
    0x080086d8   0x00000200   Data   RO         1054    .constdata          crc.o
    0x080088d8   0x000000dc   Data   RO         1070    .constdata          gpio.o
    0x080089b4   0x00000008   Data   RO         1104    .constdata          rtc.o
    0x080089bc   0x0000000c   Data   RO         1147    .constdata          mc_w.l(mktime.o)
    0x080089c8   0x0000000c   Data   RO         1181    .constdata          mc_w.l(localtime_i.o)
    0x080089d4   0x00000020   Data   RO         1188    Region$$Table       anon$$obj.o


    Execution Region RW_IRAM1 (Base: 0x20000000, Size: 0x0000a670, Max: 0x00010000, ABSOLUTE, COMPRESSED[0x00000274])

    Base Addr    Size         Type   Attr      Idx    E Section Name        Object

    0x20000000   0x00000001   Data   RW          113    .data               stm32f10x_it.o
    0x20000001   0x00000014   Data   RW          293    .data               stm32f10x_rcc.o
    0x20000015   0x00000003   PAD
    0x20000018   0x00000018   Data   RW          635    .data               message.o
    0x20000030   0x00000001   Data   RW          696    .data               appstart.o
    0x20000031   0x00000003   PAD
    0x20000034   0x00000008   Data   RW          698    .data               appstart.o
    0x2000003c   0x0000002c   Data   RW          876    .data               os_core.o
    0x20000068   0x00000004   Data   RW          877    .data               os_core.o
    0x2000006c   0x00000004   Data   RW          878    .data               os_core.o
    0x20000070   0x00000004   Data   RW          879    .data               os_core.o
    0x20000074   0x00000002   Data   RW          880    .data               os_core.o
    0x20000076   0x00000002   Data   RW          881    .data               os_core.o
    0x20000078   0x00000004   Data   RW          882    .data               os_core.o
    0x2000007c   0x00000004   Data   RW          883    .data               os_core.o
    0x20000080   0x00000004   Data   RW          884    .data               os_core.o
    0x20000084   0x00000004   Data   RW          885    .data               os_core.o
    0x20000088   0x00000002   Data   RW          999    .data               os_cpu_c.o
    0x2000008a   0x00000002   Data   RW         1033    .data               adc.o
    0x2000008c   0x00000202   Data   RW         1055    .data               crc.o
    0x2000028e   0x00000002   PAD
    0x20000290   0x00000084   Data   RW         1071    .data               gpio.o
    0x20000314   0x00000008   Data   RW         1089    .data               i2c.o
    0x2000031c   0x00000090   Data   RW         1122    .data               uart.o
    0x200003ac   0x000000f0   Zero   RW          575    .bss                init.o
    0x2000049c   0x00001b80   Zero   RW          631    .bss                message.o
    0x2000201c   0x00003468   Zero   RW          673    .bss                mbsslave.o
    0x20005484   0x00000004   PAD
    0x20005488   0x00001940   Zero   RW          693    .bss                appstart.o
    0x20006dc8   0x00000c4c   Zero   RW          868    .bss                os_core.o
    0x20007a14   0x0000008c   Zero   RW          869    .bss                os_core.o
    0x20007aa0   0x000000b4   Zero   RW          870    .bss                os_core.o
    0x20007b54   0x000001e0   Zero   RW          871    .bss                os_core.o
    0x20007d34   0x00000340   Zero   RW          872    .bss                os_core.o
    0x20008074   0x00000080   Zero   RW          873    .bss                os_core.o
    0x200080f4   0x00000040   Zero   RW          874    .bss                os_core.o
    0x20008134   0x00000806   Zero   RW         1032    .bss                adc.o
    0x2000893a   0x00000002   PAD
    0x2000893c   0x00000014   Zero   RW         1118    .bss                uart.o
    0x20008950   0x000014f0   Zero   RW         1120    .bss                uart.o
    0x20009e40   0x0000002c   Zero   RW         1178    .bss                mc_w.l(localtime_w.o)
    0x20009e6c   0x00000004   PAD
    0x20009e70   0x00000800   Zero   RW            1    STACK               startup_stm32f10x_cl.o


==============================================================================

Image component sizes


      Code (inc. data)   RO Data    RW Data    ZI Data      Debug   Object Name

      1028         60          0          2       2054       5078   adc.o
        24          4          0          0          0        434   appjdytest.o
       328         18          0          0          0       2001   applcd.o
       520         78          8          9       6464      15057   appstart.o
       152         10          0          0          0       1466   appupdate.o
       432         12          0          0          0       7744   bsp.o
         0          0          0          0          0       4212   core_cm3.o
        42          0          0          0          0        296   cpu_a.o
       656          8        512        514          0       4963   crc.o
       588         16        220        132          0       9603   gpio.o
      1508         12          0          8          0       6608   i2c.o
       488         76          0          0        240       3225   init.o
      1620         62          0          0          0       9315   lcdcomm.o
         0          0        112          0      13416      11140   mbsslave.o
       560         18          0         24       7040       3735   message.o
       184         16          0          0          0       2057   misc.o
      2412         60        256         76       4972      20706   os_core.o
       164         32          0          0          0        364   os_cpu_a.o
       248          8          0          2          0      14004   os_cpu_c.o
      1928         36          0          0          0       8228   os_flag.o
       584         14          0          0          0       3692   os_mem.o
      1472         28          0          0          0       6373   os_q.o
       912         18          0          0          0       4374   os_sem.o
      1920         66          0          0          0       7921   os_task.o
       404         26          0          0          0       2066   os_time.o
      1732        114          0          0          0       6993   os_tmr.o
       462          0          0          0          0       3299   queue.o
       448          4          8          0          0       2957   rtc.o
        28          4        336          0       2048        872   startup_stm32f10x_cl.o
       912         24          0          0          0      11865   stm32f10x_adc.o
       156          8          0          0          0       3608   stm32f10x_bkp.o
      1060         22          0          0          0       7982   stm32f10x_flash.o
       648         42          0          0          0       6293   stm32f10x_gpio.o
       108         12          0          1          0      33414   stm32f10x_it.o
       168         18          0          0          0       1975   stm32f10x_pwr.o
       936         52          0         20          0      11898   stm32f10x_rcc.o
       276          6          0          0          0       2794   stm32f10x_rtc.o
      2510         30          0          0          0      26332   stm32f10x_tim.o
       828         20          0          0          0       8635   stm32f10x_usart.o
      1188         48          8          0          0       7854   sysctrl.o
       288         26          0          0          0     277417   system_stm32f10x.o
      3144        114          0        144       5380      11456   uart.o

    ----------------------------------------------------------------------
     33072       1222       1492        940      41620     580306   Object Totals
         0          0         32          0          0          0   (incl. Generated)
         6          0          0          8          6          0   (incl. Padding)

    ----------------------------------------------------------------------

      Code (inc. data)   RO Data    RW Data    ZI Data      Debug   Library Member Name

        92          0          0          0          0          0   __dczerorl2.o
         0          0          0          0          0          0   entry.o
         0          0          0          0          0          0   entry10a.o
         0          0          0          0          0          0   entry11a.o
         8          4          0          0          0          0   entry2.o
         4          0          0          0          0          0   entry5.o
         0          0          0          0          0          0   entry7b.o
         0          0          0          0          0          0   entry8b.o
         8          4          0          0          0          0   entry9a.o
        30          0          0          0          0          0   handlers.o
        36          8          0          0          0         68   init.o
         0          0          0          0          0          0   iusefp.o
       128          6         12          0          0         80   localtime_i.o
        12          6          0          0         44         68   localtime_w.o
        36          0          0          0          0         68   memcpya.o
        36          0          0          0          0        108   memseta.o
       160         18         12          0          0         80   mktime.o
        20          0          0          0          0         68   cfcmple.o
        20          0          0          0          0         68   cfrcmple.o
       108          0          0          0          0        168   fepilogue.o
        18          0          0          0          0         68   fflti.o
        10          0          0          0          0         68   ffltui.o

    ----------------------------------------------------------------------
       728         46         24          0         48        912   Library Totals
         2          0          0          0          4          0   (incl. Padding)

    ----------------------------------------------------------------------

      Code (inc. data)   RO Data    RW Data    ZI Data      Debug   Library Name

       550         46         24          0         44        472   mc_w.l
       176          0          0          0          0        440   mf_w.l

    ----------------------------------------------------------------------
       728         46         24          0         48        912   Library Totals

    ----------------------------------------------------------------------

==============================================================================


      Code (inc. data)   RO Data    RW Data    ZI Data      Debug   

     33800       1268       1516        940      41668     576434   Grand Totals
     33800       1268       1516        628      41668     576434   ELF Image Totals (compressed)
     33800       1268       1516        628          0          0   ROM Totals

==============================================================================

    Total RO  Size (Code + RO Data)                35316 (  34.49kB)
    Total RW  Size (RW Data + ZI Data)             42608 (  41.61kB)
    Total ROM Size (Code + RO Data + RW Data)      35944 (  35.10kB)

==============================================================================

