ARM Linker, 5.03 [Build 76] [MDK-ARM Professional]

==============================================================================

Section Cross References

    startup_stm32f10x_cl.o(RESET) refers to startup_stm32f10x_cl.o(STACK) for __initial_sp
    startup_stm32f10x_cl.o(RESET) refers to startup_stm32f10x_cl.o(.text) for Reset_Handler
    startup_stm32f10x_cl.o(RESET) refers to stm32f10x_it.o(.text) for NMI_Handler
    startup_stm32f10x_cl.o(RESET) refers to os_cpu_a.o(.text) for PendSV_Handler
    startup_stm32f10x_cl.o(RESET) refers to adc.o(.text) for ADC1_2_IRQHandler
    startup_stm32f10x_cl.o(RESET) refers to uart.o(.text) for USART1_IRQHandler
    startup_stm32f10x_cl.o(.text) refers to entry.o(.ARM.Collect$$$$00000000) for __main
    stm32f10x_it.o(.text) refers to os_cpu_a.o(.text) for OS_CPU_SR_Save
    stm32f10x_it.o(.text) refers to os_core.o(.text) for OSTimeTick
    stm32f10x_it.o(.text) refers to os_core.o(.data) for OSIntNesting
    stm32f10x_it.o(.text) refers to stm32f10x_it.o(.data) for .data
    stm32f10x_it.o(.text) refers to appstart.o(.bss) for JdyTest
    stm32f10x_pwr.o(.text) refers to stm32f10x_rcc.o(.text) for RCC_APB1PeriphResetCmd
    stm32f10x_rcc.o(.text) refers to stm32f10x_rcc.o(.data) for .data
    stm32f10x_spi.o(.text) refers to stm32f10x_rcc.o(.text) for RCC_APB2PeriphResetCmd
    stm32f10x_usart.o(.text) refers to stm32f10x_rcc.o(.text) for RCC_APB2PeriphResetCmd
    stm32f10x_wwdg.o(.text) refers to stm32f10x_rcc.o(.text) for RCC_APB1PeriphResetCmd
    stm32f10x_bkp.o(.text) refers to stm32f10x_rcc.o(.text) for RCC_BackupResetCmd
    stm32f10x_can.o(.text) refers to stm32f10x_rcc.o(.text) for RCC_APB1PeriphResetCmd
    stm32f10x_gpio.o(.text) refers to stm32f10x_rcc.o(.text) for RCC_APB2PeriphResetCmd
    stm32f10x_i2c.o(.text) refers to stm32f10x_rcc.o(.text) for RCC_APB1PeriphResetCmd
    stm32f10x_tim.o(.text) refers to stm32f10x_rcc.o(.text) for RCC_APB2PeriphResetCmd
    stm32f10x_adc.o(.text) refers to stm32f10x_rcc.o(.text) for RCC_APB2PeriphResetCmd
    stm32f10x_dac.o(.text) refers to stm32f10x_rcc.o(.text) for RCC_APB1PeriphResetCmd
    bsp.o(.text) refers to stm32f10x_rcc.o(.text) for RCC_GetClocksFreq
    bsp.o(.text) refers to cpu_a.o(.text) for CPU_IntDis
    bsp.o(.text) refers to stm32f10x_gpio.o(.text) for GPIO_ReadInputDataBit
    init.o(.text) refers to stm32f10x_rcc.o(.text) for RCC_DeInit
    init.o(.text) refers to stm32f10x_flash.o(.text) for FLASH_SetLatency
    init.o(.text) refers to cpu_a.o(.text) for CPU_SR_Save
    init.o(.text) refers to memseta.o(.text) for __aeabi_memclr4
    init.o(.text) refers to init.o(.bss) for .bss
    init.o(.text) refers to appstart.o(.bss) for JdyTest
    message.o(.text) refers to memseta.o(.text) for __aeabi_memclr4
    message.o(.text) refers to os_q.o(.text) for OSQCreate
    message.o(.text) refers to os_time.o(.text) for OSTimeDlyHMSM
    message.o(.text) refers to os_cpu_a.o(.text) for OS_CPU_SR_Save
    message.o(.text) refers to memcpya.o(.text) for __aeabi_memcpy
    message.o(.text) refers to message.o(.data) for .data
    message.o(.text) refers to message.o(.bss) for .bss
    message.o(.text) refers to os_core.o(.data) for OSTCBCur
    sysctrl.o(.text) refers to gpio.o(.text) for ToggleGPIORev
    sysctrl.o(.text) refers to ffltui.o(.text) for __aeabi_ui2f
    sysctrl.o(.text) refers to cfrcmple.o(.text) for __aeabi_cfrcmple
    sysctrl.o(.text) refers to cfcmple.o(.text) for __aeabi_cfcmple
    sysctrl.o(.text) refers to fflti.o(.text) for __aeabi_i2f
    sysctrl.o(.text) refers to appstart.o(.bss) for JdyTest
    sysctrl.o(.text) refers to sysctrl.o(.constdata) for .constdata
    sysctrl.o(.text) refers to mbsslave.o(.bss) for MbsSlave
    mbsslave.o(.text) refers to crc.o(.text) for ModbusCRC
    mbsslave.o(.text) refers to uart.o(.text) for Uart_Write
    mbsslave.o(.text) refers to rtc.o(.text) for Time_GetCalendarTime
    mbsslave.o(.text) refers to applcd.o(.text) for IrqDevAddr
    mbsslave.o(.text) refers to os_cpu_a.o(.text) for OS_CPU_SR_Save
    mbsslave.o(.text) refers to memcpya.o(.text) for __aeabi_memcpy4
    mbsslave.o(.text) refers to mbsslave.o(.constdata) for .constdata
    mbsslave.o(.text) refers to uart.o(.bss) for UartHandler
    mbsslave.o(.text) refers to mbsslave.o(.bss) for .bss
    appstart.o(.text) refers to system_stm32f10x.o(.text) for SystemInit
    appstart.o(.text) refers to stm32f10x_rcc.o(.text) for RCC_APB2PeriphClockCmd
    appstart.o(.text) refers to gpio.o(.text) for InPut_OutPut_Init
    appstart.o(.text) refers to i2c.o(.text) for SysI2CInit
    appstart.o(.text) refers to uart.o(.text) for sysSerialHwInit
    appstart.o(.text) refers to rtc.o(.text) for sysRtcHwInit
    appstart.o(.text) refers to os_time.o(.text) for OSTimeDlyHMSM
    appstart.o(.text) refers to os_task.o(.text) for OSTaskCreate
    appstart.o(.text) refers to bsp.o(.text) for BSP_Init
    appstart.o(.text) refers to message.o(.text) for ATC_QueueCreat
[...]
    .text                                    0x080051a4   Section        0  os_sem.o(.text)
    .text                                    0x08005534   Section        0  os_task.o(.text)
    .text                                    0x08005cb4   Section      164  os_cpu_a.o(.text)
    .text                                    0x08005d58   Section        0  os_cpu_c.o(.text)
    .text                                    0x08005e50   Section        0  queue.o(.text)
    .text                                    0x08006020   Section        0  adc.o(.text)
    .text                                    0x08006424   Section        0  crc.o(.text)
    .text                                    0x080066b4   Section        0  gpio.o(.text)
    .text                                    0x080068fc   Section        0  i2c.o(.text)
    I2CDelay                                 0x080068fd   Thumb Code    14  i2c.o(.text)
    Init_IIC                                 0x0800690b   Thumb Code    34  i2c.o(.text)
    I2C_SDA_Bit_Set_Iput_Mod                 0x08006983   Thumb Code    30  i2c.o(.text)
    I2C_SDA_Bit_Set_Output_Mod               0x080069a1   Thumb Code    30  i2c.o(.text)
    I2C_Start                                0x080069bf   Thumb Code    66  i2c.o(.text)
    I2C_Stop                                 0x08006a01   Thumb Code    52  i2c.o(.text)
    I2C_Writebyte                            0x08006a35   Thumb Code   194  i2c.o(.text)
    I2C_Readbyte                             0x08006af7   Thumb Code   112  i2c.o(.text)
    I2C_ReadbyteWithAck                      0x08006b67   Thumb Code   144  i2c.o(.text)
    Read_EepromByte                          0x08006bf7   Thumb Code   102  i2c.o(.text)
    .text                                    0x08006ee0   Section        0  rtc.o(.text)
    .text                                    0x080070a0   Section        0  uart.o(.text)
    Uart_Start                               0x08007149   Thumb Code    40  uart.o(.text)
    UartOptionSet                            0x08007171   Thumb Code   102  uart.o(.text)
    UartTypeSet                              0x080071d7   Thumb Code   556  uart.o(.text)
    Uart_DisableIsr                          0x0800759d   Thumb Code     8  uart.o(.text)
    UartDevInit                              0x08007725   Thumb Code   518  uart.o(.text)
    .text                                    0x08007cfc   Section        0  mktime.o(.text)
    .text                                    0x08007d9c   Section        0  memcpya.o(.text)
    .text                                    0x08007dc0   Section        0  memseta.o(.text)
    .text                                    0x08007de4   Section        0  localtime_w.o(.text)
    .text                                    0x08007df0   Section        0  localtime_i.o(.text)
    .text                                    0x08007e70   Section       36  init.o(.text)
    .text                                    0x08007e94   Section        0  __dczerorl2.o(.text)
    i.__scatterload_copy                     0x08007ef0   Section       14  handlers.o(i.__scatterload_copy)
    i.__scatterload_null                     0x08007efe   Section        2  handlers.o(i.__scatterload_null)
    i.__scatterload_zeroinit                 0x08007f00   Section       14  handlers.o(i.__scatterload_zeroinit)
    .constdata                               0x08007f0e   Section      112  mbsslave.o(.constdata)
    .constdata                               0x08007f80   Section        8  appstart.o(.constdata)
    Speaker                                  0x08007f80   Data           8  appstart.o(.constdata)
    .constdata                               0x08007f88   Section      256  os_core.o(.constdata)
    .constdata                               0x08008088   Section      512  crc.o(.constdata)
    .constdata                               0x08008288   Section      220  gpio.o(.constdata)
    Speaker                                  0x08008290   Data           8  gpio.o(.constdata)
    WDT                                      0x08008298   Data           8  gpio.o(.constdata)
    .constdata                               0x08008364   Section        8  rtc.o(.constdata)
    WDT                                      0x08008364   Data           8  rtc.o(.constdata)
    .constdata                               0x0800836c   Section       12  mktime.o(.constdata)
    monlen                                   0x0800836c   Data          12  mktime.o(.constdata)
    .constdata                               0x08008378   Section       12  localtime_i.o(.constdata)
    monlen                                   0x08008378   Data          12  localtime_i.o(.constdata)
    .data                                    0x20000000   Section        1  stm32f10x_it.o(.data)
    cnts                                     0x20000000   Data           1  stm32f10x_it.o(.data)
    .data                                    0x20000001   Section       20  stm32f10x_rcc.o(.data)
    ADCPrescTable                            0x20000001   Data           4  stm32f10x_rcc.o(.data)
    APBAHBPrescTable                         0x20000005   Data          16  stm32f10x_rcc.o(.data)
    .data                                    0x20000018   Section       24  message.o(.data)
    poweron                                  0x20000018   Data           1  message.o(.data)
    .data                                    0x20000030   Section        8  appstart.o(.data)
    LedFlag                                  0x20000030   Data           1  appstart.o(.data)
    TimeFlag                                 0x20000034   Data           4  appstart.o(.data)
    .data                                    0x20000038   Section       44  os_core.o(.data)
    .data                                    0x20000064   Section        4  os_core.o(.data)
    .data                                    0x20000068   Section        4  os_core.o(.data)
    .data                                    0x2000006c   Section        4  os_core.o(.data)
    .data                                    0x20000070   Section        2  os_core.o(.data)
    .data                                    0x20000072   Section        2  os_core.o(.data)
    .data                                    0x20000074   Section        4  os_core.o(.data)
    .data                                    0x20000078   Section        4  os_core.o(.data)
    .data                                    0x2000007c   Section        4  os_core.o(.data)
    .data                                    0x20000080   Section        4  os_core.o(.data)
    .data                                    0x20000084   Section        2  os_cpu_c.o(.data)
    OSTmrCtr                                 0x20000084   Data           2  os_cpu_c.o(.data)
    .data                                    0x20000086   Section        2  adc.o(.data)
    .data                                    0x20000088   Section      514  crc.o(.data)
    comb_val                                 0x20000088   Data           2  crc.o(.data)
    .data                                    0x2000028c   Section      132  gpio.o(.data)
    .data                                    0x20000310   Section        8  i2c.o(.data)
    PowerOnFirst                             0x20000310   Data           1  i2c.o(.data)
    .data                                    0x20000318   Section      144  uart.o(.data)
    UARTParameter                            0x2000031c   Data         140  uart.o(.data)
    .bss                                     0x200003a8   Section      240  init.o(.bss)
    .bss                                     0x20000498   Section     7040  message.o(.bss)
    MsgArray                                 0x200005d8   Data        6720  message.o(.bss)
    .bss                                     0x20002018   Section    13416  mbsslave.o(.bss)
    .bss                                     0x20005480   Section     6464  appstart.o(.bss)
    AppTaskStartStk                          0x200054c0   Data         256  appstart.o(.bss)
    StackUpdateCom                           0x200055c0   Data        2048  appstart.o(.bss)
    StackLCD                                 0x20005dc0   Data        2048  appstart.o(.bss)
    StackJdyTest                             0x200065c0   Data        2048  appstart.o(.bss)
    .bss                                     0x20006dc0   Section     3148  os_core.o(.bss)
    .bss                                     0x20007a0c   Section      140  os_core.o(.bss)
    .bss                                     0x20007a98   Section      180  os_core.o(.bss)
    .bss                                     0x20007b4c   Section      480  os_core.o(.bss)
    .bss                                     0x20007d2c   Section      832  os_core.o(.bss)
    .bss                                     0x2000806c   Section      128  os_core.o(.bss)
    .bss                                     0x200080ec   Section       64  os_core.o(.bss)
    .bss                                     0x2000812c   Section     2054  adc.o(.bss)
    .bss                                     0x20008934   Section       20  uart.o(.bss)
    .bss                                     0x20008948   Section     5360  uart.o(.bss)
    UARTChan                                 0x20008948   Data        5360  uart.o(.bss)
    .bss                                     0x20009e38   Section       44  localtime_w.o(.bss)
    _tms                                     0x20009e38   Data          44  localtime_w.o(.bss)
    STACK                                    0x20009e68   Section     2048  startup_stm32f10x_cl.o(STACK)

    Global Symbols

    Symbol Name                              Value     Ov Type        Size  Object(Section)

    BuildAttributes$$THM_ISAv4$P$D$K$B$S$PE$A:L22UL41UL21$X:L11$S22US41US21$IEEE1$IW$USESV6$~STKCKD$USESV7$~SHL$OTIME$ROPI$EBA8$MICROLIB$REQ8$PRES8$EABIv2 0x00000000   Number         0  anon$$obj.o ABSOLUTE
    __ARM_use_no_argv                        0x00000000   Number         0  appstart.o ABSOLUTE
    __cpp_initialize__aeabi_                  - Undefined Weak Reference
    __cxa_finalize                            - Undefined Weak Reference
    _clock_init                               - Undefined Weak Reference
    _microlib_exit                            - Undefined Weak Reference
    __Vectors_Size                           0x00000150   Number         0  startup_stm32f10x_cl.o ABSOLUTE
    __Vectors                                0x08000000   Data           4  startup_stm32f10x_cl.o(RESET)
    __Vectors_End                            0x08000150   Data           0  startup_stm32f10x_cl.o(RESET)
    __main                                   0x08000151   Thumb Code     0  entry.o(.ARM.Collect$$$$00000000)
    _main_stk                                0x08000151   Thumb Code     0  entry2.o(.ARM.Collect$$$$00000001)
    _main_scatterload                        0x08000155   Thumb Code     0  entry5.o(.ARM.Collect$$$$00000004)
    __main_after_scatterload                 0x08000159   Thumb Code     0  entry5.o(.ARM.Collect$$$$00000004)
    _main_clock                              0x08000159   Thumb Code     0  entry7b.o(.ARM.Collect$$$$00000008)
    _main_cpp_init                           0x08000159   Thumb Code     0  entry8b.o(.ARM.Collect$$$$0000000A)
    _main_init                               0x08000159   Thumb Code     0  entry9a.o(.ARM.Collect$$$$0000000B)
    __rt_final_cpp                           0x08000161   Thumb Code     0  entry10a.o(.ARM.Collect$$$$0000000D)
    __rt_final_exit                          0x08000161   Thumb Code     0  entry11a.o(.ARM.Collect$$$$0000000F)
    Reset_Handler                            0x08000165   Thumb Code     4  startup_stm32f10x_cl.o(.text)
    CAN1_RX0_IRQHandler                      0x0800017b   Thumb Code     0  startup_stm32f10x_cl.o(.text)
    CAN1_RX1_IRQHandler                      0x0800017b   Thumb Code     0  startup_stm32f10x_cl.o(.text)
    CAN1_SCE_IRQHandler                      0x0800017b   Thumb Code     0  startup_stm32f10x_cl.o(.text)
    CAN1_TX_IRQHandler                       0x0800017b   Thumb Code     0  startup_stm32f10x_cl.o(.text)
    CAN2_RX0_IRQHandler                      0x0800017b   Thumb Code     0  startup_stm32f10x_cl.o(.text)
    CAN2_RX1_IRQHandler                      0x0800017b   Thumb Code     0  startup_stm32f10x_cl.o(.text)
    CAN2_SCE_IRQHandler                      0x0800017b   Thumb Code     0  startup_stm32f10x_cl.o(.text)
    CAN2_TX_IRQHandler                       0x0800017b   Thumb Code     0  startup_stm32f10x_cl.o(.text)
    DMA1_Channel1_IRQHandler                 0x0800017b   Thumb Code     0  startup_stm32f10x_cl.o(.text)
    DMA1_Channel2_IRQHandler                 0x0800017b   Thumb Code     0  startup_stm32f10x_cl.o(.text)
    DMA1_Channel3_IRQHandler                 0x0800017b   Thumb Code     0  startup_stm32f10x_cl.o(.text)
    DMA1_Channel4_IRQHandler                 0x0800017b   Thumb Code     0  startup_stm32f10x_cl.o(.text)
    DMA1_Channel5_IRQHandler                 0x0800017b   Thumb Code     0  startup_stm32f10x_cl.o(.text)
    DMA1_Channel6_IRQHandler                 0x0800017b   Thumb Code     0  startup_stm32f10x_cl.o(.text)
    DMA1_Channel7_IRQHandler                 0x0800017b   Thumb Code     0  startup_stm32f10x_cl.o(.text)
    DMA2_Channel1_IRQHandler                 0x0800017b   Thumb Code     0  startup_stm32f10x_cl.o(.text)
    DMA2_Channel2_IRQHandler                 0x0800017b   Thumb Code     0  startup_stm32f10x_cl.o(.text)
    DMA2_Channel3_IRQHandler                 0x0800017b   Thumb Code     0  startup_stm32f10x_cl.o(.text)
    DMA2_Channel4_IRQHandler                 0x0800017b   Thumb Code     0  startup_stm32f10x_cl.o(.text)
    DMA2_Channel5_IRQHandler                 0x0800017b   Thumb Code     0  startup_stm32f10x_cl.o(.text)
    ETH_IRQHandler                           0x0800017b   Thumb Code     0  startup_stm32f10x_cl.o(.text)
    ETH_WKUP_IRQHandler                      0x0800017b   Thumb Code     0  startup_stm32f10x_cl.o(.text)
    EXTI0_IRQHandler                         0x0800017b   Thumb Code     0  startup_stm32f10x_cl.o(.text)
    EXTI15_10_IRQHandler                     0x0800017b   Thumb Code     0  startup_stm32f10x_cl.o(.text)
    EXTI1_IRQHandler                         0x0800017b   Thumb Code     0  startup_stm32f10x_cl.o(.text)
    EXTI2_IRQHandler                         0x0800017b   Thumb Code     0  startup_stm32f10x_cl.o(.text)
    EXTI3_IRQHandler                         0x0800017b   Thumb Code     0  startup_stm32f10x_cl.o(.text)
    EXTI4_IRQHandler                         0x0800017b   Thumb Code     0  startup_stm32f10x_cl.o(.text)
    EXTI9_5_IRQHandler                       0x0800017b   Thumb Code     0  startup_stm32f10x_cl.o(.text)
    FLASH_IRQHandler                         0x0800017b   Thumb Code     0  startup_stm32f10x_cl.o(.text)
    I2C1_ER_IRQHandler                       0x0800017b   Thumb Code     0  startup_stm32f10x_cl.o(.text)
    I2C1_EV_IRQHandler                       0x0800017b   Thumb Code     0  startup_stm32f10x_cl.o(.text)
    I2C2_ER_IRQHandler                       0x0800017b   Thumb Code     0  startup_stm32f10x_cl.o(.text)
    I2C2_EV_IRQHandler                       0x0800017b   Thumb Code     0  startup_stm32f10x_cl.o(.text)
    OTG_FS_WKUP_IRQHandler                   0x0800017b   Thumb Code     0  startup_stm32f10x_cl.o(.text)
    PVD_IRQHandler                           0x0800017b   Thumb Code     0  startup_stm32f10x_cl.o(.text)
    RCC_IRQHandler                           0x0800017b   Thumb Code     0  startup_stm32f10x_cl.o(.text)
    RTCAlarm_IRQHandler                      0x0800017b   Thumb Code     0  startup_stm32f10x_cl.o(.text)
    RTC_IRQHandler                           0x0800017b   Thumb Code     0  startup_stm32f10x_cl.o(.text)
    SPI1_IRQHandler                          0x0800017b   Thumb Code     0  startup_stm32f10x_cl.o(.text)
    SPI2_IRQHandler                          0x0800017b   Thumb Code     0  startup_stm32f10x_cl.o(.text)
    SPI3_IRQHandler                          0x0800017b   Thumb Code     0  startup_stm32f10x_cl.o(.text)
    TAMPER_IRQHandler                        0x0800017b   Thumb Code     0  startup_stm32f10x_cl.o(.text)
    TIM1_BRK_IRQHandler                      0x0800017b   Thumb Code     0  startup_stm32f10x_cl.o(.text)
    TIM1_CC_IRQHandler                       0x0800017b   Thumb Code     0  startup_stm32f10x_cl.o(.text)
    TIM1_TRG_COM_IRQHandler                  0x0800017b   Thumb Code     0  startup_stm32f10x_cl.o(.text)
    TIM1_UP_IRQHandler                       0x0800017b   Thumb Code     0  startup_stm32f10x_cl.o(.text)
    TIM3_IRQHandler                          0x0800017b   Thumb Code     0  startup_stm32f10x_cl.o(.text)
    TIM4_IRQHandler                          0x0800017b   Thumb Code     0  startup_stm32f10x_cl.o(.text)
    TIM5_IRQHandler                          0x0800017b   Thumb Code     0  startup_stm32f10x_cl.o(.text)
    TIM6_IRQHandler                          0x0800017b   Thumb Code     0  startup_stm32f10x_cl.o(.text)
    TIM7_IRQHandler                          0x0800017b   Thumb Code     0  startup_stm32f10x_cl.o(.text)
    SystemInit                               0x0800022b   Thumb Code    50  system_stm32f10x.o(.text)
    NMI_Handler                              0x0800026d   Thumb Code     2  stm32f10x_it.o(.text)
    HardFault_Handler                        0x0800026f   Thumb Code     2  stm32f10x_it.o(.text)
    MemManage_Handler                        0x08000271   Thumb Code     2  stm32f10x_it.o(.text)
    BusFault_Handler                         0x08000273   Thumb Code     2  stm32f10x_it.o(.text)
    UsageFault_Handler                       0x08000275   Thumb Code     2  stm32f10x_it.o(.text)
    DebugMon_Handler                         0x08000277   Thumb Code     2  stm32f10x_it.o(.text)
    SVC_Handler                              0x08000279   Thumb Code     2  stm32f10x_it.o(.text)
    SysTick_Handler                          0x0800027b   Thumb Code    76  stm32f10x_it.o(.text)
    WWDG_IRQHandler                          0x080002c7   Thumb Code     2  stm32f10x_it.o(.text)
    TIM2_IRQHandler                          0x080002c9   Thumb Code     2  stm32f10x_it.o(.text)
    OTG_FS_IRQHandler                        0x080002cb   Thumb Code     2  stm32f10x_it.o(.text)
    PWR_DeInit                               0x080002d9   Thumb Code    24  stm32f10x_pwr.o(.text)
    PWR_BackupAccessCmd                      0x080002f1   Thumb Code     6  stm32f10x_pwr.o(.text)
    PWR_PVDCmd                               0x080002f7   Thumb Code     6  stm32f10x_pwr.o(.text)
    PWR_PVDLevelConfig                       0x080002fd   Thumb Code    14  stm32f10x_pwr.o(.text)
    PWR_WakeUpPinCmd                         0x0800030b   Thumb Code     6  stm32f10x_pwr.o(.text)
    PWR_EnterSTOPMode                        0x08000311   Thumb Code    34  stm32f10x_pwr.o(.text)
    PWR_EnterSTANDBYMode                     0x08000333   Thumb Code    32  stm32f10x_pwr.o(.text)
    PWR_GetFlagStatus                        0x08000353   Thumb Code    16  stm32f10x_pwr.o(.text)
    PWR_ClearFlag                            0x08000363   Thumb Code    12  stm32f10x_pwr.o(.text)
    RCC_DeInit                               0x08000381   Thumb Code    50  stm32f10x_rcc.o(.text)
    RCC_HSEConfig                            0x080003b3   Thumb Code    50  stm32f10x_rcc.o(.text)
    RCC_GetFlagStatus                        0x080003e5   Thumb Code    42  stm32f10x_rcc.o(.text)
    RCC_WaitForHSEStartUp                    0x0800040f   Thumb Code    48  stm32f10x_rcc.o(.text)
    RCC_AdjustHSICalibrationValue            0x0800043f   Thumb Code    16  stm32f10x_rcc.o(.text)
    RCC_HSICmd                               0x0800044f   Thumb Code     6  stm32f10x_rcc.o(.text)
    RCC_PLLConfig                            0x08000455   Thumb Code    16  stm32f10x_rcc.o(.text)
    RCC_PLLCmd                               0x08000465   Thumb Code     6  stm32f10x_rcc.o(.text)
    RCC_SYSCLKConfig                         0x0800046b   Thumb Code    14  stm32f10x_rcc.o(.text)
    RCC_GetSYSCLKSource                      0x08000479   Thumb Code    10  stm32f10x_rcc.o(.text)
    RCC_HCLKConfig                           0x08000483   Thumb Code    14  stm32f10x_rcc.o(.text)
    RCC_PCLK1Config                          0x08000491   Thumb Code    14  stm32f10x_rcc.o(.text)
    RCC_PCLK2Config                          0x0800049f   Thumb Code    16  stm32f10x_rcc.o(.text)
    RCC_ITConfig                             0x080004af   Thumb Code    22  stm32f10x_rcc.o(.text)
    RCC_USBCLKConfig                         0x080004c5   Thumb Code     6  stm32f10x_rcc.o(.text)
    RCC_ADCCLKConfig                         0x080004cb   Thumb Code    14  stm32f10x_rcc.o(.text)
    RCC_LSEConfig                            0x080004d9   Thumb Code    34  stm32f10x_rcc.o(.text)
    RCC_LSICmd                               0x080004fb   Thumb Code     6  stm32f10x_rcc.o(.text)
    RCC_RTCCLKConfig                         0x08000501   Thumb Code    10  stm32f10x_rcc.o(.text)
    RCC_RTCCLKCmd                            0x0800050b   Thumb Code     8  stm32f10x_rcc.o(.text)
    RCC_GetClocksFreq                        0x08000513   Thumb Code   154  stm32f10x_rcc.o(.text)
    RCC_AHBPeriphClockCmd                    0x080005ad   Thumb Code    22  stm32f10x_rcc.o(.text)
    RCC_APB2PeriphClockCmd                   0x080005c3   Thumb Code    22  stm32f10x_rcc.o(.text)
    RCC_APB1PeriphClockCmd                   0x080005d9   Thumb Code    22  stm32f10x_rcc.o(.text)
    RCC_APB2PeriphResetCmd                   0x080005ef   Thumb Code    22  stm32f10x_rcc.o(.text)
    RCC_APB1PeriphResetCmd                   0x08000605   Thumb Code    22  stm32f10x_rcc.o(.text)
    RCC_BackupResetCmd                       0x0800061b   Thumb Code     8  stm32f10x_rcc.o(.text)
    RCC_ClockSecuritySystemCmd               0x08000623   Thumb Code     6  stm32f10x_rcc.o(.text)
    RCC_MCOConfig                            0x08000629   Thumb Code     6  stm32f10x_rcc.o(.text)
    RCC_ClearFlag                            0x0800062f   Thumb Code    12  stm32f10x_rcc.o(.text)
    RCC_GetITStatus                          0x0800063b   Thumb Code    16  stm32f10x_rcc.o(.text)
    RCC_ClearITPendingBit                    0x0800064b   Thumb Code     6  stm32f10x_rcc.o(.text)
    RTC_ITConfig                             0x08000679   Thumb Code    22  stm32f10x_rtc.o(.text)
    RTC_EnterConfigMode                      0x0800068f   Thumb Code    14  stm32f10x_rtc.o(.text)
    RTC_ExitConfigMode                       0x0800069d   Thumb Code    14  stm32f10x_rtc.o(.text)
    RTC_GetCounter                           0x080006ab   Thumb Code    18  stm32f10x_rtc.o(.text)
    RTC_SetCounter                           0x080006bd   Thumb Code    26  stm32f10x_rtc.o(.text)
    RTC_SetPrescaler                         0x080006d7   Thumb Code    28  stm32f10x_rtc.o(.text)
    RTC_SetAlarm                             0x080006f3   Thumb Code    26  stm32f10x_rtc.o(.text)
    RTC_GetDivider                           0x0800070d   Thumb Code    20  stm32f10x_rtc.o(.text)
    RTC_WaitForLastTask                      0x08000721   Thumb Code    12  stm32f10x_rtc.o(.text)
    RTC_WaitForSynchro                       0x0800072d   Thumb Code    20  stm32f10x_rtc.o(.text)
    RTC_GetFlagStatus                        0x08000741   Thumb Code    18  stm32f10x_rtc.o(.text)
    RTC_ClearFlag                            0x08000753   Thumb Code    12  stm32f10x_rtc.o(.text)
    RTC_GetITStatus                          0x0800075f   Thumb Code    28  stm32f10x_rtc.o(.text)
    RTC_ClearITPendingBit                    0x0800077b   Thumb Code    12  stm32f10x_rtc.o(.text)
    USART_DeInit                             0x0800078d   Thumb Code   144  stm32f10x_usart.o(.text)
    USART_Init                               0x0800081d   Thumb Code   134  stm32f10x_usart.o(.text)
    USART_StructInit                         0x080008a3   Thumb Code    22  stm32f10x_usart.o(.text)
    USART_ClockInit                          0x080008b9   Thumb Code    30  stm32f10x_usart.o(.text)
    USART_ClockStructInit                    0x080008d7   Thumb Code    12  stm32f10x_usart.o(.text)
    USART_Cmd                                0x080008e3   Thumb Code    24  stm32f10x_usart.o(.text)
    USART_ITConfig                           0x080008fb   Thumb Code    54  stm32f10x_usart.o(.text)
    USART_DMACmd                             0x08000931   Thumb Code    20  stm32f10x_usart.o(.text)
    USART_SetAddress                         0x08000945   Thumb Code    16  stm32f10x_usart.o(.text)
    USART_WakeUpConfig                       0x08000955   Thumb Code    16  stm32f10x_usart.o(.text)
    USART_ReceiverWakeUpCmd                  0x08000965   Thumb Code    24  stm32f10x_usart.o(.text)
    USART_LINBreakDetectLengthConfig         0x0800097d   Thumb Code    16  stm32f10x_usart.o(.text)
    USART_LINCmd                             0x0800098d   Thumb Code    24  stm32f10x_usart.o(.text)
    USART_SendData                           0x080009a5   Thumb Code     8  stm32f10x_usart.o(.text)
    USART_ReceiveData                        0x080009ad   Thumb Code     8  stm32f10x_usart.o(.text)
    USART_SendBreak                          0x080009b5   Thumb Code    10  stm32f10x_usart.o(.text)
    USART_SetGuardTime                       0x080009bf   Thumb Code    16  stm32f10x_usart.o(.text)
    USART_SetPrescaler                       0x080009cf   Thumb Code    16  stm32f10x_usart.o(.text)
    USART_SmartCardCmd                       0x080009df   Thumb Code    24  stm32f10x_usart.o(.text)
    USART_SmartCardNACKCmd                   0x080009f7   Thumb Code    24  stm32f10x_usart.o(.text)
    USART_HalfDuplexCmd                      0x08000a0f   Thumb Code    24  stm32f10x_usart.o(.text)
    USART_IrDAConfig                         0x08000a27   Thumb Code    16  stm32f10x_usart.o(.text)
    USART_IrDACmd                            0x08000a37   Thumb Code    24  stm32f10x_usart.o(.text)
    USART_GetFlagStatus                      0x08000a4f   Thumb Code    14  stm32f10x_usart.o(.text)
    USART_ClearFlag                          0x08000a5d   Thumb Code     8  stm32f10x_usart.o(.text)
    USART_GetITStatus                        0x08000a65   Thumb Code    64  stm32f10x_usart.o(.text)
    USART_ClearITPendingBit                  0x08000aa5   Thumb Code    16  stm32f10x_usart.o(.text)
    NVIC_PriorityGroupConfig                 0x08000ac9   Thumb Code    10  misc.o(.text)
    NVIC_Init                                0x08000ad3   Thumb Code    92  misc.o(.text)
    NVIC_SetVectorTable                      0x08000b2f   Thumb Code    14  misc.o(.text)
    NVIC_SystemLPConfig                      0x08000b3d   Thumb Code    24  misc.o(.text)
    SysTick_CLKSourceConfig                  0x08000b55   Thumb Code    28  misc.o(.text)
    BKP_DeInit                               0x08000b81   Thumb Code    18  stm32f10x_bkp.o(.text)
    BKP_TamperPinLevelConfig                 0x08000b93   Thumb Code     6  stm32f10x_bkp.o(.text)
    BKP_TamperPinCmd                         0x08000b99   Thumb Code     8  stm32f10x_bkp.o(.text)
    BKP_ITConfig                             0x08000ba1   Thumb Code     8  stm32f10x_bkp.o(.text)
    BKP_RTCOutputConfig                      0x08000ba9   Thumb Code    14  stm32f10x_bkp.o(.text)
    BKP_SetRTCCalibrationValue               0x08000bb7   Thumb Code    14  stm32f10x_bkp.o(.text)
    BKP_WriteBackupRegister                  0x08000bc5   Thumb Code    16  stm32f10x_bkp.o(.text)
    BKP_ReadBackupRegister                   0x08000bd5   Thumb Code    16  stm32f10x_bkp.o(.text)
    BKP_GetFlagStatus                        0x08000be5   Thumb Code    10  stm32f10x_bkp.o(.text)
    BKP_ClearFlag                            0x08000bef   Thumb Code    14  stm32f10x_bkp.o(.text)
    BKP_GetITStatus                          0x08000bfd   Thumb Code    10  stm32f10x_bkp.o(.text)
    BKP_ClearITPendingBit                    0x08000c07   Thumb Code    14  stm32f10x_bkp.o(.text)
    GPIO_DeInit                              0x08000c1d   Thumb Code   188  stm32f10x_gpio.o(.text)
    GPIO_AFIODeInit                          0x08000cd9   Thumb Code    22  stm32f10x_gpio.o(.text)
    GPIO_Init                                0x08000cef   Thumb Code   162  stm32f10x_gpio.o(.text)
    GPIO_StructInit                          0x08000d91   Thumb Code    16  stm32f10x_gpio.o(.text)
    GPIO_ReadInputDataBit                    0x08000da1   Thumb Code    14  stm32f10x_gpio.o(.text)
    GPIO_ReadInputData                       0x08000daf   Thumb Code     6  stm32f10x_gpio.o(.text)
    GPIO_ReadOutputDataBit                   0x08000db5   Thumb Code    14  stm32f10x_gpio.o(.text)
    GPIO_ReadOutputData                      0x08000dc3   Thumb Code     6  stm32f10x_gpio.o(.text)
    GPIO_SetBits                             0x08000dc9   Thumb Code     4  stm32f10x_gpio.o(.text)
    GPIO_ResetBits                           0x08000dcd   Thumb Code     4  stm32f10x_gpio.o(.text)
    GPIO_WriteBit                            0x08000dd1   Thumb Code    12  stm32f10x_gpio.o(.text)
    GPIO_Write                               0x08000ddd   Thumb Code     4  stm32f10x_gpio.o(.text)
    GPIO_PinLockConfig                       0x08000de1   Thumb Code    16  stm32f10x_gpio.o(.text)
    GPIO_EventOutputConfig                   0x08000df1   Thumb Code    22  stm32f10x_gpio.o(.text)
    GPIO_EventOutputCmd                      0x08000e07   Thumb Code     6  stm32f10x_gpio.o(.text)
    GPIO_PinRemapConfig                      0x08000e0d   Thumb Code    70  stm32f10x_gpio.o(.text)
    GPIO_EXTILineConfig                      0x08000e53   Thumb Code    34  stm32f10x_gpio.o(.text)
    GPIO_ETH_MediaInterfaceConfig            0x08000e75   Thumb Code     6  stm32f10x_gpio.o(.text)
    TIM_DeInit                               0x08000ea5   Thumb Code   216  stm32f10x_tim.o(.text)
    TIM_TimeBaseInit                         0x08000f7d   Thumb Code    50  stm32f10x_tim.o(.text)
    TIM_OC1Init                              0x08000faf   Thumb Code    92  stm32f10x_tim.o(.text)
    TIM_OC2Init                              0x0800100b   Thumb Code   124  stm32f10x_tim.o(.text)
    TIM_OC3Init                              0x08001087   Thumb Code   120  stm32f10x_tim.o(.text)
    TIM_OC4Init                              0x080010ff   Thumb Code    90  stm32f10x_tim.o(.text)
    TIM_SetIC4Prescaler                      0x08001159   Thumb Code    24  stm32f10x_tim.o(.text)
    TIM_SetIC3Prescaler                      0x080011a7   Thumb Code    16  stm32f10x_tim.o(.text)
    TIM_SetIC2Prescaler                      0x080011e9   Thumb Code    24  stm32f10x_tim.o(.text)
    TIM_SetIC1Prescaler                      0x08001237   Thumb Code    16  stm32f10x_tim.o(.text)
    TIM_ICInit                               0x08001275   Thumb Code   120  stm32f10x_tim.o(.text)
    TIM_PWMIConfig                           0x080012ed   Thumb Code   106  stm32f10x_tim.o(.text)
    TIM_BDTRConfig                           0x08001357   Thumb Code    34  stm32f10x_tim.o(.text)
    TIM_TimeBaseStructInit                   0x08001379   Thumb Code    18  stm32f10x_tim.o(.text)
    TIM_OCStructInit                         0x0800138b   Thumb Code    20  stm32f10x_tim.o(.text)
    TIM_ICStructInit                         0x0800139f   Thumb Code    16  stm32f10x_tim.o(.text)
    TIM_BDTRStructInit                       0x080013af   Thumb Code    18  stm32f10x_tim.o(.text)
    TIM_Cmd                                  0x080013c1   Thumb Code    26  stm32f10x_tim.o(.text)
    TIM_CtrlPWMOutputs                       0x080013db   Thumb Code    28  stm32f10x_tim.o(.text)
    TIM_ITConfig                             0x080013f7   Thumb Code    20  stm32f10x_tim.o(.text)
    TIM_GenerateEvent                        0x0800140b   Thumb Code     4  stm32f10x_tim.o(.text)
    TIM_DMAConfig                            0x0800140f   Thumb Code     8  stm32f10x_tim.o(.text)
    TIM_DMACmd                               0x08001417   Thumb Code    20  stm32f10x_tim.o(.text)
    TIM_InternalClockConfig                  0x0800142b   Thumb Code    10  stm32f10x_tim.o(.text)
    TIM_SelectInputTrigger                   0x08001435   Thumb Code    12  stm32f10x_tim.o(.text)
    TIM_ITRxExternalClockConfig              0x08001441   Thumb Code    20  stm32f10x_tim.o(.text)
    TIM_TIxExternalClockConfig               0x08001455   Thumb Code    48  stm32f10x_tim.o(.text)
    TIM_ETRConfig                            0x08001485   Thumb Code    24  stm32f10x_tim.o(.text)
    TIM_ETRClockMode1Config                  0x0800149d   Thumb Code    32  stm32f10x_tim.o(.text)
    TIM_ETRClockMode2Config                  0x080014bd   Thumb Code    20  stm32f10x_tim.o(.text)
    TIM_PrescalerConfig                      0x080014d1   Thumb Code     6  stm32f10x_tim.o(.text)
    TIM_CounterModeConfig                    0x080014d7   Thumb Code    14  stm32f10x_tim.o(.text)
    TIM_EncoderInterfaceConfig               0x080014e5   Thumb Code    50  stm32f10x_tim.o(.text)
    TIM_ForcedOC1Config                      0x08001517   Thumb Code    12  stm32f10x_tim.o(.text)
    TIM_ForcedOC2Config                      0x08001523   Thumb Code    20  stm32f10x_tim.o(.text)
    TIM_ForcedOC3Config                      0x08001537   Thumb Code    12  stm32f10x_tim.o(.text)
    TIM_ForcedOC4Config                      0x08001543   Thumb Code    20  stm32f10x_tim.o(.text)
    TIM_ARRPreloadConfig                     0x08001557   Thumb Code    26  stm32f10x_tim.o(.text)
    TIM_SelectCOM                            0x08001571   Thumb Code    24  stm32f10x_tim.o(.text)
    TIM_SelectCCDMA                          0x08001589   Thumb Code    24  stm32f10x_tim.o(.text)
    TIM_CCPreloadControl                     0x080015a1   Thumb Code    24  stm32f10x_tim.o(.text)
    TIM_OC1PreloadConfig                     0x080015b9   Thumb Code    12  stm32f10x_tim.o(.text)
    TIM_OC2PreloadConfig                     0x080015c5   Thumb Code    20  stm32f10x_tim.o(.text)
    TIM_OC3PreloadConfig                     0x080015d9   Thumb Code    12  stm32f10x_tim.o(.text)
    TIM_OC4PreloadConfig                     0x080015e5   Thumb Code    20  stm32f10x_tim.o(.text)
    TIM_OC1FastConfig                        0x080015f9   Thumb Code    12  stm32f10x_tim.o(.text)
    TIM_OC2FastConfig                        0x08001605   Thumb Code    20  stm32f10x_tim.o(.text)
    TIM_OC3FastConfig                        0x08001619   Thumb Code    12  stm32f10x_tim.o(.text)
    TIM_OC4FastConfig                        0x08001625   Thumb Code    20  stm32f10x_tim.o(.text)
    TIM_ClearOC1Ref                          0x08001639   Thumb Code    12  stm32f10x_tim.o(.text)
    TIM_ClearOC2Ref                          0x08001645   Thumb Code    20  stm32f10x_tim.o(.text)
    TIM_ClearOC3Ref                          0x08001659   Thumb Code    12  stm32f10x_tim.o(.text)
    TIM_ClearOC4Ref                          0x08001665   Thumb Code    20  stm32f10x_tim.o(.text)
    TIM_OC1PolarityConfig                    0x08001679   Thumb Code    12  stm32f10x_tim.o(.text)
    TIM_OC1NPolarityConfig                   0x08001685   Thumb Code    12  stm32f10x_tim.o(.text)
    TIM_OC2PolarityConfig                    0x08001691   Thumb Code    20  stm32f10x_tim.o(.text)
    TIM_OC2NPolarityConfig                   0x080016a5   Thumb Code    20  stm32f10x_tim.o(.text)
    TIM_OC3PolarityConfig                    0x080016b9   Thumb Code    20  stm32f10x_tim.o(.text)
    TIM_OC3NPolarityConfig                   0x080016cd   Thumb Code    20  stm32f10x_tim.o(.text)
    TIM_OC4PolarityConfig                    0x080016e1   Thumb Code    20  stm32f10x_tim.o(.text)
    TIM_CCxCmd                               0x080016f5   Thumb Code    22  stm32f10x_tim.o(.text)
    TIM_CCxNCmd                              0x0800170b   Thumb Code    22  stm32f10x_tim.o(.text)
    TIM_SelectOCxM                           0x08001721   Thumb Code    80  stm32f10x_tim.o(.text)
    TIM_UpdateDisableConfig                  0x08001771   Thumb Code    26  stm32f10x_tim.o(.text)
    TIM_UpdateRequestConfig                  0x0800178b   Thumb Code    26  stm32f10x_tim.o(.text)
    TIM_SelectHallSensor                     0x080017a5   Thumb Code    24  stm32f10x_tim.o(.text)
    TIM_SelectOnePulseMode                   0x080017bd   Thumb Code    18  stm32f10x_tim.o(.text)
    TIM_SelectOutputTrigger                  0x080017cf   Thumb Code    16  stm32f10x_tim.o(.text)
    TIM_SelectSlaveMode                      0x080017df   Thumb Code    16  stm32f10x_tim.o(.text)
    TIM_SelectMasterSlaveMode                0x080017ef   Thumb Code    16  stm32f10x_tim.o(.text)
    TIM_SetCounter                           0x080017ff   Thumb Code     4  stm32f10x_tim.o(.text)
    TIM_SetAutoreload                        0x08001803   Thumb Code     4  stm32f10x_tim.o(.text)
    TIM_SetCompare1                          0x08001807   Thumb Code     4  stm32f10x_tim.o(.text)
    TIM_SetCompare2                          0x0800180b   Thumb Code     4  stm32f10x_tim.o(.text)
    TIM_SetCompare3                          0x0800180f   Thumb Code     4  stm32f10x_tim.o(.text)
    TIM_SetCompare4                          0x08001813   Thumb Code     6  stm32f10x_tim.o(.text)
    TIM_SetClockDivision                     0x08001819   Thumb Code    14  stm32f10x_tim.o(.text)
    TIM_GetCapture1                          0x08001827   Thumb Code     4  stm32f10x_tim.o(.text)
    TIM_GetCapture2                          0x0800182b   Thumb Code     4  stm32f10x_tim.o(.text)
    TIM_GetCapture3                          0x0800182f   Thumb Code     4  stm32f10x_tim.o(.text)
    TIM_GetCapture4                          0x08001833   Thumb Code     6  stm32f10x_tim.o(.text)
    TIM_GetCounter                           0x08001839   Thumb Code     4  stm32f10x_tim.o(.text)
    TIM_GetPrescaler                         0x0800183d   Thumb Code     4  stm32f10x_tim.o(.text)
    TIM_GetFlagStatus                        0x08001841   Thumb Code    14  stm32f10x_tim.o(.text)
    TIM_ClearFlag                            0x0800184f   Thumb Code     6  stm32f10x_tim.o(.text)
    TIM_GetITStatus                          0x08001855   Thumb Code    24  stm32f10x_tim.o(.text)
    TIM_ClearITPendingBit                    0x0800186d   Thumb Code     6  stm32f10x_tim.o(.text)
    ADC_DeInit                               0x08001875   Thumb Code    88  stm32f10x_adc.o(.text)
    ADC_Init                                 0x080018cd   Thumb Code    62  stm32f10x_adc.o(.text)
    ADC_StructInit                           0x0800190b   Thumb Code    18  stm32f10x_adc.o(.text)
    ADC_Cmd                                  0x0800191d   Thumb Code    24  stm32f10x_adc.o(.text)
    ADC_DMACmd                               0x08001935   Thumb Code    24  stm32f10x_adc.o(.text)
    ADC_ITConfig                             0x0800194d   Thumb Code    22  stm32f10x_adc.o(.text)
    ADC_ResetCalibration                     0x08001963   Thumb Code    10  stm32f10x_adc.o(.text)
    ADC_GetResetCalibrationStatus            0x0800196d   Thumb Code    16  stm32f10x_adc.o(.text)
    ADC_StartCalibration                     0x0800197d   Thumb Code    10  stm32f10x_adc.o(.text)
    ADC_GetCalibrationStatus                 0x08001987   Thumb Code    16  stm32f10x_adc.o(.text)
    ADC_SoftwareStartConvCmd                 0x08001997   Thumb Code    24  stm32f10x_adc.o(.text)
    ADC_GetSoftwareStartConvStatus           0x080019af   Thumb Code    16  stm32f10x_adc.o(.text)
    ADC_DiscModeChannelCountConfig           0x080019bf   Thumb Code    16  stm32f10x_adc.o(.text)
    ADC_DiscModeCmd                          0x080019cf   Thumb Code    24  stm32f10x_adc.o(.text)
    ADC_RegularChannelConfig                 0x080019e7   Thumb Code   116  stm32f10x_adc.o(.text)
    ADC_ExternalTrigConvCmd                  0x08001a5b   Thumb Code    24  stm32f10x_adc.o(.text)
    ADC_GetConversionValue                   0x08001a73   Thumb Code     6  stm32f10x_adc.o(.text)
    ADC_GetDualModeConversionValue           0x08001a79   Thumb Code     8  stm32f10x_adc.o(.text)
    ADC_AutoInjectedConvCmd                  0x08001a81   Thumb Code    24  stm32f10x_adc.o(.text)
    ADC_InjectedDiscModeCmd                  0x08001a99   Thumb Code    24  stm32f10x_adc.o(.text)
    ADC_ExternalTrigInjectedConvConfig       0x08001ab1   Thumb Code    12  stm32f10x_adc.o(.text)
    ADC_ExternalTrigInjectedConvCmd          0x08001abd   Thumb Code    24  stm32f10x_adc.o(.text)
    ADC_SoftwareStartInjectedConvCmd         0x08001ad5   Thumb Code    24  stm32f10x_adc.o(.text)
    ADC_GetSoftwareStartInjectedConvCmdStatus 0x08001aed   Thumb Code    16  stm32f10x_adc.o(.text)
    ADC_InjectedChannelConfig                0x08001afd   Thumb Code    74  stm32f10x_adc.o(.text)
    ADC_InjectedSequencerLengthConfig        0x08001b47   Thumb Code    16  stm32f10x_adc.o(.text)
    ADC_SetInjectedOffset                    0x08001b57   Thumb Code    16  stm32f10x_adc.o(.text)
    ADC_GetInjectedConversionValue           0x08001b67   Thumb Code    20  stm32f10x_adc.o(.text)
    ADC_AnalogWatchdogCmd                    0x08001b7b   Thumb Code    12  stm32f10x_adc.o(.text)
    ADC_AnalogWatchdogThresholdsConfig       0x08001b87   Thumb Code     6  stm32f10x_adc.o(.text)
    ADC_AnalogWatchdogSingleChannelConfig    0x08001b8d   Thumb Code    12  stm32f10x_adc.o(.text)
    ADC_TempSensorVrefintCmd                 0x08001b99   Thumb Code    28  stm32f10x_adc.o(.text)
    ADC_GetFlagStatus                        0x08001bb5   Thumb Code    14  stm32f10x_adc.o(.text)
    ADC_ClearFlag                            0x08001bc3   Thumb Code     6  stm32f10x_adc.o(.text)
    ADC_GetITStatus                          0x08001bc9   Thumb Code    28  stm32f10x_adc.o(.text)
    ADC_ClearITPendingBit                    0x08001be5   Thumb Code     8  stm32f10x_adc.o(.text)
    FLASH_SetLatency                         0x08001c05   Thumb Code    14  stm32f10x_flash.o(.text)
    FLASH_HalfCycleAccessCmd                 0x08001c13   Thumb Code    18  stm32f10x_flash.o(.text)
    FLASH_PrefetchBufferCmd                  0x08001c25   Thumb Code    18  stm32f10x_flash.o(.text)
    FLASH_Unlock                             0x08001c37   Thumb Code    12  stm32f10x_flash.o(.text)
    FLASH_Lock                               0x08001c43   Thumb Code    12  stm32f10x_flash.o(.text)
    FLASH_GetStatus                          0x08001c4f   Thumb Code    34  stm32f10x_flash.o(.text)
    FLASH_WaitForLastOperation               0x08001c87   Thumb Code    36  stm32f10x_flash.o(.text)
    FLASH_ErasePage                          0x08001cab   Thumb Code    60  stm32f10x_flash.o(.text)
    FLASH_EraseAllPages                      0x08001ce7   Thumb Code    56  stm32f10x_flash.o(.text)
    FLASH_EraseOptionBytes                   0x08001d1f   Thumb Code   110  stm32f10x_flash.o(.text)
    FLASH_ProgramWord                        0x08001d8d   Thumb Code    86  stm32f10x_flash.o(.text)
    FLASH_ProgramHalfWord                    0x08001de3   Thumb Code    50  stm32f10x_flash.o(.text)
    FLASH_ProgramOptionByteData              0x08001e15   Thumb Code    58  stm32f10x_flash.o(.text)
    FLASH_EnableWriteProtection              0x08001e4f   Thumb Code   154  stm32f10x_flash.o(.text)
    FLASH_ReadOutProtection                  0x08001ee9   Thumb Code   120  stm32f10x_flash.o(.text)
    FLASH_UserOptionByteConfig               0x08001f61   Thumb Code    74  stm32f10x_flash.o(.text)
    FLASH_GetUserOptionByte                  0x08001fab   Thumb Code     8  stm32f10x_flash.o(.text)
    FLASH_GetWriteProtectionOptionByte       0x08001fb3   Thumb Code     6  stm32f10x_flash.o(.text)
    FLASH_GetReadOutProtectionStatus         0x08001fb9   Thumb Code    16  stm32f10x_flash.o(.text)
    FLASH_GetPrefetchBufferStatus            0x08001fc9   Thumb Code    16  stm32f10x_flash.o(.text)
    FLASH_ITConfig                           0x08001fd9   Thumb Code    40  stm32f10x_flash.o(.text)
    FLASH_GetFlagStatus                      0x08002001   Thumb Code    30  stm32f10x_flash.o(.text)
    FLASH_ClearFlag                          0x0800201f   Thumb Code     6  stm32f10x_flash.o(.text)
    BSP_Init                                 0x08002061   Thumb Code     2  bsp.o(.text)
    BSP_IntDisAll                            0x08002063   Thumb Code     4  bsp.o(.text)
    PB_GetStatus                             0x08002067   Thumb Code    66  bsp.o(.text)
    LED_On                                   0x080020a9   Thumb Code    64  bsp.o(.text)
    LED_Off                                  0x080020e9   Thumb Code    64  bsp.o(.text)
    LED_Toggle                               0x08002129   Thumb Code   164  bsp.o(.text)
    InitRemap                                0x080021d9   Thumb Code    10  init.o(.text)
    InitFSMC                                 0x080021e3   Thumb Code    26  init.o(.text)
    Init                                     0x080021fd   Thumb Code    98  init.o(.text)
    InitPort                                 0x0800225f   Thumb Code   172  init.o(.text)
    IntVectSet                               0x0800230d   Thumb Code    30  init.o(.text)
    BSP_IntInit                              0x0800232b   Thumb Code    20  init.o(.text)
    BSP_CPU_ClkFreq                          0x0800233f   Thumb Code    16  init.o(.text)
    OS_CPU_SysTickClkFreq                    0x0800234f   Thumb Code     2  init.o(.text)
    InitVar                                  0x08002351   Thumb Code    28  init.o(.text)
    ATC_QueueCreat                           0x080023b9   Thumb Code   100  message.o(.text)
    Msg2Queue                                0x0800241d   Thumb Code   100  message.o(.text)
    SendMsg2Queue                            0x08002481   Thumb Code    84  message.o(.text)
    RcvMsgFromQueue                          0x080024d5   Thumb Code   116  message.o(.text)
    ClearMsgQueue                            0x08002549   Thumb Code    96  message.o(.text)
    DelQueue                                 0x080025a9   Thumb Code    46  message.o(.text)
    RCC_Configuration                        0x080025e9   Thumb Code    26  appstart.o(.text)
    DeviceInit                               0x08002603   Thumb Code    22  appstart.o(.text)
    LedCtrl                                  0x08002619   Thumb Code    42  appstart.o(.text)
    CheckTaskState                           0x08002643   Thumb Code     2  appstart.o(.text)
    InitPrintfUsart                          0x08002645   Thumb Code    14  appstart.o(.text)
    MainControlFun                           0x08002653   Thumb Code    80  appstart.o(.text)
    InitUartTask                             0x080026a3   Thumb Code    46  appstart.o(.text)
    ReCreate                                 0x080026d1   Thumb Code    50  appstart.o(.text)
    main                                     0x08002745   Thumb Code    64  appstart.o(.text)
    App_TaskCreateHook                       0x08002785   Thumb Code     2  appstart.o(.text)
    App_TaskDelHook                          0x08002787   Thumb Code     2  appstart.o(.text)
    App_TaskIdleHook                         0x08002789   Thumb Code     2  appstart.o(.text)
    App_TaskStatHook                         0x0800278b   Thumb Code     2  appstart.o(.text)
    App_TaskSwHook                           0x0800278d   Thumb Code     2  appstart.o(.text)
    App_TCBInitHook                          0x0800278f   Thumb Code     2  appstart.o(.text)
    App_TimeTickHook                         0x08002791   Thumb Code     2  appstart.o(.text)
    InitLcdUsart                             0x080027dd   Thumb Code     2  applcd.o(.text)
    IrqDevAddr                               0x080027df   Thumb Code    86  applcd.o(.text)
    SlaveToMasterStartAddr                   0x08002835   Thumb Code   110  applcd.o(.text)
    TaskLCD                                  0x080028a3   Thumb Code    52  applcd.o(.text)
    TaskJdyTest                              0x080028dd   Thumb Code    20  appjdytest.o(.text)
    CheckRcvData                             0x080028f5   Thumb Code    38  appupdate.o(.text)
    UpdateComprocess                         0x0800291b   Thumb Code   142  appupdate.o(.text)
    TaskUpdateCom                            0x080029a9   Thumb Code    26  appupdate.o(.text)
    Big2Samll                                0x080029d1   Thumb Code    10  lcdcomm.o(.text)
    CalAndSendData                           0x080029db   Thumb Code    66  lcdcomm.o(.text)
    SwitchToPicX                             0x08002a1d   Thumb Code    70  lcdcomm.o(.text)
    ReadPicID                                0x08002a63   Thumb Code    60  lcdcomm.o(.text)
    SendInnerRCtrlValueToLCD                 0x08002a9f   Thumb Code    54  lcdcomm.o(.text)
    CloseLcdLed                              0x08002ad5   Thumb Code    56  lcdcomm.o(.text)
    OpenLcdLed                               0x08002b0d   Thumb Code    56  lcdcomm.o(.text)
    WriteDataToPicture0                      0x08002b45   Thumb Code     4  lcdcomm.o(.text)
    WriteDataToPicture1                      0x08002b49   Thumb Code     4  lcdcomm.o(.text)
    WriteDataToPicture2                      0x08002b4d   Thumb Code     4  lcdcomm.o(.text)
    WriteDataToPicture3                      0x08002b51   Thumb Code     4  lcdcomm.o(.text)
    ClrPicture151Data                        0x08002b55   Thumb Code     4  lcdcomm.o(.text)
    PackedAndSendData                        0x08002b59   Thumb Code    50  lcdcomm.o(.text)
    PictureSwitch                            0x08002b8b   Thumb Code    64  lcdcomm.o(.text)
    DealScreenData                           0x08002c5d   Thumb Code   218  lcdcomm.o(.text)
    DealScreenCmd                            0x08002d37   Thumb Code    36  lcdcomm.o(.text)
    LcdProtocolAnalysis                      0x08002d5b   Thumb Code    38  lcdcomm.o(.text)
    CheckRcvLcdData                          0x08002db1   Thumb Code   148  lcdcomm.o(.text)
    CheckRcvLcdData1                         0x08002e45   Thumb Code   186  lcdcomm.o(.text)
    LcdCheckRcvDone                          0x08002eff   Thumb Code    88  lcdcomm.o(.text)
    LcdErrRespond                            0x08002f57   Thumb Code     2  lcdcomm.o(.text)
    LcdProcess                               0x08002f59   Thumb Code   188  lcdcomm.o(.text)
    CPU_IntDis                               0x08003025   Thumb Code     0  cpu_a.o(.text)
    CPU_IntEn                                0x08003029   Thumb Code     0  cpu_a.o(.text)
    CPU_SR_Save                              0x0800302d   Thumb Code     0  cpu_a.o(.text)
    CPU_SR_Restore                           0x08003035   Thumb Code     0  cpu_a.o(.text)
    CPU_CntLeadZeros                         0x0800303b   Thumb Code     0  cpu_a.o(.text)
    CPU_RevBits                              0x08003041   Thumb Code     0  cpu_a.o(.text)
    CPU_WaitForInt                           0x08003047   Thumb Code     0  cpu_a.o(.text)
    CPU_WaitForExcept                        0x0800304b   Thumb Code     0  cpu_a.o(.text)
    OSTimeDly                                0x08003051   Thumb Code    70  os_time.o(.text)
    OSTimeDlyHMSM                            0x08003097   Thumb Code   130  os_time.o(.text)
    OSTimeDlyResume                          0x08003119   Thumb Code   140  os_time.o(.text)
    OSTimeGet                                0x080031a5   Thumb Code    18  os_time.o(.text)
    OSTimeSet                                0x080031b7   Thumb Code    20  os_time.o(.text)
    OSTmrCreate                              0x08003225   Thumb Code   190  os_tmr.o(.text)
    OSTmrDel                                 0x08003355   Thumb Code   138  os_tmr.o(.text)
    OSTmrNameGet                             0x080033df   Thumb Code   134  os_tmr.o(.text)
    OSTmrRemainGet                           0x08003465   Thumb Code   166  os_tmr.o(.text)
    OSTmrStateGet                            0x0800350b   Thumb Code    92  os_tmr.o(.text)
    OSTmrStart                               0x080035b9   Thumb Code   172  os_tmr.o(.text)
    OSTmrStop                                0x08003665   Thumb Code   184  os_tmr.o(.text)
    OSTmrSignal                              0x0800371d   Thumb Code     8  os_tmr.o(.text)
    OSTmr_Init                               0x080037c5   Thumb Code   144  os_tmr.o(.text)
    OS_StrCopy                               0x080038a9   Thumb Code    28  os_core.o(.text)
    OSEventNameGet                           0x080038c5   Thumb Code   112  os_core.o(.text)
    OS_StrLen                                0x08003935   Thumb Code    20  os_core.o(.text)
    OSEventNameSet                           0x08003949   Thumb Code   116  os_core.o(.text)
    OS_EventTaskRemoveMulti                  0x080039bd   Thumb Code    40  os_core.o(.text)
    OS_Sched                                 0x080039fd   Thumb Code    64  os_core.o(.text)
    OS_EventTaskWaitMulti                    0x08003a3d   Thumb Code    90  os_core.o(.text)
    OSEventPendMulti                         0x08003a97   Thumb Code   570  os_core.o(.text)
    OS_TaskIdle                              0x08003cd1   Thumb Code    22  os_core.o(.text)
    OS_MemClr                                0x08003d1d   Thumb Code    18  os_core.o(.text)
    OSInit                                   0x08003ded   Thumb Code    50  os_core.o(.text)
    OSIntEnter                               0x08003e1f   Thumb Code    20  os_core.o(.text)
    OSIntExit                                0x08003e33   Thumb Code    82  os_core.o(.text)
    OSSchedLock                              0x08003e85   Thumb Code    38  os_core.o(.text)
    OSSchedUnlock                            0x08003eab   Thumb Code    66  os_core.o(.text)
    OSStart                                  0x08003eed   Thumb Code    40  os_core.o(.text)
    OSTimeTick                               0x08003f15   Thumb Code   172  os_core.o(.text)
    OSVersion                                0x08003fc1   Thumb Code     6  os_core.o(.text)
    OS_Dummy                                 0x08003fc7   Thumb Code     2  os_core.o(.text)
    OS_EventTaskRemove                       0x08003fc9   Thumb Code    34  os_core.o(.text)
    OS_EventTaskRdy                          0x08003feb   Thumb Code   112  os_core.o(.text)
    OS_EventTaskWait                         0x0800405b   Thumb Code    76  os_core.o(.text)
    OS_EventWaitListInit                     0x080040a7   Thumb Code    58  os_core.o(.text)
    OS_MemCopy                               0x080040e1   Thumb Code    20  os_core.o(.text)
    OS_TaskStatStkChk                        0x080040f5   Thumb Code    50  os_core.o(.text)
    OS_TCBInit                               0x08004127   Thumb Code   228  os_core.o(.text)
    OSFlagAccept                             0x08004215   Thumb Code   220  os_flag.o(.text)
    OSFlagCreate                             0x080042f1   Thumb Code    78  os_flag.o(.text)
    OS_FlagUnlink                            0x0800433f   Thumb Code    34  os_flag.o(.text)
    OSFlagDel                                0x080043b3   Thumb Code   228  os_flag.o(.text)
    OSFlagNameGet                            0x08004497   Thumb Code   104  os_flag.o(.text)
    OSFlagNameSet                            0x080044ff   Thumb Code   110  os_flag.o(.text)
    OSFlagPend                               0x080045c9   Thumb Code   584  os_flag.o(.text)
    OSFlagPendGetFlagsRdy                    0x08004811   Thumb Code    20  os_flag.o(.text)
    OSFlagPost                               0x08004825   Thumb Code   250  os_flag.o(.text)
    OSFlagQuery                              0x0800491f   Thumb Code    56  os_flag.o(.text)
    OS_FlagInit                              0x08004957   Thumb Code    58  os_flag.o(.text)
    OSMemCreate                              0x0800499d   Thumb Code   150  os_mem.o(.text)
    OSMemGet                                 0x08004a33   Thumb Code    66  os_mem.o(.text)
    OSMemNameGet                             0x08004a75   Thumb Code    86  os_mem.o(.text)
    OSMemNameSet                             0x08004acb   Thumb Code    92  os_mem.o(.text)
    OSMemPut                                 0x08004b27   Thumb Code    60  os_mem.o(.text)
    OSMemQuery                               0x08004b63   Thumb Code    60  os_mem.o(.text)
    OS_MemInit                               0x08004b9f   Thumb Code    56  os_mem.o(.text)
    OSQAccept                                0x08004be5   Thumb Code    96  os_q.o(.text)
    OSQCreate                                0x08004c45   Thumb Code   118  os_q.o(.text)
    OSQDel                                   0x08004cbb   Thumb Code   260  os_q.o(.text)
    OSQFlush                                 0x08004dbf   Thumb Code    52  os_q.o(.text)
    OSQPend                                  0x08004df3   Thumb Code   234  os_q.o(.text)
    OSQPendAbort                             0x08004edd   Thumb Code   128  os_q.o(.text)
    OSQPost                                  0x08004f5d   Thumb Code   116  os_q.o(.text)
    OSQPostFront                             0x08004fd1   Thumb Code   136  os_q.o(.text)
    OSQPostOpt                               0x08005059   Thumb Code   176  os_q.o(.text)
    OSQQuery                                 0x08005109   Thumb Code   102  os_q.o(.text)
    OS_QInit                                 0x0800516f   Thumb Code    46  os_q.o(.text)
    OSSemAccept                              0x080051a5   Thumb Code    42  os_sem.o(.text)
    OSSemCreate                              0x080051cf   Thumb Code    62  os_sem.o(.text)
    OSSemDel                                 0x0800520d   Thumb Code   234  os_sem.o(.text)
    OSSemPend                                0x080052f7   Thumb Code   190  os_sem.o(.text)
    OSSemPendAbort                           0x080053b5   Thumb Code   130  os_sem.o(.text)
    OSSemPost                                0x08005437   Thumb Code    92  os_sem.o(.text)
    OSSemQuery                               0x08005493   Thumb Code    76  os_sem.o(.text)
    OSSemSet                                 0x080054df   Thumb Code    68  os_sem.o(.text)
    OSTaskChangePrio                         0x08005535   Thumb Code   346  os_task.o(.text)
    OSTaskCreate                             0x0800568f   Thumb Code   132  os_task.o(.text)
    OS_TaskStkClr                            0x08005713   Thumb Code    22  os_task.o(.text)
    OSTaskCreateExt                          0x08005729   Thumb Code   152  os_task.o(.text)
    OSTaskDel                                0x080057c1   Thumb Code   298  os_task.o(.text)
    OSTaskDelReq                             0x080058eb   Thumb Code   142  os_task.o(.text)
    OSTaskNameGet                            0x08005979   Thumb Code   140  os_task.o(.text)
    OSTaskNameSet                            0x08005a05   Thumb Code   150  os_task.o(.text)
    OSTaskResume                             0x08005a9b   Thumb Code   130  os_task.o(.text)
    OSTaskStkChk                             0x08005b1d   Thumb Code   136  os_task.o(.text)
    OSTaskSuspend                            0x08005ba5   Thumb Code   152  os_task.o(.text)
    OSTaskQuery                              0x08005c3d   Thumb Code    94  os_task.o(.text)
    OS_CPU_SR_Save                           0x08005cb5   Thumb Code     0  os_cpu_a.o(.text)
    OS_CPU_SR_Restore                        0x08005cbd   Thumb Code     0  os_cpu_a.o(.text)
    OSStartHighRdy                           0x08005cc3   Thumb Code     0  os_cpu_a.o(.text)
    OSCtxSw                                  0x08005ce3   Thumb Code     0  os_cpu_a.o(.text)
    OSIntCtxSw                               0x08005ced   Thumb Code     0  os_cpu_a.o(.text)
    PendSV_Handler                           0x08005cf7   Thumb Code     0  os_cpu_a.o(.text)
    OSInitHookBegin                          0x08005d59   Thumb Code     8  os_cpu_c.o(.text)
    OSInitHookEnd                            0x08005d61   Thumb Code     2  os_cpu_c.o(.text)
    OSTaskCreateHook                         0x08005d63   Thumb Code     4  os_cpu_c.o(.text)
    OSTaskDelHook                            0x08005d67   Thumb Code     4  os_cpu_c.o(.text)
    OSTaskIdleHook                           0x08005d6b   Thumb Code     4  os_cpu_c.o(.text)
    OSTaskStatHook                           0x08005d6f   Thumb Code     4  os_cpu_c.o(.text)
    OSTaskStkInit                            0x08005d73   Thumb Code   100  os_cpu_c.o(.text)
    OSTaskSwHook                             0x08005dd7   Thumb Code     4  os_cpu_c.o(.text)
    OSTCBInitHook                            0x08005ddb   Thumb Code     4  os_cpu_c.o(.text)
    OSTimeTickHook                           0x08005ddf   Thumb Code    36  os_cpu_c.o(.text)
    OS_CPU_SysTickHandler                    0x08005e03   Thumb Code    30  os_cpu_c.o(.text)
    OS_CPU_SysTickInit                       0x08005e21   Thumb Code    40  os_cpu_c.o(.text)
    QueueCreate                              0x08005e51   Thumb Code    84  queue.o(.text)
    QueueRead                                0x08005ea5   Thumb Code    88  queue.o(.text)
    QueueReadInInt                           0x08005efd   Thumb Code    74  queue.o(.text)
    QueueWrite                               0x08005f47   Thumb Code    94  queue.o(.text)
    QueueWriteInInt                          0x08005fa5   Thumb Code    74  queue.o(.text)
    QueueNData                               0x08005fef   Thumb Code    24  queue.o(.text)
    QueueSize                                0x08006007   Thumb Code    24  queue.o(.text)
    ADCDelay                                 0x08006021   Thumb Code    16  adc.o(.text)
    initADCTimer                             0x08006031   Thumb Code    38  adc.o(.text)
    VerfiyAdVaule                            0x08006057   Thumb Code   204  adc.o(.text)
    StartADC                                 0x08006123   Thumb Code    18  adc.o(.text)
    initADC                                  0x08006135   Thumb Code   200  adc.o(.text)
    restartADC                               0x080061fd   Thumb Code    12  adc.o(.text)
    ADC1_2_IRQHandler                        0x08006209   Thumb Code    82  adc.o(.text)
    ADC_TIM3_Configuration                   0x0800625b   Thumb Code   114  adc.o(.text)
    ADC_Configuration                        0x080062cd   Thumb Code   240  adc.o(.text)
    GetValue                                 0x080063bd   Thumb Code    44  adc.o(.text)
    CalcCRC1021                              0x08006425   Thumb Code    36  crc.o(.text)
    RxdCrc                                   0x08006449   Thumb Code    70  crc.o(.text)
    TxdCrc                                   0x0800648f   Thumb Code    90  crc.o(.text)
    FdyTxdCrc                                0x080064e9   Thumb Code    90  crc.o(.text)
    FdyRxdCrc                                0x08006543   Thumb Code    70  crc.o(.text)
    crcupdate                                0x08006589   Thumb Code    26  crc.o(.text)
    crcm                                     0x080065a3   Thumb Code    90  crc.o(.text)
    CalCS                                    0x080065fd   Thumb Code    26  crc.o(.text)
    ModbusCRC                                0x08006617   Thumb Code    50  crc.o(.text)
    LcdTxCRC                                 0x08006649   Thumb Code    50  crc.o(.text)
    LcdRxCRC                                 0x0800667b   Thumb Code    50  crc.o(.text)
    STM_EVAL_LEDInit                         0x080066b5   Thumb Code    54  gpio.o(.text)
    STM_EVAL_LEDToggle                       0x080066eb   Thumb Code    22  gpio.o(.text)
    ContrlGPIOOut                            0x08006701   Thumb Code    16  gpio.o(.text)
    BeepInit                                 0x08006711   Thumb Code    50  gpio.o(.text)
    WDTInit                                  0x08006743   Thumb Code    38  gpio.o(.text)
    STM_EVAL_LED_CTRL                        0x08006769   Thumb Code    20  gpio.o(.text)
    STM_EVAL_LED_OFF                         0x0800677d   Thumb Code     4  gpio.o(.text)
    STM_EVAL_LED_ON                          0x08006781   Thumb Code     4  gpio.o(.text)
    BeepON                                   0x08006785   Thumb Code     8  gpio.o(.text)
    BeepOFF                                  0x0800678d   Thumb Code     8  gpio.o(.text)
    WriteJoutputDataBit                      0x08006795   Thumb Code    54  gpio.o(.text)
    OutPutON                                 0x080067cb   Thumb Code     4  gpio.o(.text)
    OutPutOFF                                0x080067cf   Thumb Code     4  gpio.o(.text)
    LED_IO_Init                              0x080067d3   Thumb Code    26  gpio.o(.text)
    InputIoInit                              0x080067ed   Thumb Code    58  gpio.o(.text)
    Input_IO_Init                            0x08006827   Thumb Code    20  gpio.o(.text)
    JoutputIoInit                            0x0800683b   Thumb Code    58  gpio.o(.text)
    Joutput_IO_Init                          0x08006875   Thumb Code    28  gpio.o(.text)
    ResetGPIO                                0x08006891   Thumb Code     8  gpio.o(.text)
    SetGPIO                                  0x08006899   Thumb Code     8  gpio.o(.text)
    InPut_OutPut_Init                        0x080068a1   Thumb Code    36  gpio.o(.text)
    ReadInputDataBit                         0x080068c5   Thumb Code    20  gpio.o(.text)
    ToggleGPIORev                            0x080068d9   Thumb Code    12  gpio.o(.text)
    ReadInput                                0x080068e5   Thumb Code     8  gpio.o(.text)
    SysI2CInit                               0x0800692d   Thumb Code    86  i2c.o(.text)
    Write_Page_Cov                           0x08006c5d   Thumb Code   134  i2c.o(.text)
    Write_Page                               0x08006ce3   Thumb Code    78  i2c.o(.text)
    Read_Page                                0x08006d31   Thumb Code    34  i2c.o(.text)
    Eeprom_Write                             0x08006d53   Thumb Code    58  i2c.o(.text)
    Eeprom_Read_Cov                          0x08006d8d   Thumb Code   152  i2c.o(.text)
    Eeprom_Read                              0x08006e25   Thumb Code    70  i2c.o(.text)
    Eeprom_Write_I2c                         0x08006e6b   Thumb Code    42  i2c.o(.text)
    Eeprom_Read_I2c                          0x08006e95   Thumb Code    72  i2c.o(.text)
    Time_ConvUnixToCalendar                  0x08006ee1   Thumb Code    30  rtc.o(.text)
    Time_ConvCalendarToUnix                  0x08006eff   Thumb Code    24  rtc.o(.text)
    Time_GetUnixTime                         0x08006f17   Thumb Code     4  rtc.o(.text)
    Time_GetCalendarTime                     0x08006f1b   Thumb Code    38  rtc.o(.text)
    Time_SetUnixTime                         0x08006f41   Thumb Code    22  rtc.o(.text)
    Time_SetCalendarTime                     0x08006f57   Thumb Code    38  rtc.o(.text)
    RTC_Configuration                        0x08006f7d   Thumb Code    88  rtc.o(.text)
    Time_Adjust                              0x08006fd5   Thumb Code    76  rtc.o(.text)
    sysRtcHwInit                             0x08007021   Thumb Code   124  rtc.o(.text)
    GetChanHandler                           0x080070a1   Thumb Code    24  uart.o(.text)
    Uart_Open                                0x080070b9   Thumb Code    58  uart.o(.text)
    Uart_BaudSet                             0x080070f3   Thumb Code    86  uart.o(.text)
    IsUartMode                               0x08007403   Thumb Code    22  uart.o(.text)
    Uart_IOCtrl                              0x08007419   Thumb Code   388  uart.o(.text)
    Uart_Close                               0x080075a5   Thumb Code    76  uart.o(.text)
    Uart_Read                                0x080075f1   Thumb Code    60  uart.o(.text)
    Uart_Write                               0x0800762d   Thumb Code   156  uart.o(.text)
    UsartClockOperation                      0x080076c9   Thumb Code    92  uart.o(.text)
    ComRate                                  0x0800792b   Thumb Code   142  uart.o(.text)
    DeInitUsart                              0x080079b9   Thumb Code    42  uart.o(.text)
    sysSerialHwInit                          0x080079e3   Thumb Code   150  uart.o(.text)
    ComInit                                  0x08007a79   Thumb Code   122  uart.o(.text)
    GetDevChan                               0x08007af3   Thumb Code    48  uart.o(.text)
    UartDealInIRQ                            0x08007b23   Thumb Code   222  uart.o(.text)
    USART1_IRQHandler                        0x08007c01   Thumb Code    52  uart.o(.text)
    USART2_IRQHandler                        0x08007c35   Thumb Code    42  uart.o(.text)
    USART3_IRQHandler                        0x08007c5f   Thumb Code    42  uart.o(.text)
    UART4_IRQHandler                         0x08007c89   Thumb Code    42  uart.o(.text)
    UART5_IRQHandler                         0x08007cb3   Thumb Code    42  uart.o(.text)
    mktime                                   0x08007cfd   Thumb Code   142  mktime.o(.text)
    __aeabi_memcpy                           0x08007d9d   Thumb Code    36  memcpya.o(.text)
    __aeabi_memcpy4                          0x08007d9d   Thumb Code     0  memcpya.o(.text)
    __aeabi_memcpy8                          0x08007d9d   Thumb Code     0  memcpya.o(.text)
    __aeabi_memset                           0x08007dc1   Thumb Code    14  memseta.o(.text)
    __aeabi_memset4                          0x08007dc1   Thumb Code     0  memseta.o(.text)
    __aeabi_memset8                          0x08007dc1   Thumb Code     0  memseta.o(.text)
    __aeabi_memclr                           0x08007dcf   Thumb Code     4  memseta.o(.text)
    __aeabi_memclr4                          0x08007dcf   Thumb Code     0  memseta.o(.text)
    __aeabi_memclr8                          0x08007dcf   Thumb Code     0  memseta.o(.text)
    _memset$wrapper                          0x08007dd3   Thumb Code    18  memseta.o(.text)
    localtime                                0x08007de5   Thumb Code     6  localtime_w.o(.text)
    _localtime                               0x08007df1   Thumb Code   122  localtime_i.o(.text)
    __scatterload                            0x08007e71   Thumb Code    28  init.o(.text)
    __scatterload_rt2                        0x08007e71   Thumb Code     0  init.o(.text)
    __decompress                             0x08007e95   Thumb Code     0  __dczerorl2.o(.text)
    __decompress1                            0x08007e95   Thumb Code    92  __dczerorl2.o(.text)
    __scatterload_copy                       0x08007ef1   Thumb Code    14  handlers.o(i.__scatterload_copy)
    __scatterload_null                       0x08007eff   Thumb Code     2  handlers.o(i.__scatterload_null)
    __scatterload_zeroinit                   0x08007f01   Thumb Code    14  handlers.o(i.__scatterload_zeroinit)
    SSectAddrAndData                         0x08007f0e   Data         112  mbsslave.o(.constdata)
    OSUnMapTbl                               0x08007f88   Data         256  os_core.o(.constdata)
    pu16CRC1021Table                         0x08008088   Data         512  crc.o(.constdata)
    LED_GPIO_PIN                             0x08008288   Data           2  gpio.o(.constdata)
    LED_GPIO_CLK                             0x0800828c   Data           4  gpio.o(.constdata)
    INPUT_GPIO_PIN                           0x080082a0   Data          22  gpio.o(.constdata)
    INPUT_GPIO_CLK                           0x080082b8   Data          44  gpio.o(.constdata)
    JOUTPUT_GPIO_PIN                         0x080082e4   Data          42  gpio.o(.constdata)
    JOUTPUT_GPIO_CLK                         0x08008310   Data          84  gpio.o(.constdata)
    Region$$Table$$Base                      0x08008384   Number         0  anon$$obj.o(Region$$Table)
    Region$$Table$$Limit                     0x080083a4   Number         0  anon$$obj.o(Region$$Table)
    AppStartQueue                            0x2000001c   Data           4  message.o(.data)
    COM1UARTQueue                            0x20000020   Data           4  message.o(.data)
    COM2UARTQueue                            0x20000024   Data           4  message.o(.data)
    COM3UARTQueue                            0x20000028   Data           4  message.o(.data)
    LCDQueue                                 0x2000002c   Data           4  message.o(.data)
    OSIntNesting                             0x20000038   Data           1  os_core.o(.data)
    OSLockNesting                            0x20000039   Data           1  os_core.o(.data)
    OSPrioCur                                0x2000003a   Data           1  os_core.o(.data)
    OSPrioHighRdy                            0x2000003b   Data           1  os_core.o(.data)
    OSRdyGrp                                 0x2000003c   Data           1  os_core.o(.data)
    OSRunning                                0x2000003d   Data           1  os_core.o(.data)
    OSTaskCtr                                0x2000003e   Data           1  os_core.o(.data)
    OSTickStepState                          0x2000003f   Data           1  os_core.o(.data)
    OSCtxSwCtr                               0x20000040   Data           4  os_core.o(.data)
    OSEventFreeList                          0x20000044   Data           4  os_core.o(.data)
    OSRdyTbl                                 0x20000048   Data           4  os_core.o(.data)
    OSIdleCtr                                0x2000004c   Data           4  os_core.o(.data)
    OSTCBCur                                 0x20000050   Data           4  os_core.o(.data)
    OSTCBFreeList                            0x20000054   Data           4  os_core.o(.data)
    OSTCBHighRdy                             0x20000058   Data           4  os_core.o(.data)
    OSTCBList                                0x2000005c   Data           4  os_core.o(.data)
    OSTime                                   0x20000060   Data           4  os_core.o(.data)
    OSFlagFreeList                           0x20000064   Data           4  os_core.o(.data)
    OSMemFreeList                            0x20000068   Data           4  os_core.o(.data)
    OSQFreeList                              0x2000006c   Data           4  os_core.o(.data)
    OSTmrFree                                0x20000070   Data           2  os_core.o(.data)
    OSTmrUsed                                0x20000072   Data           2  os_core.o(.data)
    OSTmrTime                                0x20000074   Data           4  os_core.o(.data)
    OSTmrSem                                 0x20000078   Data           4  os_core.o(.data)
    OSTmrSemSignal                           0x2000007c   Data           4  os_core.o(.data)
    OSTmrFreeList                            0x20000080   Data           4  os_core.o(.data)
    SamppCnt                                 0x20000086   Data           2  adc.o(.data)
    crctab                                   0x2000008a   Data         512  crc.o(.data)
    LED_GPIO_PORT                            0x2000028c   Data           4  gpio.o(.data)
    INPUT_GPIO_PORT                          0x20000290   Data          44  gpio.o(.data)
    JOUTPUT_GPIO_PORT                        0x200002bc   Data          84  gpio.o(.data)
    FPRAM_Lock                               0x20000314   Data           4  i2c.o(.data)
    inttimes                                 0x20000318   Data           1  uart.o(.data)
    PowerOnForUart                           0x20000319   Data           1  uart.o(.data)
    IntVectTbl                               0x200003a8   Data         240  init.o(.bss)
    AppStartQueueTbl                         0x20000498   Data          80  message.o(.bss)
    COM1UARTQueueTbl                         0x200004e8   Data          80  message.o(.bss)
    COM2UARTQueueTbl                         0x20000538   Data          80  message.o(.bss)
    COM3UARTQueueTbl                         0x20000588   Data          80  message.o(.bss)
    MbsSlave                                 0x20002018   Data       12076  mbsslave.o(.bss)
    UartRcvCfg                               0x20004f44   Data        1340  mbsslave.o(.bss)
    JdyTest                                  0x20005480   Data          64  appstart.o(.bss)
    OSEventTbl                               0x20006dc0   Data         960  os_core.o(.bss)
    OSTaskIdleStk                            0x20007180   Data         128  os_core.o(.bss)
    OSTCBPrioTbl                             0x20007200   Data         128  os_core.o(.bss)
    OSTCBTbl                                 0x20007280   Data        1932  os_core.o(.bss)
    OSFlagTbl                                0x20007a0c   Data         140  os_core.o(.bss)
    OSMemTbl                                 0x20007a98   Data         180  os_core.o(.bss)
    OSQTbl                                   0x20007b4c   Data         480  os_core.o(.bss)
    OSTmrTbl                                 0x20007d2c   Data         832  os_core.o(.bss)
    OSTmrTaskStk                             0x2000806c   Data         128  os_core.o(.bss)
    OSTmrWheelTbl                            0x200080ec   Data          64  os_core.o(.bss)
    ADC_Data                                 0x2000812c   Data        1542  adc.o(.bss)
    AdVaule                                  0x20008732   Data         512  adc.o(.bss)
    UartHandler                              0x20008934   Data          20  uart.o(.bss)
    __initial_sp                             0x2000a668   Data           0  startup_stm32f10x_cl.o(STACK)



==============================================================================

Memory Map of the image

  Image Entry point : 0x08000151

  Load Region LR_IROM1 (Base: 0x08000000, Size: 0x0000874c, Max: 0x00080000, ABSOLUTE, COMPRESSED[0x00008610])

    Execution Region ER_IROM1 (Base: 0x08000000, Size: 0x000083a4, Max: 0x00080000, ABSOLUTE)

    Base Addr    Size         Type   Attr      Idx    E Section Name        Object

    0x08000000   0x00000150   Data   RO            3    RESET               startup_stm32f10x_cl.o
    0x08000150   0x00000000   Code   RO         1137  * .ARM.Collect$$$$00000000  mc_w.l(entry.o)
    0x08000150   0x00000004   Code   RO         1161    .ARM.Collect$$$$00000001  mc_w.l(entry2.o)
    0x08000154   0x00000004   Code   RO         1164    .ARM.Collect$$$$00000004  mc_w.l(entry5.o)
    0x08000158   0x00000000   Code   RO         1166    .ARM.Collect$$$$00000008  mc_w.l(entry7b.o)
    0x08000158   0x00000000   Code   RO         1168    .ARM.Collect$$$$0000000A  mc_w.l(entry8b.o)
    0x08000158   0x00000008   Code   RO         1169    .ARM.Collect$$$$0000000B  mc_w.l(entry9a.o)
    0x08000160   0x00000000   Code   RO         1171    .ARM.Collect$$$$0000000D  mc_w.l(entry10a.o)
    0x08000160   0x00000000   Code   RO         1173    .ARM.Collect$$$$0000000F  mc_w.l(entry11a.o)
    0x08000160   0x00000004   Code   RO         1162    .ARM.Collect$$$$00002712  mc_w.l(entry2.o)
    0x08000164   0x0000001c   Code   RO            4    .text               startup_stm32f10x_cl.o
    0x08000180   0x000000ec   Code   RO           24    .text               system_stm32f10x.o
    0x0800026c   0x0000006c   Code   RO          112    .text               stm32f10x_it.o
    0x080002d8   0x000000a8   Code   RO          280    .text               stm32f10x_pwr.o
    0x08000380   0x000002f8   Code   RO          292    .text               stm32f10x_rcc.o
    0x08000678   0x00000114   Code   RO          306    .text               stm32f10x_rtc.o
    0x0800078c   0x0000033c   Code   RO          330    .text               stm32f10x_usart.o
    0x08000ac8   0x000000b8   Code   RO          357    .text               misc.o
    0x08000b80   0x0000009c   Code   RO          369    .text               stm32f10x_bkp.o
    0x08000c1c   0x00000288   Code   RO          393    .text               stm32f10x_gpio.o
    0x08000ea4   0x000009ce   Code   RO          417    .text               stm32f10x_tim.o
    0x08001872   0x00000002   PAD
    0x08001874   0x00000390   Code   RO          429    .text               stm32f10x_adc.o
    0x08001c04   0x00000424   Code   RO          528    .text               stm32f10x_flash.o
    0x08002028   0x000001b0   Code   RO          540    .text               bsp.o
    0x080021d8   0x000001e0   Code   RO          574    .text               init.o
    0x080023b8   0x00000230   Code   RO          630    .text               message.o
    0x080025e8   0x000001f4   Code   RO          692    .text               appstart.o
    0x080027dc   0x00000100   Code   RO          723    .text               applcd.o
    0x080028dc   0x00000018   Code   RO          735    .text               appjdytest.o
    0x080028f4   0x000000dc   Code   RO          747    .text               appupdate.o
    0x080029d0   0x00000654   Code   RO          759    .text               lcdcomm.o
    0x08003024   0x0000002a   Code   RO          786    .text               cpu_a.o
    0x0800304e   0x00000002   PAD
    0x08003050   0x00000194   Code   RO          841    .text               os_time.o
    0x080031e4   0x000006c4   Code   RO          853    .text               os_tmr.o
    0x080038a8   0x0000096c   Code   RO          865    .text               os_core.o
    0x08004214   0x00000788   Code   RO          900    .text               os_flag.o
    0x0800499c   0x00000248   Code   RO          924    .text               os_mem.o
    0x08004be4   0x000005c0   Code   RO          948    .text               os_q.o
    0x080051a4   0x00000390   Code   RO          960    .text               os_sem.o
    0x08005534   0x00000780   Code   RO          972    .text               os_task.o
    0x08005cb4   0x000000a4   Code   RO          993    .text               os_cpu_a.o
    0x08005d58   0x000000f8   Code   RO          996    .text               os_cpu_c.o
    0x08005e50   0x000001ce   Code   RO         1017    .text               queue.o
    0x0800601e   0x00000002   PAD
    0x08006020   0x00000404   Code   RO         1029    .text               adc.o
    0x08006424   0x00000290   Code   RO         1051    .text               crc.o
    0x080066b4   0x00000248   Code   RO         1067    .text               gpio.o
    0x080068fc   0x000005e4   Code   RO         1086    .text               i2c.o
    0x08006ee0   0x000001c0   Code   RO         1101    .text               rtc.o
    0x080070a0   0x00000c5c   Code   RO         1115    .text               uart.o
    0x08007cfc   0x000000a0   Code   RO         1144    .text               mc_w.l(mktime.o)
    0x08007d9c   0x00000024   Code   RO         1147    .text               mc_w.l(memcpya.o)
    0x08007dc0   0x00000024   Code   RO         1149    .text               mc_w.l(memseta.o)
    0x08007de4   0x0000000c   Code   RO         1175    .text               mc_w.l(localtime_w.o)
    0x08007df0   0x00000080   Code   RO         1178    .text               mc_w.l(localtime_i.o)
    0x08007e70   0x00000024   Code   RO         1184    .text               mc_w.l(init.o)
    0x08007e94   0x0000005c   Code   RO         1194    .text               mc_w.l(__dczerorl2.o)
    0x08007ef0   0x0000000e   Code   RO         1188    i.__scatterload_copy  mc_w.l(handlers.o)
    0x08007efe   0x00000002   Code   RO         1189    i.__scatterload_null  mc_w.l(handlers.o)
    0x08007f00   0x0000000e   Code   RO         1190    i.__scatterload_zeroinit  mc_w.l(handlers.o)
    0x08007f0e   0x00000070   Data   RO          674    .constdata          mbsslave.o
    0x08007f7e   0x00000002   PAD
    0x08007f80   0x00000008   Data   RO          694    .constdata          appstart.o
    0x08007f88   0x00000100   Data   RO          873    .constdata          os_core.o
    0x08008088   0x00000200   Data   RO         1052    .constdata          crc.o
    0x08008288   0x000000dc   Data   RO         1068    .constdata          gpio.o
    0x08008364   0x00000008   Data   RO         1102    .constdata          rtc.o
    0x0800836c   0x0000000c   Data   RO         1145    .constdata          mc_w.l(mktime.o)
    0x08008378   0x0000000c   Data   RO         1179    .constdata          mc_w.l(localtime_i.o)
    0x08008384   0x00000020   Data   RO         1186    Region$$Table       anon$$obj.o


    Execution Region RW_IRAM1 (Base: 0x20000000, Size: 0x0000a668, Max: 0x00010000, ABSOLUTE, COMPRESSED[0x0000026c])

    Base Addr    Size         Type   Attr      Idx    E Section Name        Object

    0x20000000   0x00000001   Data   RW          113    .data               stm32f10x_it.o
    0x20000001   0x00000014   Data   RW          293    .data               stm32f10x_rcc.o
    0x20000015   0x00000003   PAD
    0x20000018   0x00000018   Data   RW          635    .data               message.o
    0x20000030   0x00000008   Data   RW          696    .data               appstart.o
    0x20000038   0x0000002c   Data   RW          874    .data               os_core.o
    0x20000064   0x00000004   Data   RW          875    .data               os_core.o
    0x20000068   0x00000004   Data   RW          876    .data               os_core.o
    0x2000006c   0x00000004   Data   RW          877    .data               os_core.o
    0x20000070   0x00000002   Data   RW          878    .data               os_core.o
    0x20000072   0x00000002   Data   RW          879    .data               os_core.o
    0x20000074   0x00000004   Data   RW          880    .data               os_core.o
    0x20000078   0x00000004   Data   RW          881    .data               os_core.o
    0x2000007c   0x00000004   Data   RW          882    .data               os_core.o
    0x20000080   0x00000004   Data   RW          883    .data               os_core.o
    0x20000084   0x00000002   Data   RW          997    .data               os_cpu_c.o
    0x20000086   0x00000002   Data   RW         1031    .data               adc.o
    0x20000088   0x00000202   Data   RW         1053    .data               crc.o
    0x2000028a   0x00000002   PAD
    0x2000028c   0x00000084   Data   RW         1069    .data               gpio.o
    0x20000310   0x00000008   Data   RW         1087    .data               i2c.o
    0x20000318   0x00000090   Data   RW         1120    .data               uart.o
    0x200003a8   0x000000f0   Zero   RW          575    .bss                init.o
    0x20000498   0x00001b80   Zero   RW          631    .bss                message.o
    0x20002018   0x00003468   Zero   RW          673    .bss                mbsslave.o
    0x20005480   0x00001940   Zero   RW          693    .bss                appstart.o
    0x20006dc0   0x00000c4c   Zero   RW          866    .bss                os_core.o
    0x20007a0c   0x0000008c   Zero   RW          867    .bss                os_core.o
    0x20007a98   0x000000b4   Zero   RW          868    .bss                os_core.o
    0x20007b4c   0x000001e0   Zero   RW          869    .bss                os_core.o
    0x20007d2c   0x00000340   Zero   RW          870    .bss                os_core.o
    0x2000806c   0x00000080   Zero   RW          871    .bss                os_core.o
    0x200080ec   0x00000040   Zero   RW          872    .bss                os_core.o
    0x2000812c   0x00000806   Zero   RW         1030    .bss                adc.o
    0x20008932   0x00000002   PAD
    0x20008934   0x00000014   Zero   RW         1116    .bss                uart.o
    0x20008948   0x000014f0   Zero   RW         1118    .bss                uart.o
    0x20009e38   0x0000002c   Zero   RW         1176    .bss                mc_w.l(localtime_w.o)
    0x20009e64   0x00000004   PAD
    0x20009e68   0x00000800   Zero   RW            1    STACK               startup_stm32f10x_cl.o


==============================================================================

Image component sizes


      Code (inc. data)   RO Data    RW Data    ZI Data      Debug   Object Name

      1028         60          0          2       2054       5078   adc.o
        24          4          0          0          0        434   appjdytest.o
       256          6          0          0          0       1873   applcd.o
       500         74          8          8       6464      15056   appstart.o
       220         14          0          0          0       1522   appupdate.o
       432         12          0          0          0       7744   bsp.o
         0          0          0          0          0       4212   core_cm3.o
        42          0          0          0          0        296   cpu_a.o
       656          8        512        514          0       4963   crc.o
       584         16        220        132          0       9575   gpio.o
      1508         12          0          8          0       6608   i2c.o
       480         76          0          0        240       3221   init.o
      1620         62          0          0          0       9315   lcdcomm.o
         0          0        112          0      13416      11140   mbsslave.o
       560         18          0         24       7040       3735   message.o
       184         16          0          0          0       2057   misc.o
      2412         60        256         76       4972      20706   os_core.o
       164         32          0          0          0        364   os_cpu_a.o
       248          8          0          2          0      14004   os_cpu_c.o
      1928         36          0          0          0       8228   os_flag.o
       584         14          0          0          0       3692   os_mem.o
      1472         28          0          0          0       6373   os_q.o
       912         18          0          0          0       4374   os_sem.o
      1920         66          0          0          0       7921   os_task.o
       404         26          0          0          0       2066   os_time.o
      1732        114          0          0          0       6993   os_tmr.o
       462          0          0          0          0       3299   queue.o
       448          4          8          0          0       2957   rtc.o
        28          4        336          0       2048        872   startup_stm32f10x_cl.o
       912         24          0          0          0      11865   stm32f10x_adc.o
       156          8          0          0          0       3608   stm32f10x_bkp.o
      1060         22          0          0          0       7982   stm32f10x_flash.o
       648         42          0          0          0       6293   stm32f10x_gpio.o
       108         12          0          1          0      33414   stm32f10x_it.o
       168         18          0          0          0       1975   stm32f10x_pwr.o
       760         40          0         20          0       9436   stm32f10x_rcc.o
       276          6          0          0          0       2794   stm32f10x_rtc.o
      2510         30          0          0          0      26332   stm32f10x_tim.o
       828         20          0          0          0       8635   stm32f10x_usart.o
         0          0          0          0          0       4372   sysctrl.o
       236         16          0          0          0     257001   system_stm32f10x.o
      3164        116          0        144       5380      11472   uart.o

    ----------------------------------------------------------------------
     31640       1142       1486        936      41616     553857   Object Totals
         0          0         32          0          0          0   (incl. Generated)
         6          0          2          5          2          0   (incl. Padding)

    ----------------------------------------------------------------------

      Code (inc. data)   RO Data    RW Data    ZI Data      Debug   Library Member Name

        92          0          0          0          0          0   __dczerorl2.o
         0          0          0          0          0          0   entry.o
         0          0          0          0          0          0   entry10a.o
         0          0          0          0          0          0   entry11a.o
         8          4          0          0          0          0   entry2.o
         4          0          0          0          0          0   entry5.o
         0          0          0          0          0          0   entry7b.o
         0          0          0          0          0          0   entry8b.o
         8          4          0          0          0          0   entry9a.o
        30          0          0          0          0          0   handlers.o
        36          8          0          0          0         68   init.o
       128          6         12          0          0         80   localtime_i.o
        12          6          0          0         44         68   localtime_w.o
        36          0          0          0          0         68   memcpya.o
        36          0          0          0          0        108   memseta.o
       160         18         12          0          0         80   mktime.o

    ----------------------------------------------------------------------
       550         46         24          0         48        472   Library Totals
         0          0          0          0          4          0   (incl. Padding)

    ----------------------------------------------------------------------

      Code (inc. data)   RO Data    RW Data    ZI Data      Debug   Library Name

       550         46         24          0         44        472   mc_w.l

    ----------------------------------------------------------------------
       550         46         24          0         48        472   Library Totals

    ----------------------------------------------------------------------

==============================================================================


      Code (inc. data)   RO Data    RW Data    ZI Data      Debug   

     32190       1188       1510        936      41664     549909   Grand Totals
     32190       1188       1510        620      41664     549909   ELF Image Totals (compressed)
     32190       1188       1510        620          0          0   ROM Totals

==============================================================================

    Total RO  Size (Code + RO Data)                33700 (  32.91kB)
    Total RW  Size (RW Data + ZI Data)             42600 (  41.60kB)
    Total ROM Size (Code + RO Data + RW Data)      34320 (  33.52kB)

==============================================================================

